 Container verity-commercial-final-chat-verification-run-c2f08772211a Creating 
 Container verity-commercial-final-chat-verification-run-c2f08772211a Created 
============================= test session starts ==============================
platform linux -- Python 3.12.14, pytest-9.1.1, pluggy-1.6.0
rootdir: /app
configfile: pytest.ini
plugins: anyio-4.15.1, asyncio-1.4.0, Faker-30.0.0
asyncio: mode=Mode.AUTO, debug=False, asyncio_default_fixture_loop_scope=None, asyncio_default_test_loop_scope=function
collected 315 items

tests/security/test_document_mutation_authorization.py ......            [  1%]
tests/security/test_failure_privacy.py ..                                [  2%]
tests/security/test_readonly_permissions.py ..                           [  3%]
tests/security/test_security_gate.py ...                                 [  4%]
tests/security/test_session_boundary.py ...........                      [  7%]
tests/security/test_tenant_authorization.py ..                           [  8%]
tests/security/test_upload_validation.py ....                            [  9%]
tests/security/test_zero_external_ai.py .........                        [ 12%]
tests/test_aegiswrite.py ....                                            [ 13%]
tests/test_agent.py ...............                                      [ 18%]
tests/test_agent_voice_corpus.py ..                                      [ 19%]
tests/test_api_keys.py ......                                            [ 20%]
tests/test_auth.py .........                                             [ 23%]
tests/test_authorship_consistency.py ...                                 [ 24%]
tests/test_candidate_program.py .....................                    [ 31%]
tests/test_capability_contract.py ...                                    [ 32%]
tests/test_citation_intelligence.py ..                                   [ 33%]
tests/test_detector_calibration_protocol.py ....                         [ 34%]
tests/test_detector_intelligence.py .......                              [ 36%]
tests/test_document_intelligence.py ..........                           [ 39%]
tests/test_editor_revisions.py ....                                      [ 40%]
tests/test_evidence_graph.py ....                                        [ 42%]
tests/test_evidence_report.py ...                                        [ 43%]
tests/test_failure_gate.py ......                                        [ 45%]
tests/test_governance.py ...                                             [ 46%]
tests/test_identity.py .......                                           [ 48%]
tests/test_lineage_contract.py ...................                       [ 54%]
tests/test_model_layer_hardening.py .................                    [ 59%]
tests/test_model_platform.py .........                                   [ 62%]
tests/test_observability.py ....                                         [ 63%]
tests/test_operations.py ....                                            [ 65%]
tests/test_organization_state_contract.py ..                             [ 65%]
tests/test_privacy.py .........                                          [ 68%]
tests/test_private_inference.py .......................                  [ 75%]
tests/test_provenance.py ..                                              [ 76%]
tests/test_refine_invariants.py ................                         [ 81%]
tests/test_semantic_verification.py .................                    [ 86%]
tests/test_similarity_engine.py .....                                    [ 88%]
tests/test_similarity_workflow.py .......                                [ 90%]
tests/test_storage_urls.py .                                             [ 91%]
tests/test_transaction_boundary.py ..                                    [ 91%]
tests/test_usage.py ....                                                 [ 93%]
tests/test_validation_gate.py ......                                     [ 94%]
tests/test_worker_redelivery.py ....                                     [ 96%]
tests/test_workspace_onboarding.py ............                          [100%]

======================= 315 passed in 117.47s (0:01:57) ========================
