 Volume verity-final-20260925_jaeger_data Creating 
 Volume verity-final-20260925_grafana_data Creating 
 Volume verity-final-20260925_prometheus_data Creating 
 Network verity-final-20260925_azaeron-network Creating 
 Volume verity-final-20260925_redis_data Creating 
 Volume verity-final-20260925_postgres_data Creating 
 Network verity-final-20260925_azaeron-network Creating 
 Volume verity-final-20260925_minio_data Creating 
 Volume verity-final-20260925_grafana_data Creating 
 Volume verity-final-20260925_jaeger_data Creating 
 Volume verity-final-20260925_postgres_data Creating 
 Volume verity-final-20260925_minio_data Creating 
 Volume verity-final-20260925_prometheus_data Creating 
 Volume verity-final-20260925_redis_data Creating 
 Volume verity-final-20260925_redis_data Created 
 Volume verity-final-20260925_redis_data Created 
 Volume verity-final-20260925_postgres_data Created 
 Volume verity-final-20260925_postgres_data Created 
 Volume verity-final-20260925_minio_data Created 
 Volume verity-final-20260925_minio_data Created 
 Volume verity-final-20260925_prometheus_data Created 
 Volume verity-final-20260925_prometheus_data Created 
 Volume verity-final-20260925_jaeger_data Created 
 Volume verity-final-20260925_jaeger_data Created 
 Volume verity-final-20260925_grafana_data Created 
 Volume verity-final-20260925_grafana_data Created 
 Network verity-final-20260925_azaeron-network Created 
 Network verity-final-20260925_azaeron-network Created 
 Container verity-final-20260925-jaeger-1 Creating 
 Container verity-final-20260925-prometheus-1 Creating 
 Container verity-final-20260925-mailpit-1 Creating 
 Container verity-final-20260925-redis-1 Creating 
 Container verity-final-20260925-postgres-1 Creating 
 Container verity-final-20260925-minio-1 Creating 
 Container verity-final-20260925-grafana-1 Creating 
 Container verity-final-20260925-minio-1 Created 
 Container verity-final-20260925-minio-init-1 Creating 
 Container verity-final-20260925-jaeger-1 Created 
 Container verity-final-20260925-otel-collector-1 Creating 
 Container verity-final-20260925-mailpit-1 Created 
 Container verity-final-20260925-postgres-1 Created 
 Container verity-final-20260925-migrate-1 Creating 
 Container verity-final-20260925-grafana-1 Created 
 Container verity-final-20260925-prometheus-1 Created 
 Container verity-final-20260925-redis-1 Created 
 Container verity-final-20260925-celery-beat-1 Creating 
 Container verity-final-20260925-minio-init-1 Created 
 Container verity-final-20260925-otel-collector-1 Created 
 Container verity-final-20260925-migrate-1 Created 
 Container verity-final-20260925-celery-worker-1 Creating 
 Container verity-final-20260925-celery-beat-1 Created 
 Container verity-final-20260925-backend-1 Creating 
 Container verity-final-20260925-celery-worker-1 Created 
 Container verity-final-20260925-backend-1 Created 
 Container verity-final-20260925-frontend-1 Creating 
 Container verity-final-20260925-frontend-1 Created 
 Container verity-final-20260925-prometheus-1 Starting 
 Container verity-final-20260925-grafana-1 Starting 
 Container verity-final-20260925-postgres-1 Starting 
 Container verity-final-20260925-minio-1 Starting 
 Container verity-final-20260925-redis-1 Starting 
 Container verity-final-20260925-mailpit-1 Starting 
 Container verity-final-20260925-jaeger-1 Starting 
 Container verity-final-20260925-prometheus-1 Started 
 Container verity-final-20260925-grafana-1 Started 
 Container verity-final-20260925-postgres-1 Started 
 Container verity-final-20260925-postgres-1 Waiting 
 Container verity-final-20260925-minio-1 Started 
 Container verity-final-20260925-minio-1 Waiting 
 Container verity-final-20260925-redis-1 Started 
 Container verity-final-20260925-redis-1 Waiting 
 Container verity-final-20260925-mailpit-1 Started 
 Container verity-final-20260925-jaeger-1 Started 
 Container verity-final-20260925-otel-collector-1 Starting 
 Container verity-final-20260925-otel-collector-1 Started 
 Container verity-final-20260925-postgres-1 Healthy 
 Container verity-final-20260925-migrate-1 Starting 
 Container verity-final-20260925-minio-1 Healthy 
 Container verity-final-20260925-minio-init-1 Starting 
 Container verity-final-20260925-migrate-1 Started 
 Container verity-final-20260925-minio-init-1 Started 
 Container verity-final-20260925-postgres-1 Waiting 
 Container verity-final-20260925-redis-1 Waiting 
 Container verity-final-20260925-migrate-1 Waiting 
 Container verity-final-20260925-minio-init-1 Waiting 
 Container verity-final-20260925-redis-1 Healthy 
 Container verity-final-20260925-celery-beat-1 Starting 
 Container verity-final-20260925-postgres-1 Healthy 
 Container verity-final-20260925-redis-1 Healthy 
 Container verity-final-20260925-minio-init-1 Exited 
 Container verity-final-20260925-celery-beat-1 Started 
 Container verity-final-20260925-minio-init-1 Waiting 
 Container verity-final-20260925-postgres-1 Waiting 
 Container verity-final-20260925-redis-1 Waiting 
 Container verity-final-20260925-migrate-1 Waiting 
 Container verity-final-20260925-minio-1 Waiting 
 Container verity-final-20260925-postgres-1 Healthy 
 Container verity-final-20260925-redis-1 Healthy 
 Container verity-final-20260925-minio-init-1 Exited 
 Container verity-final-20260925-minio-1 Healthy 
 Container verity-final-20260925-migrate-1 Exited 
 Container verity-final-20260925-celery-worker-1 Starting 
 Container verity-final-20260925-celery-worker-1 Started 
 Container verity-final-20260925-migrate-1 Exited 
 Container verity-final-20260925-backend-1 Starting 
 Container verity-final-20260925-backend-1 Started 
 Container verity-final-20260925-backend-1 Waiting 
 Container verity-final-20260925-backend-1 Healthy 
 Container verity-final-20260925-frontend-1 Starting 
 Container verity-final-20260925-frontend-1 Started 
 Container verity-final-20260925-frontend-1 Waiting 
 Container verity-final-20260925-postgres-1 Waiting 
 Container verity-final-20260925-otel-collector-1 Waiting 
 Container verity-final-20260925-grafana-1 Waiting 
 Container verity-final-20260925-redis-1 Waiting 
 Container verity-final-20260925-backend-1 Waiting 
 Container verity-final-20260925-prometheus-1 Waiting 
 Container verity-final-20260925-celery-worker-1 Waiting 
 Container verity-final-20260925-minio-init-1 Waiting 
 Container verity-final-20260925-jaeger-1 Waiting 
 Container verity-final-20260925-migrate-1 Waiting 
 Container verity-final-20260925-mailpit-1 Waiting 
 Container verity-final-20260925-celery-beat-1 Waiting 
 Container verity-final-20260925-minio-1 Waiting 
 Container verity-final-20260925-jaeger-1 Healthy 
 Container verity-final-20260925-celery-worker-1 Healthy 
 Container verity-final-20260925-postgres-1 Healthy 
 Container verity-final-20260925-mailpit-1 Healthy 
 Container verity-final-20260925-celery-beat-1 Healthy 
 Container verity-final-20260925-prometheus-1 Healthy 
 Container verity-final-20260925-otel-collector-1 Healthy 
 Container verity-final-20260925-redis-1 Healthy 
 Container verity-final-20260925-migrate-1 Exited 
 Container verity-final-20260925-backend-1 Healthy 
 Container verity-final-20260925-grafana-1 Healthy 
 Container verity-final-20260925-minio-1 Healthy 
 Container verity-final-20260925-minio-init-1 Exited 
 Container verity-final-20260925-frontend-1 Healthy 
