 Image azaeron-verity-r6-frontend:latest Building 
#1 [internal] load local bake definitions
#1 reading from stdin 1.66kB done
#1 DONE 0.0s

#2 [internal] load build definition from Dockerfile
#2 transferring dockerfile:
#2 transferring dockerfile: 1.05kB done
#2 DONE 0.0s

#3 [internal] load metadata for docker.io/library/node:22-alpine@sha256:b6f26b36c8ff49624cfdac716b8ea1138d606df02586a77d364bb5536a634f85
#3 DONE 14.5s

#4 [internal] load .dockerignore
#4 transferring context: 96B done
#4 DONE 0.0s

#5 [builder 1/6] FROM docker.io/library/node:22-alpine@sha256:b6f26b36c8ff49624cfdac716b8ea1138d606df02586a77d364bb5536a634f85
#5 resolve docker.io/library/node:22-alpine@sha256:b6f26b36c8ff49624cfdac716b8ea1138d606df02586a77d364bb5536a634f85 done
#5 DONE 0.0s

#6 [internal] load build context
#6 transferring context: 217.39kB 0.0s done
#6 DONE 0.0s

#7 [builder 3/6] COPY package.json package-lock.json ./
#7 CACHED

#8 [builder 2/6] WORKDIR /app
#8 CACHED

#9 [builder 4/6] RUN npm ci
#9 CACHED

#10 [builder 5/6] COPY . .
#10 DONE 0.0s

#11 [builder 6/6] RUN npm run build
#11 0.203 
#11 0.203 > azaeron-frontend@1.0.0 build
#11 0.203 > node ./node_modules/next/dist/bin/next build
#11 0.203 
#11 0.487 ▲ Next.js 16.3.3 (Turbopack)
#11 0.534 ✓ Running next.config.ts took 47ms
#11 0.540 
#11 0.554   Creating an optimized production build ...
#11 2.965 ✓ Compiled successfully in 2.3s
#11 2.970   Running TypeScript ...
#11 5.267   Finished TypeScript in 2.3s ...
#11 5.268   Collecting page data using 9 workers ...
#11 5.648   Generating static pages using 9 workers (0/23) ...
#11 5.795   Generating static pages using 9 workers (5/23) 
#11 5.855   Generating static pages using 9 workers (11/23) 
#11 5.900   Generating static pages using 9 workers (17/23) 
#11 5.907 ✓ Generating static pages using 9 workers (23/23) in 259ms
#11 5.910   Finalizing page optimization ...
#11 6.089 
#11 6.090 Route (app)
#11 6.090 ┌ ○ /
#11 6.090 ├ ○ /_not-found
#11 6.090 ├ ○ /admin
#11 6.090 ├ ○ /authorship
#11 6.090 ├ ○ /check
#11 6.090 ├ ○ /citations
#11 6.090 ├ ○ /dashboard
#11 6.090 ├ ○ /documents
#11 6.090 ├ ƒ /documents/[id]
#11 6.090 ├ ○ /evidence-graph
#11 6.090 ├ ○ /forgot-password
#11 6.090 ├ ○ /login
#11 6.090 ├ ○ /onboarding
#11 6.090 ├ ○ /provenance
#11 6.090 ├ ○ /register
#11 6.090 ├ ○ /reports
#11 6.090 ├ ○ /reset-password
#11 6.090 ├ ○ /settings
#11 6.090 ├ ○ /similarity
#11 6.090 ├ ○ /sources
#11 6.090 ├ ○ /upload
#11 6.090 ├ ○ /verify-email
#11 6.090 └ ○ /write
#11 6.090 
#11 6.090 
#11 6.090 ○  (Static)   prerendered as static content
#11 6.090 ƒ  (Dynamic)  server-rendered on demand
#11 6.090 
#11 DONE 6.2s

#12 [runner 3/6] RUN rm -rf /usr/local/lib/node_modules/npm /opt/yarn-*     && rm -f /usr/local/bin/npm /usr/local/bin/npx /usr/local/bin/yarn /usr/local/bin/yarnpkg
#12 CACHED

#13 [runner 4/6] COPY --from=builder --chown=node:node /app/.next/standalone ./
#13 DONE 0.2s

#14 [runner 5/6] COPY --from=builder --chown=node:node /app/.next/static ./.next/static
#14 DONE 0.0s

#15 [runner 6/6] COPY --from=builder --chown=node:node /app/public ./public
#15 DONE 0.0s

#16 exporting to image
#16 exporting layers
#16 exporting layers 0.8s done
#16 exporting manifest sha256:92a9e34e11bbcb1458ccfa4c240a5173370eb6385b6bd167c1a8f8314a9da610 done
#16 exporting config sha256:f656cdd70b514ab2d60082ce76e2a89c57c592f3e0f68aa2999228ad6bbab351 done
#16 exporting attestation manifest sha256:0f0bf7784f0dc96083ebaf6c4b125b9e02746a34dced752ef4e1b9b6f1b791a2 done
#16 exporting manifest list sha256:3e06b36186bb121b4a647eb22dd54f780488e3bfaed81818b423a91e9534f6aa done
#16 naming to docker.io/library/azaeron-verity-r6-frontend:latest done
#16 unpacking to docker.io/library/azaeron-verity-r6-frontend:latest
#16 unpacking to docker.io/library/azaeron-verity-r6-frontend:latest 0.2s done
#16 DONE 1.1s

#17 resolving provenance for metadata file
#17 DONE 0.0s
 Image azaeron-verity-r6-frontend:latest Built 
