 Image azaeron-verity-r6-frontend:latest Building 
#1 [internal] load local bake definitions
#1 reading from stdin 1.66kB done
#1 DONE 0.0s

#2 [internal] load build definition from Dockerfile
#2 transferring dockerfile: 1.05kB done
#2 DONE 0.0s

#3 [internal] load metadata for docker.io/library/node:22-alpine@sha256:b6f26b36c8ff49624cfdac716b8ea1138d606df02586a77d364bb5536a634f85
#3 DONE 0.0s

#4 [internal] load .dockerignore
#4 transferring context: 96B done
#4 DONE 0.0s

#5 [builder 1/6] FROM docker.io/library/node:22-alpine@sha256:b6f26b36c8ff49624cfdac716b8ea1138d606df02586a77d364bb5536a634f85
#5 resolve docker.io/library/node:22-alpine@sha256:b6f26b36c8ff49624cfdac716b8ea1138d606df02586a77d364bb5536a634f85 done
#5 DONE 0.0s

#6 [internal] load build context
#6 transferring context: 166.62kB done
#6 DONE 0.0s

#7 [builder 3/6] COPY package.json package-lock.json ./
#7 CACHED

#8 [builder 2/6] WORKDIR /app
#8 CACHED

#9 [builder 4/6] RUN npm ci
#9 CACHED

#10 [builder 5/6] COPY . .
#10 DONE 0.0s

#11 [builder 6/6] RUN npm run build
#11 0.119 
#11 0.119 > azaeron-frontend@1.0.0 build
#11 0.119 > node ./node_modules/next/dist/bin/next build
#11 0.119 
#11 0.281 ▲ Next.js 16.3.3 (Turbopack)
#11 0.299 ✓ Running next.config.ts took 18ms
#11 0.307 
#11 0.324   Creating an optimized production build ...
#11 2.719 ✓ Compiled successfully in 2.3s
#11 2.725   Running TypeScript ...
#11 5.003   Finished TypeScript in 2.3s ...
#11 5.004   Collecting page data using 9 workers ...
#11 5.392   Generating static pages using 9 workers (0/23) ...
#11 5.541   Generating static pages using 9 workers (5/23) 
#11 5.603   Generating static pages using 9 workers (11/23) 
#11 5.648   Generating static pages using 9 workers (17/23) 
#11 5.654 ✓ Generating static pages using 9 workers (23/23) in 263ms
#11 5.657   Finalizing page optimization ...
#11 5.838 
#11 5.839 Route (app)
#11 5.839 ┌ ○ /
#11 5.839 ├ ○ /_not-found
#11 5.839 ├ ○ /admin
#11 5.839 ├ ○ /authorship
#11 5.839 ├ ○ /check
#11 5.839 ├ ○ /citations
#11 5.839 ├ ○ /dashboard
#11 5.839 ├ ○ /documents
#11 5.839 ├ ƒ /documents/[id]
#11 5.839 ├ ○ /evidence-graph
#11 5.839 ├ ○ /forgot-password
#11 5.839 ├ ○ /login
#11 5.839 ├ ○ /onboarding
#11 5.839 ├ ○ /provenance
#11 5.839 ├ ○ /register
#11 5.839 ├ ○ /reports
#11 5.839 ├ ○ /reset-password
#11 5.839 ├ ○ /settings
#11 5.839 ├ ○ /similarity
#11 5.839 ├ ○ /sources
#11 5.839 ├ ○ /upload
#11 5.839 ├ ○ /verify-email
#11 5.839 └ ○ /write
#11 5.839 
#11 5.839 
#11 5.840 ○  (Static)   prerendered as static content
#11 5.840 ƒ  (Dynamic)  server-rendered on demand
#11 5.840 
#11 DONE 5.9s

#12 [runner 3/6] RUN rm -rf /usr/local/lib/node_modules/npm /opt/yarn-*     && rm -f /usr/local/bin/npm /usr/local/bin/npx /usr/local/bin/yarn /usr/local/bin/yarnpkg
#12 CACHED

#13 [runner 4/6] COPY --from=builder --chown=node:node /app/.next/standalone ./
#13 DONE 0.2s

#14 [runner 5/6] COPY --from=builder --chown=node:node /app/.next/static ./.next/static
#14 DONE 0.0s

#15 [runner 6/6] COPY --from=builder --chown=node:node /app/public ./public
#15 DONE 0.0s

#16 exporting to image
#16 exporting layers
#16 exporting layers 0.8s done
#16 exporting manifest sha256:a59599435cdc9a76e9ce7246689e63d7012585acd5365659497dc3f6abb6e4ed done
#16 exporting config sha256:930d19eef89f6e6b281ce657bb4bf8d018613c3d5489d69f1a7900ec317d59e0 done
#16 exporting attestation manifest sha256:fc35ca0c5a67b604e7a50b32d90ae3d74fb8fde24c66a36e1012560812cb93ab done
#16 exporting manifest list sha256:2aded0e8986b10c8ba20cd4ad32d1362e714259f1095f79eda7025ec85f69578 done
#16 naming to docker.io/library/azaeron-verity-r6-frontend:latest done
#16 unpacking to docker.io/library/azaeron-verity-r6-frontend:latest
#16 unpacking to docker.io/library/azaeron-verity-r6-frontend:latest 0.2s done
#16 DONE 1.1s

#17 resolving provenance for metadata file
#17 DONE 0.0s
 Image azaeron-verity-r6-frontend:latest Built 
