 Image azaeron-verity-r6-frontend:latest Building 
#1 [internal] load local bake definitions
#1 reading from stdin 1.66kB done
#1 DONE 0.0s

#2 [internal] load build definition from Dockerfile
#2 transferring dockerfile: 1.05kB done
#2 DONE 0.0s

#3 [internal] load metadata for docker.io/library/node:22-alpine@sha256:b6f26b36c8ff49624cfdac716b8ea1138d606df02586a77d364bb5536a634f85
#3 DONE 0.0s

#4 [internal] load .dockerignore
#4 transferring context: 96B done
#4 DONE 0.0s

#5 [builder 1/6] FROM docker.io/library/node:22-alpine@sha256:b6f26b36c8ff49624cfdac716b8ea1138d606df02586a77d364bb5536a634f85
#5 resolve docker.io/library/node:22-alpine@sha256:b6f26b36c8ff49624cfdac716b8ea1138d606df02586a77d364bb5536a634f85 done
#5 DONE 0.0s

#6 [internal] load build context
#6 transferring context: 8.02kB done
#6 DONE 0.0s

#7 [builder 2/6] WORKDIR /app
#7 CACHED

#8 [builder 3/6] COPY package.json package-lock.json ./
#8 CACHED

#9 [builder 4/6] RUN npm ci
#9 CACHED

#10 [builder 5/6] COPY . .
#10 DONE 0.0s

#11 [builder 6/6] RUN npm run build
#11 0.120 
#11 0.120 > azaeron-frontend@1.0.0 build
#11 0.120 > node ./node_modules/next/dist/bin/next build
#11 0.120 
#11 0.286 ▲ Next.js 16.3.3 (Turbopack)
#11 0.305 ✓ Running next.config.ts took 19ms
#11 0.316 
#11 0.331   Creating an optimized production build ...
#11 2.945 ✓ Compiled successfully in 2.5s
#11 2.952   Running TypeScript ...
#11 5.385   Finished TypeScript in 2.4s ...
#11 5.387   Collecting page data using 9 workers ...
#11 5.763   Generating static pages using 9 workers (0/23) ...
#11 5.930   Generating static pages using 9 workers (5/23) 
#11 6.000   Generating static pages using 9 workers (11/23) 
#11 6.054   Generating static pages using 9 workers (17/23) 
#11 6.066 ✓ Generating static pages using 9 workers (23/23) in 303ms
#11 6.070   Finalizing page optimization ...
#11 6.276 
#11 6.277 Route (app)
#11 6.277 ┌ ○ /
#11 6.277 ├ ○ /_not-found
#11 6.277 ├ ○ /admin
#11 6.277 ├ ○ /authorship
#11 6.277 ├ ○ /check
#11 6.277 ├ ○ /citations
#11 6.277 ├ ○ /dashboard
#11 6.277 ├ ○ /documents
#11 6.277 ├ ƒ /documents/[id]
#11 6.277 ├ ○ /evidence-graph
#11 6.277 ├ ○ /forgot-password
#11 6.277 ├ ○ /login
#11 6.277 ├ ○ /onboarding
#11 6.277 ├ ○ /provenance
#11 6.277 ├ ○ /register
#11 6.277 ├ ○ /reports
#11 6.277 ├ ○ /reset-password
#11 6.277 ├ ○ /settings
#11 6.277 ├ ○ /similarity
#11 6.277 ├ ○ /sources
#11 6.277 ├ ○ /upload
#11 6.277 ├ ○ /verify-email
#11 6.277 └ ○ /write
#11 6.277 
#11 6.277 
#11 6.277 ○  (Static)   prerendered as static content
#11 6.277 ƒ  (Dynamic)  server-rendered on demand
#11 6.277 
#11 DONE 6.3s

#12 [runner 3/6] RUN rm -rf /usr/local/lib/node_modules/npm /opt/yarn-*     && rm -f /usr/local/bin/npm /usr/local/bin/npx /usr/local/bin/yarn /usr/local/bin/yarnpkg
#12 CACHED

#13 [runner 4/6] COPY --from=builder --chown=node:node /app/.next/standalone ./
#13 DONE 0.2s

#14 [runner 5/6] COPY --from=builder --chown=node:node /app/.next/static ./.next/static
#14 DONE 0.0s

#15 [runner 6/6] COPY --from=builder --chown=node:node /app/public ./public
#15 DONE 0.0s

#16 exporting to image
#16 exporting layers
#16 exporting layers 0.8s done
#16 exporting manifest sha256:4307e4a026c1b4df501192b12e9a7a12255c0b667c985cb76fe6c23c8c7e85a2 done
#16 exporting config sha256:01df9cec469785adb183ed9a4f3fdb7378e8d49444b1de5b6e1835752fc4c668 done
#16 exporting attestation manifest sha256:583d27067deff69f8e33efd2c3d9f649fd81a6fdc45268f7e1e772568c6ef596 done
#16 exporting manifest list sha256:c3e2131e770b991580c51ba4f4f270ba7ecf3c10dee4bce49f76de1abd0c1928 done
#16 naming to docker.io/library/azaeron-verity-r6-frontend:latest done
#16 unpacking to docker.io/library/azaeron-verity-r6-frontend:latest
#16 unpacking to docker.io/library/azaeron-verity-r6-frontend:latest 0.2s done
#16 DONE 1.1s

#17 resolving provenance for metadata file
#17 DONE 0.0s
 Image azaeron-verity-r6-frontend:latest Built 
