
> azaeron-frontend@1.0.0 test
> playwright test --workers=1


Running 29 tests using 1 worker

(node:51134) Warning: The 'NO_COLOR' env is ignored due to the 'FORCE_COLOR' env being set.
(Use `node --trace-warnings ...` to show where the warning was created)


[1/29] [chromium] › tests/accessibility-live.spec.ts:14:5 › keyboard login and refinement; critical pages have no automated WCAG AA violations
  1) [chromium] › tests/accessibility-live.spec.ts:14:5 › keyboard login and refinement; critical pages have no automated WCAG AA violations 

    Error: expect(locator).toBeVisible() failed

    Locator: getByRole('heading', { level: 1 })
    Expected: visible
    Timeout: 5000ms
    Error: element(s) not found

    Call log:
      - Expect "toBeVisible" with timeout 5000ms
      - waiting for getByRole('heading', { level: 1 })


      59 |   for (const route of ["/check", "/documents", `/write?document=${document.id}`]) {
      60 |     await page.goto(route);
    > 61 |     await expect(page.getByRole("heading", { level: 1 })).toBeVisible();
         |                                                           ^
      62 |     if (route.startsWith("/write")) {
      63 |       await tabTo(page, 'textarea[aria-label="Draft text"]');
      64 |       await page.keyboard.press("ControlOrMeta+A");
        at /Users/ajmiraribam/Projects/azaeron_verity/frontend/tests/accessibility-live.spec.ts:61:59

    Error Context: test-results/accessibility-live-keyboar-14205-utomated-WCAG-AA-violations-chromium/error-context.md


(node:51232) Warning: The 'NO_COLOR' env is ignored due to the 'FORCE_COLOR' env being set.
(Use `node --trace-warnings ...` to show where the warning was created)


[2/29] [chromium] › tests/accessibility-review.spec.ts:15:5 › critical navigation stays operable at narrow widths and restores focus
  2) [chromium] › tests/accessibility-review.spec.ts:15:5 › critical navigation stays operable at narrow widths and restores focus 

    Error: expect(locator).toBeVisible() failed

    Locator: getByRole('main')
    Expected: visible
    Timeout: 5000ms
    Error: element(s) not found

    Call log:
      - Expect "toBeVisible" with timeout 5000ms
      - waiting for getByRole('main')


      40 |     for (const route of ["/dashboard", "/ai", "/humaniser", "/detector", "/plagiarism", "/write", "/history", "/settings?tab=security", "/documents"]) {
      41 |       await page.goto(route);
    > 42 |       await expect(page.getByRole("main")).toBeVisible();
         |                                            ^
      43 |       await expect(page.getByRole("heading", { level: 1 })).toBeVisible();
      44 |       if (route.includes("security")) {
      45 |         await expect(page.getByRole("heading", { name: "Workspace API keys" })).toBeVisible();
        at /Users/ajmiraribam/Projects/azaeron_verity/frontend/tests/accessibility-review.spec.ts:42:44

    Error Context: test-results/accessibility-review-criti-e2b75-w-widths-and-restores-focus-chromium/error-context.md


(node:51306) Warning: The 'NO_COLOR' env is ignored due to the 'FORCE_COLOR' env being set.
(Use `node --trace-warnings ...` to show where the warning was created)


[3/29] [chromium] › tests/agent-live.spec.ts:5:5 › private agent: durable prompts, SSE unavailable state, edit, search, rename and deletion
  3) [chromium] › tests/agent-live.spec.ts:5:5 › private agent: durable prompts, SSE unavailable state, edit, search, rename and deletion 

    Error: expect(locator).toContainText(expected) failed

    Locator: getByRole('navigation', { name: 'Conversation history' })
    Expected substring: "Reviewed research conversation"
    Received string:    ""
    Timeout: 5000ms

    Call log:
      - Expect "toContainText" with timeout 5000ms
      - waiting for getByRole('navigation', { name: 'Conversation history' })
        5 × locator resolved to <nav aria-label="Conversation history" class="max-h-96 mt-3 space-y-1 overflow-auto">…</nav>
          - unexpected value "My private writing question <script>alert('never execute')</script>"
        9 × locator resolved to <nav aria-label="Conversation history" class="max-h-96 mt-3 space-y-1 overflow-auto"></nav>
          - unexpected value ""


      36 |   await page.getByRole("button", { name: "Rename", exact: true }).click();
      37 |   await page.getByRole("textbox", { name: "Search conversations" }).fill("Reviewed research");
    > 38 |   await expect(page.getByRole("navigation", { name: "Conversation history" })).toContainText("Reviewed research conversation");
         |                                                                                ^
      39 |   await page.getByText("Trust Drawer", { exact: true }).click();
      40 |   await expect(page.getByText("Only executed tools and recorded model evidence appear here.")).toBeVisible();
      41 |   page.once("dialog", (dialog) => dialog.accept());
        at /Users/ajmiraribam/Projects/azaeron_verity/frontend/tests/agent-live.spec.ts:38:80

    Error Context: test-results/agent-live-private-agent-d-859bc--search-rename-and-deletion-chromium/error-context.md


(node:51442) Warning: The 'NO_COLOR' env is ignored due to the 'FORCE_COLOR' env being set.
(Use `node --trace-warnings ...` to show where the warning was created)


[4/29] [chromium] › tests/agent-live.spec.ts:47:5 › agent document tool: pasted intake, grounded read, abstaining detection, no implicit revision
[5/29] [chromium] › tests/api-keys.spec.ts:4:5 › API keys show the secret once, rotate, revoke, and avoid browser storage
[6/29] [chromium] › tests/editor-live.spec.ts:5:5 › editor: selective acceptance, reload, restore, offline recovery and lost-response retry
[7/29] [chromium] › tests/editor-live.spec.ts:118:5 › editor: undo, redo, debounced autosave, rename and archive
[8/29] [chromium] › tests/error-boundary.spec.ts:3:5 › render errors have a focused recovery boundary and send only closed metadata
[9/29] [chromium] › tests/identity-live.spec.ts:19:5 › real SMTP verification, MFA recovery login, password reset and device revocation
[10/29] [chromium] › tests/observability-live.spec.ts:7:5 › browser upload correlates API, database, storage and worker without customer text
[chromium] › tests/observability-live.spec.ts:7:5 › browser upload correlates API, database, storage and worker without customer text
Live authentication respected Retry-After: 60s

[11/29] [chromium] › tests/onboarding.spec.ts:55:5 › an expired access cookie refreshes with a valid request body and restores the workspace
[12/29] [chromium] › tests/onboarding.spec.ts:64:7 › onboarding gives student the server-provided starting workflow
[13/29] [chromium] › tests/onboarding.spec.ts:64:7 › onboarding gives teacher the server-provided starting workflow
[14/29] [chromium] › tests/onboarding.spec.ts:64:7 › onboarding gives professor the server-provided starting workflow
[15/29] [chromium] › tests/onboarding.spec.ts:64:7 › onboarding gives researcher the server-provided starting workflow
[16/29] [chromium] › tests/onboarding.spec.ts:64:7 › onboarding gives reviewer the server-provided starting workflow
[17/29] [chromium] › tests/onboarding.spec.ts:64:7 › onboarding gives institution the server-provided starting workflow
[18/29] [chromium] › tests/onboarding.spec.ts:77:5 › a document workflow offers workspace creation inline
[19/29] [chromium] › tests/onboarding.spec.ts:87:5 › revoked recent membership falls back only after server validation
[20/29] [chromium] › tests/onboarding.spec.ts:96:5 › failed switching hides tenant data and offers a working retry
[21/29] [chromium] › tests/onboarding.spec.ts:112:5 › cached workspace IDs cannot override the server's active membership
[22/29] [chromium] › tests/onboarding.spec.ts:120:5 › focused workspace navigation exposes five products and honest empty states
[23/29] [chromium] › tests/privacy.spec.ts:4:5 › privacy form requires explicit confirmation and keeps its receipt out of persistent storage
[24/29] [chromium] › tests/usage.spec.ts:4:5 › workspace usage shows authoritative totals and handles unavailable refresh
[25/29] [chromium] › tests/workspace.spec.ts:3:5 › public workspace keeps analysis evidence-based and editorial work authenticated
[26/29] [chromium] › tests/workspace.spec.ts:13:5 › public navigation remains usable on a narrow viewport
(node:51694) Warning: The 'NO_COLOR' env is ignored due to the 'FORCE_COLOR' env being set.
(Use `node --trace-warnings ...` to show where the warning was created)


[27/29] [chromium] › tests/document-intelligence-live.spec.ts:7:5 › document core: upload, analyze and switch immutable versions across existing views
[28/29] [chromium] › tests/onboarding-live.spec.ts:5:5 › live signup, personal workspace, upload, refresh and persistent switching
[29/29] [chromium] › tests/similarity-live.spec.ts:8:5 › similarity: real corpus, evidence, exclusions, pagination and immutable versions
  4) [chromium] › tests/similarity-live.spec.ts:8:5 › similarity: real corpus, evidence, exclusions, pagination and immutable versions 

    Test timeout of 180000ms exceeded.

    Error: locator.selectOption: Test timeout of 180000ms exceeded.
    Call log:
      - waiting for getByLabel('Resolution', { exact: true })


       99 |   await page.getByRole("button", { name: /^Inspect match/ }).first().click();
      100 |   await page.getByText("Resolve match", { exact: true }).click();
    > 101 |   await page.getByLabel("Resolution", { exact: true }).selectOption("quote_and_cite");
          |                                                        ^
      102 |   await page.getByLabel("Source citation", { exact: true }).fill("(Workspace source, reviewed fixture)");
      103 |   await page.getByLabel("Reason for this resolution").fill("This passage is a direct quotation; retain its source attribution.");
      104 |   await page.getByRole("button", { name: "Prepare resolution for review" }).click();
        at /Users/ajmiraribam/Projects/azaeron_verity/frontend/tests/similarity-live.spec.ts:101:56

    attachment #1: video (video/webm) ──────────────────────────────────────────────────────────────
    test-results/similarity-live-similarity-b6b12-tion-and-immutable-versions-chromium/video.webm
    ────────────────────────────────────────────────────────────────────────────────────────────────

    Error Context: test-results/similarity-live-similarity-b6b12-tion-and-immutable-versions-chromium/error-context.md

    attachment #3: trace (application/zip) ─────────────────────────────────────────────────────────
    test-results/similarity-live-similarity-b6b12-tion-and-immutable-versions-chromium/trace.zip
    Usage:

        npx playwright show-trace test-results/similarity-live-similarity-b6b12-tion-and-immutable-versions-chromium/trace.zip

    ────────────────────────────────────────────────────────────────────────────────────────────────


  4 failed
    [chromium] › tests/accessibility-live.spec.ts:14:5 › keyboard login and refinement; critical pages have no automated WCAG AA violations 
    [chromium] › tests/accessibility-review.spec.ts:15:5 › critical navigation stays operable at narrow widths and restores focus 
    [chromium] › tests/agent-live.spec.ts:5:5 › private agent: durable prompts, SSE unavailable state, edit, search, rename and deletion 
    [chromium] › tests/similarity-live.spec.ts:8:5 › similarity: real corpus, evidence, exclusions, pagination and immutable versions 
  25 passed (10.0m)
