gcr.io/distroless/base-debian13@sha256:0896741ba5bafd3ac87ea025a5f578952f2d238ddc3614cb368acc983a687aa2: Pulling from distroless/base-debian13
218cf840d0d9: Pulling fs layer
f6069939f718: Pulling fs layer
8072b5a0f795: Pulling fs layer
d6b1b89eccac: Pulling fs layer
c172f21841df: Pulling fs layer
401d177fd1e8: Pulling fs layer
7c12895b777b: Pulling fs layer
3214acf345c0: Pulling fs layer
ebddc55facdc: Pulling fs layer
dd64bf2dd177: Pulling fs layer
2780920e5dbf: Pulling fs layer
52630fc75a18: Pulling fs layer
d858c35c6c86: Pulling fs layer
6ed1ef0cb115: Pulling fs layer
b839dfae01f6: Pulling fs layer
52b2cf548ae5: Pulling fs layer
2ee8cec66b40: Pulling fs layer
d6b1b89eccac: Download complete
c172f21841df: Download complete
f6069939f718: Download complete
3214acf345c0: Download complete
8072b5a0f795: Download complete
401d177fd1e8: Download complete
401d177fd1e8: Pull complete
c172f21841df: Pull complete
ebddc55facdc: Download complete
7c12895b777b: Download complete
218cf840d0d9: Download complete
218cf840d0d9: Pull complete
dd64bf2dd177: Download complete
d6b1b89eccac: Pull complete
f6069939f718: Pull complete
52630fc75a18: Download complete
2780920e5dbf: Download complete
3214acf345c0: Pull complete
7c12895b777b: Pull complete
dd64bf2dd177: Pull complete
52630fc75a18: Pull complete
2780920e5dbf: Pull complete
b839dfae01f6: Download complete
ebddc55facdc: Pull complete
b839dfae01f6: Pull complete
d858c35c6c86: Download complete
6ed1ef0cb115: Download complete
6ed1ef0cb115: Pull complete
52b2cf548ae5: Download complete
2ee8cec66b40: Download complete
2ee8cec66b40: Pull complete
8072b5a0f795: Pull complete
d858c35c6c86: Pull complete
52b2cf548ae5: Pull complete
Digest: sha256:0896741ba5bafd3ac87ea025a5f578952f2d238ddc3614cb368acc983a687aa2
Status: Downloaded newer image for gcr.io/distroless/base-debian13@sha256:0896741ba5bafd3ac87ea025a5f578952f2d238ddc3614cb368acc983a687aa2
gcr.io/distroless/base-debian13:nonroot@sha256:0896741ba5bafd3ac87ea025a5f578952f2d238ddc3614cb368acc983a687aa2
