#0 building with "desktop-linux" instance using docker driver

#1 [runtime-base 1/4] FROM docker.io/library/python:3.12-slim-trixie@sha256:2f17fc044b579bab302c2e8054d3a686e2cb9a83de48e70534b94cd8ebbe06a9
#1 resolve docker.io/library/python:3.12-slim-trixie@sha256:2f17fc044b579bab302c2e8054d3a686e2cb9a83de48e70534b94cd8ebbe06a9 0.0s done
#1 DONE 0.0s

#2 [runtime-base 2/4] WORKDIR /app
#2 CACHED

#3 [internal] load build definition from Dockerfile
#3 transferring dockerfile: 1.49kB done
#3 DONE 0.0s

#4 [internal] load metadata for docker.io/library/python:3.12-slim-trixie@sha256:2f17fc044b579bab302c2e8054d3a686e2cb9a83de48e70534b94cd8ebbe06a9
#4 DONE 0.0s

#5 [internal] load .dockerignore
#5 transferring context: 105B done
#5 DONE 0.0s

#6 [internal] load build context
#6 transferring context: 92.94MB 1.6s done
#6 DONE 1.6s

#7 [runtime-base 3/4] COPY requirements.lock ./
#7 DONE 0.1s

#8 [runtime-base 4/4] RUN pip install --no-cache-dir --only-binary=:all: --require-hashes -r requirements.lock     && useradd --create-home --uid 1000 azaeron
#8 1.731 Collecting alembic==1.14.0 (from -r requirements.lock (line 3))
#8 1.923   Downloading alembic-1.14.0-py3-none-any.whl (233 kB)
#8 1.960 Collecting amqp==5.4.0 (from -r requirements.lock (line 7))
#8 1.967   Downloading amqp-5.4.0-py3-none-any.whl (51 kB)
#8 1.978 Collecting annotated-doc==0.0.5 (from -r requirements.lock (line 11))
#8 1.987   Downloading annotated_doc-0.0.5-py3-none-any.whl (5.3 kB)
#8 1.996 Collecting annotated-types==0.8.0 (from -r requirements.lock (line 15))
#8 2.004   Downloading annotated_types-0.8.0-py3-none-any.whl (13 kB)
#8 2.015 Collecting anyio==4.15.1 (from -r requirements.lock (line 19))
#8 2.021   Downloading anyio-4.15.1-py3-none-any.whl (132 kB)
#8 2.037 Collecting argon2-cffi==25.1.0 (from -r requirements.lock (line 26))
#8 2.044   Downloading argon2_cffi-25.1.0-py3-none-any.whl (14 kB)
#8 2.055 Collecting argon2-cffi-bindings==26.1.0 (from -r requirements.lock (line 30))
#8 2.062   Downloading argon2_cffi_bindings-26.1.0-cp310-abi3-manylinux_2_26_aarch64.manylinux_2_28_aarch64.whl (27 kB)
#8 2.074 Collecting asgiref==3.12.1 (from -r requirements.lock (line 73))
#8 2.081   Downloading asgiref-3.12.1-py3-none-any.whl (25 kB)
#8 2.111 Collecting asyncpg==0.30.0 (from -r requirements.lock (line 77))
#8 2.119   Downloading asyncpg-0.30.0-cp312-cp312-manylinux_2_17_aarch64.manylinux2014_aarch64.whl (3.5 MB)
#8 2.202      ━━━━━━━━━━━━━━━━━━━━━━━━━━━━━━━━━━━━━━━━ 3.5/3.5 MB 42.7 MB/s eta 0:00:00
#8 2.226 Collecting bcrypt==4.0.1 (from -r requirements.lock (line 128))
#8 2.233   Downloading bcrypt-4.0.1-cp36-abi3-manylinux_2_28_aarch64.whl (583 kB)
#8 2.248      ━━━━━━━━━━━━━━━━━━━━━━━━━━━━━━━━━━━━━━ 583.6/583.6 kB 60.2 MB/s eta 0:00:00
#8 2.259 Collecting beautifulsoup4==4.12.3 (from -r requirements.lock (line 151))
#8 2.265   Downloading beautifulsoup4-4.12.3-py3-none-any.whl (147 kB)
#8 2.282 Collecting billiard==4.3.0 (from -r requirements.lock (line 155))
#8 2.289   Downloading billiard-4.3.0-py3-none-any.whl (88 kB)
#8 2.304 Collecting celery==5.4.0 (from -r requirements.lock (line 159))
#8 2.325   Downloading celery-5.4.0-py3-none-any.whl (425 kB)
#8 2.354 Collecting certifi==2026.7.22 (from -r requirements.lock (line 163))
#8 2.360   Downloading certifi-2026.7.22-py3-none-any.whl (136 kB)
#8 2.432 Collecting cffi==2.1.1 (from -r requirements.lock (line 170))
#8 2.439   Downloading cffi-2.1.1-cp312-cp312-manylinux2014_aarch64.manylinux_2_17_aarch64.whl (222 kB)
#8 2.490 Collecting charset-normalizer==3.5.1 (from -r requirements.lock (line 274))
#8 2.502   Downloading charset_normalizer-3.5.1-cp312-cp312-manylinux2014_aarch64.manylinux_2_17_aarch64.manylinux_2_28_aarch64.whl (238 kB)
#8 2.519 Collecting click==8.5.0 (from -r requirements.lock (line 448))
#8 2.525   Downloading click-8.5.0-py3-none-any.whl (125 kB)
#8 2.815 Collecting click-didyoumean==0.3.1 (from -r requirements.lock (line 457))
#8 2.825   Downloading click_didyoumean-0.3.1-py3-none-any.whl (3.6 kB)
#8 2.839 Collecting click-plugins==1.1.1.2 (from -r requirements.lock (line 461))
#8 2.849   Downloading click_plugins-1.1.1.2-py2.py3-none-any.whl (11 kB)
#8 2.864 Collecting click-repl==0.4.0 (from -r requirements.lock (line 465))
#8 2.874   Downloading click_repl-0.4.0-py3-none-any.whl (14 kB)
#8 2.962 Collecting cryptography==50.0.1 (from -r requirements.lock (line 469))
#8 2.971   Downloading cryptography-50.0.1-cp311-abi3-manylinux_2_34_aarch64.whl (4.7 MB)
#8 3.071      ━━━━━━━━━━━━━━━━━━━━━━━━━━━━━━━━━━━━━━━━ 4.7/4.7 MB 49.9 MB/s eta 0:00:00
#8 3.083 Collecting deprecated==1.3.1 (from -r requirements.lock (line 519))
#8 3.091   Downloading deprecated-1.3.1-py2.py3-none-any.whl (11 kB)
#8 3.100 Collecting dnspython==2.8.0 (from -r requirements.lock (line 526))
#8 3.106   Downloading dnspython-2.8.0-py3-none-any.whl (331 kB)
#8 3.125 Collecting email-validator==2.2.0 (from -r requirements.lock (line 530))
#8 3.131   Downloading email_validator-2.2.0-py3-none-any.whl (33 kB)
#8 3.152 Collecting fastapi==0.141.1 (from -r requirements.lock (line 534))
#8 3.158   Downloading fastapi-0.141.1-py3-none-any.whl (131 kB)
#8 3.175 Collecting googleapis-common-protos==1.75.0 (from -r requirements.lock (line 538))
#8 3.182   Downloading googleapis_common_protos-1.75.0-py3-none-any.whl (300 kB)
#8 3.247 Collecting greenlet==3.5.6 (from -r requirements.lock (line 542))
#8 3.254   Downloading greenlet-3.5.6-cp312-cp312-manylinux_2_24_aarch64.manylinux_2_28_aarch64.whl (611 kB)
#8 3.270      ━━━━━━━━━━━━━━━━━━━━━━━━━━━━━━━━━━━━━━ 611.7/611.7 kB 32.8 MB/s eta 0:00:00
#8 3.464 Collecting grpcio==1.84.0 (from -r requirements.lock (line 623))
#8 3.472   Downloading grpcio-1.84.0-cp312-cp312-manylinux2014_aarch64.manylinux_2_17_aarch64.whl (7.0 MB)
#8 3.972      ━━━━━━━━━━━━━━━━━━━━━━━━━━━━━━━━━━━━━━━━ 7.0/7.0 MB 13.6 MB/s eta 0:00:00
#8 3.990 Collecting h11==0.16.0 (from -r requirements.lock (line 686))
#8 3.996   Downloading h11-0.16.0-py3-none-any.whl (37 kB)
#8 4.010 Collecting httpcore==1.0.9 (from -r requirements.lock (line 692))
#8 4.017   Downloading httpcore-1.0.9-py3-none-any.whl (78 kB)
#8 4.037 Collecting httptools==0.8.0 (from -r requirements.lock (line 696))
#8 4.046   Downloading httptools-0.8.0-cp312-cp312-manylinux2014_aarch64.manylinux_2_17_aarch64.manylinux_2_28_aarch64.whl (518 kB)
#8 4.070 Collecting httpx==0.27.0 (from -r requirements.lock (line 748))
#8 4.077   Downloading httpx-0.27.0-py3-none-any.whl (75 kB)
#8 4.092 Collecting idna==3.20 (from -r requirements.lock (line 752))
#8 4.098   Downloading idna-3.20-py3-none-any.whl (69 kB)
#8 4.115 Collecting importlib-metadata==8.5.0 (from -r requirements.lock (line 759))
#8 4.123   Downloading importlib_metadata-8.5.0-py3-none-any.whl (26 kB)
#8 4.141 Collecting itsdangerous==2.2.0 (from -r requirements.lock (line 763))
#8 4.152   Downloading itsdangerous-2.2.0-py3-none-any.whl (16 kB)
#8 4.204 Collecting kombu==5.6.2 (from -r requirements.lock (line 767))
#8 4.215   Downloading kombu-5.6.2-py3-none-any.whl (214 kB)
#8 4.351 Collecting lxml==6.1.3 (from -r requirements.lock (line 771))
#8 4.359   Downloading lxml-6.1.3-cp312-cp312-manylinux_2_26_aarch64.manylinux_2_28_aarch64.whl (5.0 MB)
#8 4.477      ━━━━━━━━━━━━━━━━━━━━━━━━━━━━━━━━━━━━━━━━ 5.0/5.0 MB 44.8 MB/s eta 0:00:00
#8 4.491 Collecting mako==1.4.1 (from -r requirements.lock (line 949))
#8 4.498   Downloading mako-1.4.1-py3-none-any.whl (80 kB)
#8 4.524 Collecting markupsafe==3.0.3 (from -r requirements.lock (line 953))
#8 4.531   Downloading markupsafe-3.0.3-cp312-cp312-manylinux2014_aarch64.manylinux_2_17_aarch64.manylinux_2_28_aarch64.whl (24 kB)
#8 4.546 Collecting minio==7.2.12 (from -r requirements.lock (line 1044))
#8 4.557   Downloading minio-7.2.12-py3-none-any.whl (94 kB)
#8 4.633 Collecting numpy==2.5.3 (from -r requirements.lock (line 1048))
#8 4.640   Downloading numpy-2.5.3-cp312-cp312-manylinux_2_27_aarch64.manylinux_2_28_aarch64.whl (15.7 MB)
#8 6.135      ━━━━━━━━━━━━━━━━━━━━━━━━━━━━━━━━━━━━━━━━ 15.7/15.7 MB 10.4 MB/s eta 0:00:00
#8 6.171 Collecting opentelemetry-api==1.28.0 (from -r requirements.lock (line 1116))
#8 6.180   Downloading opentelemetry_api-1.28.0-py3-none-any.whl (64 kB)
#8 6.196 Collecting opentelemetry-exporter-otlp-proto-common==1.28.0 (from -r requirements.lock (line 1127))
#8 6.203   Downloading opentelemetry_exporter_otlp_proto_common-1.28.0-py3-none-any.whl (18 kB)
#8 6.220 Collecting opentelemetry-exporter-otlp-proto-grpc==1.28.0 (from -r requirements.lock (line 1131))
#8 6.227   Downloading opentelemetry_exporter_otlp_proto_grpc-1.28.0-py3-none-any.whl (18 kB)
#8 6.239 Collecting opentelemetry-instrumentation==0.49b0 (from -r requirements.lock (line 1135))
#8 6.246   Downloading opentelemetry_instrumentation-0.49b0-py3-none-any.whl (30 kB)
#8 6.261 Collecting opentelemetry-instrumentation-asgi==0.49b0 (from -r requirements.lock (line 1141))
#8 6.269   Downloading opentelemetry_instrumentation_asgi-0.49b0-py3-none-any.whl (16 kB)
#8 6.283 Collecting opentelemetry-instrumentation-fastapi==0.49b0 (from -r requirements.lock (line 1145))
#8 6.291   Downloading opentelemetry_instrumentation_fastapi-0.49b0-py3-none-any.whl (12 kB)
#8 6.303 Collecting opentelemetry-proto==1.28.0 (from -r requirements.lock (line 1149))
#8 6.311   Downloading opentelemetry_proto-1.28.0-py3-none-any.whl (55 kB)
#8 6.328 Collecting opentelemetry-sdk==1.28.0 (from -r requirements.lock (line 1155))
#8 6.335   Downloading opentelemetry_sdk-1.28.0-py3-none-any.whl (118 kB)
#8 6.359 Collecting opentelemetry-semantic-conventions==0.49b0 (from -r requirements.lock (line 1161))
#8 6.364   Downloading opentelemetry_semantic_conventions-0.49b0-py3-none-any.whl (159 kB)
#8 6.393 Collecting opentelemetry-util-http==0.49b0 (from -r requirements.lock (line 1169))
#8 6.401   Downloading opentelemetry_util_http-0.49b0-py3-none-any.whl (6.9 kB)
#8 6.413 Collecting packaging==26.3 (from -r requirements.lock (line 1175))
#8 6.418   Downloading packaging-26.3-py3-none-any.whl (129 kB)
#8 6.441 Collecting pdfminer-six==20260107 (from -r requirements.lock (line 1181))
#8 6.447   Downloading pdfminer_six-20260107-py3-none-any.whl (6.6 MB)
#8 6.905      ━━━━━━━━━━━━━━━━━━━━━━━━━━━━━━━━━━━━━━━━ 6.6/6.6 MB 14.8 MB/s eta 0:00:00
#8 6.934 Collecting pdfplumber==0.11.10 (from -r requirements.lock (line 1185))
#8 6.942   Downloading pdfplumber-0.11.10-py3-none-any.whl (60 kB)
#8 6.956 Collecting pgvector==0.3.0 (from -r requirements.lock (line 1189))
#8 6.965   Downloading pgvector-0.3.0-py2.py3-none-any.whl (23 kB)
#8 7.041 Collecting pillow==12.3.0 (from -r requirements.lock (line 1192))
#8 7.049   Downloading pillow-12.3.0-cp312-cp312-manylinux_2_27_aarch64.manylinux_2_28_aarch64.whl (6.3 MB)
#8 7.460      ━━━━━━━━━━━━━━━━━━━━━━━━━━━━━━━━━━━━━━━━ 6.3/6.3 MB 15.2 MB/s eta 0:00:00
#8 7.491 Collecting prometheus-client==0.21.0 (from -r requirements.lock (line 1281))
#8 7.500   Downloading prometheus_client-0.21.0-py3-none-any.whl (54 kB)
#8 7.525 Collecting prompt-toolkit==3.0.53 (from -r requirements.lock (line 1285))
#8 7.532   Downloading prompt_toolkit-3.0.53-py3-none-any.whl (392 kB)
#8 7.656 Collecting protobuf==5.29.6 (from -r requirements.lock (line 1289))
#8 7.664   Downloading protobuf-5.29.6-cp38-abi3-manylinux2014_aarch64.whl (320 kB)
#8 7.696 Collecting pycparser==3.0 (from -r requirements.lock (line 1304))
#8 7.702   Downloading pycparser-3.0-py3-none-any.whl (48 kB)
#8 7.737 Collecting pycryptodome==3.23.0 (from -r requirements.lock (line 1308))
#8 7.744   Downloading pycryptodome-3.23.0-cp37-abi3-manylinux_2_17_aarch64.manylinux2014_aarch64.whl (2.2 MB)
#8 7.901      ━━━━━━━━━━━━━━━━━━━━━━━━━━━━━━━━━━━━━━━━ 2.2/2.2 MB 14.2 MB/s eta 0:00:00
#8 7.956 Collecting pydantic==2.13.5 (from -r requirements.lock (line 1351))
#8 7.963   Downloading pydantic-2.13.5-py3-none-any.whl (472 kB)
#8 8.319 Collecting pydantic-core==2.46.5 (from -r requirements.lock (line 1358))
#8 8.332   Downloading pydantic_core-2.46.5-cp312-cp312-manylinux_2_17_aarch64.manylinux2014_aarch64.whl (2.0 MB)
#8 8.461      ━━━━━━━━━━━━━━━━━━━━━━━━━━━━━━━━━━━━━━━━ 2.0/2.0 MB 15.2 MB/s eta 0:00:00
#8 8.472 Collecting pydantic-settings==2.15.0 (from -r requirements.lock (line 1480))
#8 8.479   Downloading pydantic_settings-2.15.0-py3-none-any.whl (69 kB)
#8 8.492 Collecting pyjwt==2.14.0 (from -r requirements.lock (line 1484))
#8 8.499   Downloading pyjwt-2.14.0-py3-none-any.whl (32 kB)
#8 8.540 Collecting pypdfium2==5.13.0 (from -r requirements.lock (line 1488))
#8 8.548   Downloading pypdfium2-5.13.0-py3-none-manylinux_2_17_aarch64.manylinux2014_aarch64.whl (3.7 MB)
#8 8.783      ━━━━━━━━━━━━━━━━━━━━━━━━━━━━━━━━━━━━━━━━ 3.7/3.7 MB 15.8 MB/s eta 0:00:00
#8 8.797 Collecting pyphen==0.18.1 (from -r requirements.lock (line 1512))
#8 8.805   Downloading pyphen-0.18.1-py3-none-any.whl (2.1 MB)
#8 8.914      ━━━━━━━━━━━━━━━━━━━━━━━━━━━━━━━━━━━━━━━━ 2.1/2.1 MB 20.4 MB/s eta 0:00:00
#8 8.929 Collecting python-dateutil==2.9.0 (from -r requirements.lock (line 1516))
#8 8.938   Downloading python_dateutil-2.9.0-py2.py3-none-any.whl (230 kB)
#8 8.957 Collecting python-docx==1.1.2 (from -r requirements.lock (line 1522))
#8 8.964   Downloading python_docx-1.1.2-py3-none-any.whl (244 kB)
#8 8.988 Collecting python-dotenv==1.2.3 (from -r requirements.lock (line 1526))
#8 8.994   Downloading python_dotenv-1.2.3-py3-none-any.whl (22 kB)
#8 9.005 Collecting python-multipart==0.0.32 (from -r requirements.lock (line 1532))
#8 9.011   Downloading python_multipart-0.0.32-py3-none-any.whl (30 kB)
#8 9.029 Collecting pyyaml==6.0.3 (from -r requirements.lock (line 1536))
#8 9.036   Downloading pyyaml-6.0.3-cp312-cp312-manylinux2014_aarch64.manylinux_2_17_aarch64.manylinux_2_28_aarch64.whl (775 kB)
#8 9.072      ━━━━━━━━━━━━━━━━━━━━━━━━━━━━━━━━━━━━━━ 775.1/775.1 kB 22.1 MB/s eta 0:00:00
#8 9.085 Collecting redis==5.2.0 (from -r requirements.lock (line 1611))
#8 9.093   Downloading redis-5.2.0-py3-none-any.whl (261 kB)
#8 9.140 Collecting setuptools==84.0.0 (from -r requirements.lock (line 1615))
#8 9.148   Downloading setuptools-84.0.0-py3-none-any.whl (818 kB)
#8 9.185      ━━━━━━━━━━━━━━━━━━━━━━━━━━━━━━━━━━━━━━ 818.2/818.2 kB 21.0 MB/s eta 0:00:00
#8 9.197 Collecting six==1.17.0 (from -r requirements.lock (line 1619))
#8 9.203   Downloading six-1.17.0-py2.py3-none-any.whl (11 kB)
#8 9.209 Collecting sniffio==1.3.1 (from -r requirements.lock (line 1623))
#8 9.217   Downloading sniffio-1.3.1-py3-none-any.whl (10 kB)
#8 9.228 Collecting soupsieve==2.9.2 (from -r requirements.lock (line 1627))
#8 9.233   Downloading soupsieve-2.9.2-py3-none-any.whl (37 kB)
#8 9.366 Collecting sqlalchemy==2.0.36 (from -r requirements.lock (line 1631))
#8 9.375   Downloading SQLAlchemy-2.0.36-cp312-cp312-manylinux_2_17_aarch64.manylinux2014_aarch64.whl (3.2 MB)
#8 9.527      ━━━━━━━━━━━━━━━━━━━━━━━━━━━━━━━━━━━━━━━━ 3.2/3.2 MB 21.7 MB/s eta 0:00:00
#8 9.547 Collecting starlette==1.6.0 (from -r requirements.lock (line 1692))
#8 9.554   Downloading starlette-1.6.0-py3-none-any.whl (75 kB)
#8 9.570 Collecting structlog==24.4.0 (from -r requirements.lock (line 1696))
#8 9.577   Downloading structlog-24.4.0-py3-none-any.whl (67 kB)
#8 9.590 Collecting textstat==0.7.4 (from -r requirements.lock (line 1700))
#8 9.597   Downloading textstat-0.7.4-py3-none-any.whl (105 kB)
#8 9.609 Collecting typing-extensions==4.16.0 (from -r requirements.lock (line 1703))
#8 9.616   Downloading typing_extensions-4.16.0-py3-none-any.whl (45 kB)
#8 9.625 Collecting typing-inspection==0.4.4 (from -r requirements.lock (line 1720))
#8 9.631   Downloading typing_inspection-0.4.4-py3-none-any.whl (14 kB)
#8 9.640 Collecting tzdata==2026.4 (from -r requirements.lock (line 1727))
#8 9.646   Downloading tzdata-2026.4-py2.py3-none-any.whl (347 kB)
#8 9.677 Collecting urllib3==2.8.0 (from -r requirements.lock (line 1733))
#8 9.682   Downloading urllib3-2.8.0-py3-none-any.whl (135 kB)
#8 9.705 Collecting uvicorn==0.53.0 (from -r requirements.lock (line 1737))
#8 9.712   Downloading uvicorn-0.53.0-py3-none-any.whl (87 kB)
#8 9.733 Collecting uvloop==0.22.1 (from -r requirements.lock (line 1741))
#8 9.739   Downloading uvloop-0.22.1-cp312-cp312-manylinux2014_aarch64.manylinux_2_17_aarch64.manylinux_2_28_aarch64.whl (4.3 MB)
#8 9.948      ━━━━━━━━━━━━━━━━━━━━━━━━━━━━━━━━━━━━━━━━ 4.3/4.3 MB 20.5 MB/s eta 0:00:00
#8 9.965 Collecting vine==5.1.0 (from -r requirements.lock (line 1792))
#8 9.971   Downloading vine-5.1.0-py3-none-any.whl (9.6 kB)
#8 10.01 Collecting watchfiles==1.2.0 (from -r requirements.lock (line 1799))
#8 10.02   Downloading watchfiles-1.2.0-cp312-cp312-manylinux_2_17_aarch64.manylinux2014_aarch64.whl (453 kB)
#8 10.05 Collecting wcwidth==0.8.4 (from -r requirements.lock (line 1908))
#8 10.06   Downloading wcwidth-0.8.4-py3-none-any.whl (299 kB)
#8 10.12 Collecting websockets==17.1 (from -r requirements.lock (line 1912))
#8 10.13   Downloading websockets-17.1-cp312-cp312-manylinux2014_aarch64.manylinux_2_17_aarch64.manylinux_2_28_aarch64.whl (225 kB)
#8 10.25 Collecting wrapt==1.17.3 (from -r requirements.lock (line 2062))
#8 10.26   Downloading wrapt-1.17.3-cp312-cp312-manylinux2014_aarch64.manylinux_2_17_aarch64.manylinux_2_28_aarch64.whl (88 kB)
#8 10.27 Collecting zipp==4.1.0 (from -r requirements.lock (line 2147))
#8 10.28   Downloading zipp-4.1.0-py3-none-any.whl (10 kB)
#8 10.49 Installing collected packages: zipp, wrapt, websockets, wcwidth, vine, uvloop, urllib3, tzdata, typing-extensions, structlog, soupsieve, sniffio, six, setuptools, redis, pyyaml, python-multipart, python-dotenv, pyphen, pypdfium2, pyjwt, pycryptodome, pycparser, protobuf, prometheus-client, pillow, packaging, opentelemetry-util-http, numpy, markupsafe, lxml, itsdangerous, idna, httptools, h11, greenlet, dnspython, click, charset-normalizer, certifi, billiard, bcrypt, asyncpg, asgiref, annotated-types, annotated-doc, uvicorn, typing-inspection, textstat, sqlalchemy, python-docx, python-dateutil, pydantic-core, prompt-toolkit, pgvector, opentelemetry-proto, mako, importlib-metadata, httpcore, grpcio, googleapis-common-protos, email-validator, deprecated, click-plugins, click-didyoumean, cffi, beautifulsoup4, anyio, amqp, watchfiles, starlette, pydantic, opentelemetry-exporter-otlp-proto-common, opentelemetry-api, kombu, httpx, cryptography, click-repl, argon2-cffi-bindings, alembic, pydantic-settings, pdfminer-six, opentelemetry-semantic-conventions, fastapi, celery, argon2-cffi, pdfplumber, opentelemetry-sdk, opentelemetry-instrumentation, minio, opentelemetry-instrumentation-asgi, opentelemetry-exporter-otlp-proto-grpc, opentelemetry-instrumentation-fastapi
#8 15.95 Successfully installed alembic-1.14.0 amqp-5.4.0 annotated-doc-0.0.5 annotated-types-0.8.0 anyio-4.15.1 argon2-cffi-25.1.0 argon2-cffi-bindings-26.1.0 asgiref-3.12.1 asyncpg-0.30.0 bcrypt-4.0.1 beautifulsoup4-4.12.3 billiard-4.3.0 celery-5.4.0 certifi-2026.7.22 cffi-2.1.1 charset-normalizer-3.5.1 click-8.5.0 click-didyoumean-0.3.1 click-plugins-1.1.1.2 click-repl-0.4.0 cryptography-50.0.1 deprecated-1.3.1 dnspython-2.8.0 email-validator-2.2.0 fastapi-0.141.1 googleapis-common-protos-1.75.0 greenlet-3.5.6 grpcio-1.84.0 h11-0.16.0 httpcore-1.0.9 httptools-0.8.0 httpx-0.27.0 idna-3.20 importlib-metadata-8.5.0 itsdangerous-2.2.0 kombu-5.6.2 lxml-6.1.3 mako-1.4.1 markupsafe-3.0.3 minio-7.2.12 numpy-2.5.3 opentelemetry-api-1.28.0 opentelemetry-exporter-otlp-proto-common-1.28.0 opentelemetry-exporter-otlp-proto-grpc-1.28.0 opentelemetry-instrumentation-0.49b0 opentelemetry-instrumentation-asgi-0.49b0 opentelemetry-instrumentation-fastapi-0.49b0 opentelemetry-proto-1.28.0 opentelemetry-sdk-1.28.0 opentelemetry-semantic-conventions-0.49b0 opentelemetry-util-http-0.49b0 packaging-26.3 pdfminer-six-20260107 pdfplumber-0.11.10 pgvector-0.3.0 pillow-12.3.0 prometheus-client-0.21.0 prompt-toolkit-3.0.53 protobuf-5.29.6 pycparser-3.0 pycryptodome-3.23.0 pydantic-2.13.5 pydantic-core-2.46.5 pydantic-settings-2.15.0 pyjwt-2.14.0 pypdfium2-5.13.0 pyphen-0.18.1 python-dateutil-2.9.0 python-docx-1.1.2 python-dotenv-1.2.3 python-multipart-0.0.32 pyyaml-6.0.3 redis-5.2.0 setuptools-84.0.0 six-1.17.0 sniffio-1.3.1 soupsieve-2.9.2 sqlalchemy-2.0.36 starlette-1.6.0 structlog-24.4.0 textstat-0.7.4 typing-extensions-4.16.0 typing-inspection-0.4.4 tzdata-2026.4 urllib3-2.8.0 uvicorn-0.53.0 uvloop-0.22.1 vine-5.1.0 watchfiles-1.2.0 wcwidth-0.8.4 websockets-17.1 wrapt-1.17.3 zipp-4.1.0
#8 15.95 WARNING: Running pip as the 'root' user can result in broken permissions and conflicting behaviour with the system package manager, possibly rendering your system unusable. It is recommended to use a virtual environment instead: https://pip.pypa.io/warnings/venv. Use the --root-user-action option if you know what you are doing and want to suppress this warning.
#8 DONE 16.3s

#9 [runtime-base 3/4] COPY requirements.lock ./
#9 CACHED

#10 [runtime-base 4/4] RUN pip install --no-cache-dir --only-binary=:all: --require-hashes -r requirements.lock     && useradd --create-home --uid 1000 azaeron
#10 CACHED

#11 [verification 1/3] COPY requirements-dev.lock ./
#11 DONE 0.2s

#12 [verification 2/3] RUN pip install --no-cache-dir --only-binary=:all: --require-hashes -r requirements-dev.lock
#12 1.242 Collecting aiosqlite==0.20.0 (from -r requirements-dev.lock (line 3))
#12 1.274   Downloading aiosqlite-0.20.0-py3-none-any.whl (15 kB)
#12 1.277 Requirement already satisfied: alembic==1.14.0 in /usr/local/lib/python3.12/site-packages (from -r requirements-dev.lock (line 7)) (1.14.0)
#12 1.278 Requirement already satisfied: amqp==5.4.0 in /usr/local/lib/python3.12/site-packages (from -r requirements-dev.lock (line 13)) (5.4.0)
#12 1.278 Requirement already satisfied: annotated-doc==0.0.5 in /usr/local/lib/python3.12/site-packages (from -r requirements-dev.lock (line 19)) (0.0.5)
#12 1.278 Requirement already satisfied: annotated-types==0.8.0 in /usr/local/lib/python3.12/site-packages (from -r requirements-dev.lock (line 25)) (0.8.0)
#12 1.278 Requirement already satisfied: anyio==4.15.1 in /usr/local/lib/python3.12/site-packages (from -r requirements-dev.lock (line 31)) (4.15.1)
#12 1.278 Requirement already satisfied: argon2-cffi==25.1.0 in /usr/local/lib/python3.12/site-packages (from -r requirements-dev.lock (line 39)) (25.1.0)
#12 1.279 Requirement already satisfied: argon2-cffi-bindings==26.1.0 in /usr/local/lib/python3.12/site-packages (from -r requirements-dev.lock (line 45)) (26.1.0)
#12 1.279 Requirement already satisfied: asgiref==3.12.1 in /usr/local/lib/python3.12/site-packages (from -r requirements-dev.lock (line 90)) (3.12.1)
#12 1.279 Requirement already satisfied: asyncpg==0.30.0 in /usr/local/lib/python3.12/site-packages (from -r requirements-dev.lock (line 96)) (0.30.0)
#12 1.279 Requirement already satisfied: bcrypt==4.0.1 in /usr/local/lib/python3.12/site-packages (from -r requirements-dev.lock (line 149)) (4.0.1)
#12 1.279 Requirement already satisfied: beautifulsoup4==4.12.3 in /usr/local/lib/python3.12/site-packages (from -r requirements-dev.lock (line 174)) (4.12.3)
#12 1.280 Requirement already satisfied: billiard==4.3.0 in /usr/local/lib/python3.12/site-packages (from -r requirements-dev.lock (line 180)) (4.3.0)
#12 1.311 Collecting black==26.5.1 (from -r requirements-dev.lock (line 186))
#12 1.318   Downloading black-26.5.1-py3-none-any.whl (213 kB)
#12 1.336 Requirement already satisfied: celery==5.4.0 in /usr/local/lib/python3.12/site-packages (from -r requirements-dev.lock (line 215)) (5.4.0)
#12 1.336 Requirement already satisfied: certifi==2026.7.22 in /usr/local/lib/python3.12/site-packages (from -r requirements-dev.lock (line 221)) (2026.7.22)
#12 1.336 Requirement already satisfied: cffi==2.1.1 in /usr/local/lib/python3.12/site-packages (from -r requirements-dev.lock (line 229)) (2.1.1)
#12 1.336 Requirement already satisfied: charset-normalizer==3.5.1 in /usr/local/lib/python3.12/site-packages (from -r requirements-dev.lock (line 334)) (3.5.1)
#12 1.337 Requirement already satisfied: click==8.5.0 in /usr/local/lib/python3.12/site-packages (from -r requirements-dev.lock (line 510)) (8.5.0)
#12 1.337 Requirement already satisfied: click-didyoumean==0.3.1 in /usr/local/lib/python3.12/site-packages (from -r requirements-dev.lock (line 521)) (0.3.1)
#12 1.337 Requirement already satisfied: click-plugins==1.1.1.2 in /usr/local/lib/python3.12/site-packages (from -r requirements-dev.lock (line 527)) (1.1.1.2)
#12 1.337 Requirement already satisfied: click-repl==0.4.0 in /usr/local/lib/python3.12/site-packages (from -r requirements-dev.lock (line 533)) (0.4.0)
#12 1.337 Requirement already satisfied: cryptography==50.0.1 in /usr/local/lib/python3.12/site-packages (from -r requirements-dev.lock (line 539)) (50.0.1)
#12 1.337 Requirement already satisfied: deprecated==1.3.1 in /usr/local/lib/python3.12/site-packages (from -r requirements-dev.lock (line 590)) (1.3.1)
#12 1.337 Requirement already satisfied: dnspython==2.8.0 in /usr/local/lib/python3.12/site-packages (from -r requirements-dev.lock (line 598)) (2.8.0)
#12 1.338 Requirement already satisfied: email-validator==2.2.0 in /usr/local/lib/python3.12/site-packages (from -r requirements-dev.lock (line 604)) (2.2.0)
#12 1.346 Collecting factory-boy==3.3.0 (from -r requirements-dev.lock (line 610))
#12 1.354   Downloading factory_boy-3.3.0-py2.py3-none-any.whl (36 kB)
#12 1.386 Collecting faker==30.0.0 (from -r requirements-dev.lock (line 614))
#12 1.395   Downloading Faker-30.0.0-py3-none-any.whl (1.8 MB)
#12 1.446      ━━━━━━━━━━━━━━━━━━━━━━━━━━━━━━━━━━━━━━━━ 1.8/1.8 MB 38.6 MB/s eta 0:00:00
#12 1.450 Requirement already satisfied: fastapi==0.141.1 in /usr/local/lib/python3.12/site-packages (from -r requirements-dev.lock (line 620)) (0.141.1)
#12 1.450 Requirement already satisfied: googleapis-common-protos==1.75.0 in /usr/local/lib/python3.12/site-packages (from -r requirements-dev.lock (line 626)) (1.75.0)
#12 1.450 Requirement already satisfied: greenlet==3.5.6 in /usr/local/lib/python3.12/site-packages (from -r requirements-dev.lock (line 632)) (3.5.6)
#12 1.450 Requirement already satisfied: grpcio==1.84.0 in /usr/local/lib/python3.12/site-packages (from -r requirements-dev.lock (line 715)) (1.84.0)
#12 1.450 Requirement already satisfied: h11==0.16.0 in /usr/local/lib/python3.12/site-packages (from -r requirements-dev.lock (line 780)) (0.16.0)
#12 1.450 Requirement already satisfied: httpcore==1.0.9 in /usr/local/lib/python3.12/site-packages (from -r requirements-dev.lock (line 787)) (1.0.9)
#12 1.451 Requirement already satisfied: httptools==0.8.0 in /usr/local/lib/python3.12/site-packages (from -r requirements-dev.lock (line 793)) (0.8.0)
#12 1.451 Requirement already satisfied: httpx==0.27.0 in /usr/local/lib/python3.12/site-packages (from -r requirements-dev.lock (line 847)) (0.27.0)
#12 1.451 Requirement already satisfied: idna==3.20 in /usr/local/lib/python3.12/site-packages (from -r requirements-dev.lock (line 853)) (3.20)
#12 1.451 Requirement already satisfied: importlib-metadata==8.5.0 in /usr/local/lib/python3.12/site-packages (from -r requirements-dev.lock (line 861)) (8.5.0)
#12 1.460 Collecting iniconfig==2.3.0 (from -r requirements-dev.lock (line 867))
#12 1.466   Downloading iniconfig-2.3.0-py3-none-any.whl (7.5 kB)
#12 1.467 Requirement already satisfied: itsdangerous==2.2.0 in /usr/local/lib/python3.12/site-packages (from -r requirements-dev.lock (line 871)) (2.2.0)
#12 1.467 Requirement already satisfied: kombu==5.6.2 in /usr/local/lib/python3.12/site-packages (from -r requirements-dev.lock (line 877)) (5.6.2)
#12 1.468 Requirement already satisfied: lxml==6.1.3 in /usr/local/lib/python3.12/site-packages (from -r requirements-dev.lock (line 883)) (6.1.3)
#12 1.468 Requirement already satisfied: mako==1.4.1 in /usr/local/lib/python3.12/site-packages (from -r requirements-dev.lock (line 1063)) (1.4.1)
#12 1.468 Requirement already satisfied: markupsafe==3.0.3 in /usr/local/lib/python3.12/site-packages (from -r requirements-dev.lock (line 1069)) (3.0.3)
#12 1.468 Requirement already satisfied: minio==7.2.12 in /usr/local/lib/python3.12/site-packages (from -r requirements-dev.lock (line 1162)) (7.2.12)
#12 1.527 Collecting mypy==1.11.0 (from -r requirements-dev.lock (line 1168))
#12 1.538   Downloading mypy-1.11.0-py3-none-any.whl (2.6 MB)
#12 1.606      ━━━━━━━━━━━━━━━━━━━━━━━━━━━━━━━━━━━━━━━━ 2.6/2.6 MB 40.6 MB/s eta 0:00:00
#12 1.621 Collecting mypy-extensions==1.1.0 (from -r requirements-dev.lock (line 1197))
#12 1.629   Downloading mypy_extensions-1.1.0-py3-none-any.whl (5.0 kB)
#12 1.630 Requirement already satisfied: numpy==2.5.3 in /usr/local/lib/python3.12/site-packages (from -r requirements-dev.lock (line 1203)) (2.5.3)
#12 1.630 Requirement already satisfied: opentelemetry-api==1.28.0 in /usr/local/lib/python3.12/site-packages (from -r requirements-dev.lock (line 1273)) (1.28.0)
#12 1.630 Requirement already satisfied: opentelemetry-exporter-otlp-proto-common==1.28.0 in /usr/local/lib/python3.12/site-packages (from -r requirements-dev.lock (line 1285)) (1.28.0)
#12 1.631 Requirement already satisfied: opentelemetry-exporter-otlp-proto-grpc==1.28.0 in /usr/local/lib/python3.12/site-packages (from -r requirements-dev.lock (line 1291)) (1.28.0)
#12 1.631 Requirement already satisfied: opentelemetry-instrumentation==0.49b0 in /usr/local/lib/python3.12/site-packages (from -r requirements-dev.lock (line 1297)) (0.49b0)
#12 1.631 Requirement already satisfied: opentelemetry-instrumentation-asgi==0.49b0 in /usr/local/lib/python3.12/site-packages (from -r requirements-dev.lock (line 1304)) (0.49b0)
#12 1.631 Requirement already satisfied: opentelemetry-instrumentation-fastapi==0.49b0 in /usr/local/lib/python3.12/site-packages (from -r requirements-dev.lock (line 1310)) (0.49b0)
#12 1.632 Requirement already satisfied: opentelemetry-proto==1.28.0 in /usr/local/lib/python3.12/site-packages (from -r requirements-dev.lock (line 1316)) (1.28.0)
#12 1.632 Requirement already satisfied: opentelemetry-sdk==1.28.0 in /usr/local/lib/python3.12/site-packages (from -r requirements-dev.lock (line 1323)) (1.28.0)
#12 1.632 Requirement already satisfied: opentelemetry-semantic-conventions==0.49b0 in /usr/local/lib/python3.12/site-packages (from -r requirements-dev.lock (line 1330)) (0.49b0)
#12 1.632 Requirement already satisfied: opentelemetry-util-http==0.49b0 in /usr/local/lib/python3.12/site-packages (from -r requirements-dev.lock (line 1339)) (0.49b0)
#12 1.633 Requirement already satisfied: packaging==26.3 in /usr/local/lib/python3.12/site-packages (from -r requirements-dev.lock (line 1346)) (26.3)
#12 1.645 Collecting pathspec==1.1.1 (from -r requirements-dev.lock (line 1355))
#12 1.652   Downloading pathspec-1.1.1-py3-none-any.whl (57 kB)
#12 1.656 Requirement already satisfied: pdfminer-six==20260107 in /usr/local/lib/python3.12/site-packages (from -r requirements-dev.lock (line 1359)) (20260107)
#12 1.657 Requirement already satisfied: pdfplumber==0.11.10 in /usr/local/lib/python3.12/site-packages (from -r requirements-dev.lock (line 1365)) (0.11.10)
#12 1.657 Requirement already satisfied: pgvector==0.3.0 in /usr/local/lib/python3.12/site-packages (from -r requirements-dev.lock (line 1371)) (0.3.0)
#12 1.658 Requirement already satisfied: pillow==12.3.0 in /usr/local/lib/python3.12/site-packages (from -r requirements-dev.lock (line 1376)) (12.3.0)
#12 1.669 Collecting platformdirs==4.11.11 (from -r requirements-dev.lock (line 1467))
#12 1.676   Downloading platformdirs-4.11.11-py3-none-any.whl (24 kB)
#12 1.689 Collecting pluggy==1.6.0 (from -r requirements-dev.lock (line 1471))
#12 1.697   Downloading pluggy-1.6.0-py3-none-any.whl (20 kB)
#12 1.699 Requirement already satisfied: prometheus-client==0.21.0 in /usr/local/lib/python3.12/site-packages (from -r requirements-dev.lock (line 1475)) (0.21.0)
#12 1.699 Requirement already satisfied: prompt-toolkit==3.0.53 in /usr/local/lib/python3.12/site-packages (from -r requirements-dev.lock (line 1481)) (3.0.53)
#12 1.699 Requirement already satisfied: protobuf==5.29.6 in /usr/local/lib/python3.12/site-packages (from -r requirements-dev.lock (line 1487)) (5.29.6)
#12 1.700 Requirement already satisfied: pycparser==3.0 in /usr/local/lib/python3.12/site-packages (from -r requirements-dev.lock (line 1503)) (3.0)
#12 1.700 Requirement already satisfied: pycryptodome==3.23.0 in /usr/local/lib/python3.12/site-packages (from -r requirements-dev.lock (line 1509)) (3.23.0)
#12 1.700 Requirement already satisfied: pydantic==2.13.5 in /usr/local/lib/python3.12/site-packages (from -r requirements-dev.lock (line 1554)) (2.13.5)
#12 1.700 Requirement already satisfied: pydantic-core==2.46.5 in /usr/local/lib/python3.12/site-packages (from -r requirements-dev.lock (line 1562)) (2.46.5)
#12 1.700 Requirement already satisfied: pydantic-settings==2.15.0 in /usr/local/lib/python3.12/site-packages (from -r requirements-dev.lock (line 1686)) (2.15.0)
#12 1.729 Collecting pygments==2.21.0 (from -r requirements-dev.lock (line 1692))
#12 1.738   Downloading pygments-2.21.0-py3-none-any.whl (1.3 MB)
#12 1.772      ━━━━━━━━━━━━━━━━━━━━━━━━━━━━━━━━━━━━━━━━ 1.3/1.3 MB 36.9 MB/s eta 0:00:00
#12 1.774 Requirement already satisfied: pyjwt==2.14.0 in /usr/local/lib/python3.12/site-packages (from -r requirements-dev.lock (line 1696)) (2.14.0)
#12 1.774 Requirement already satisfied: pypdfium2==5.13.0 in /usr/local/lib/python3.12/site-packages (from -r requirements-dev.lock (line 1702)) (5.13.0)
#12 1.774 Requirement already satisfied: pyphen==0.18.1 in /usr/local/lib/python3.12/site-packages (from -r requirements-dev.lock (line 1728)) (0.18.1)
#12 1.794 Collecting pytest==9.1.1 (from -r requirements-dev.lock (line 1734))
#12 1.801   Downloading pytest-9.1.1-py3-none-any.whl (386 kB)
#12 1.823 Collecting pytest-asyncio==1.4.0 (from -r requirements-dev.lock (line 1740))
#12 1.832   Downloading pytest_asyncio-1.4.0-py3-none-any.whl (16 kB)
#12 1.834 Requirement already satisfied: python-dateutil==2.9.0 in /usr/local/lib/python3.12/site-packages (from -r requirements-dev.lock (line 1744)) (2.9.0)
#12 1.834 Requirement already satisfied: python-docx==1.1.2 in /usr/local/lib/python3.12/site-packages (from -r requirements-dev.lock (line 1752)) (1.1.2)
#12 1.834 Requirement already satisfied: python-dotenv==1.2.3 in /usr/local/lib/python3.12/site-packages (from -r requirements-dev.lock (line 1758)) (1.2.3)
#12 1.834 Requirement already satisfied: python-multipart==0.0.32 in /usr/local/lib/python3.12/site-packages (from -r requirements-dev.lock (line 1765)) (0.0.32)
#12 1.852 Collecting pytokens==0.4.1 (from -r requirements-dev.lock (line 1771))
#12 1.861   Downloading pytokens-0.4.1-cp312-cp312-manylinux2014_aarch64.manylinux_2_17_aarch64.manylinux_2_28_aarch64.whl (255 kB)
#12 1.874 Requirement already satisfied: pyyaml==6.0.3 in /usr/local/lib/python3.12/site-packages (from -r requirements-dev.lock (line 1815)) (6.0.3)
#12 1.874 Requirement already satisfied: redis==5.2.0 in /usr/local/lib/python3.12/site-packages (from -r requirements-dev.lock (line 1892)) (5.2.0)
#12 2.020 Collecting ruff==0.6.0 (from -r requirements-dev.lock (line 1898))
#12 2.037   Downloading ruff-0.6.0-py3-none-manylinux_2_17_aarch64.manylinux2014_aarch64.whl (10.0 MB)
#12 2.549      ━━━━━━━━━━━━━━━━━━━━━━━━━━━━━━━━━━━━━━━━ 10.0/10.0 MB 19.3 MB/s eta 0:00:00
#12 2.555 Requirement already satisfied: setuptools==84.0.0 in /usr/local/lib/python3.12/site-packages (from -r requirements-dev.lock (line 1918)) (84.0.0)
#12 2.555 Requirement already satisfied: six==1.17.0 in /usr/local/lib/python3.12/site-packages (from -r requirements-dev.lock (line 1924)) (1.17.0)
#12 2.556 Requirement already satisfied: sniffio==1.3.1 in /usr/local/lib/python3.12/site-packages (from -r requirements-dev.lock (line 1930)) (1.3.1)
#12 2.556 Requirement already satisfied: soupsieve==2.9.2 in /usr/local/lib/python3.12/site-packages (from -r requirements-dev.lock (line 1936)) (2.9.2)
#12 2.556 Requirement already satisfied: sqlalchemy==2.0.36 in /usr/local/lib/python3.12/site-packages (from -r requirements-dev.lock (line 1942)) (2.0.36)
#12 2.556 Requirement already satisfied: starlette==1.6.0 in /usr/local/lib/python3.12/site-packages (from -r requirements-dev.lock (line 2004)) (1.6.0)
#12 2.557 Requirement already satisfied: structlog==24.4.0 in /usr/local/lib/python3.12/site-packages (from -r requirements-dev.lock (line 2010)) (24.4.0)
#12 2.557 Requirement already satisfied: textstat==0.7.4 in /usr/local/lib/python3.12/site-packages (from -r requirements-dev.lock (line 2016)) (0.7.4)
#12 2.557 Requirement already satisfied: typing-extensions==4.16.0 in /usr/local/lib/python3.12/site-packages (from -r requirements-dev.lock (line 2021)) (4.16.0)
#12 2.557 Requirement already satisfied: typing-inspection==0.4.4 in /usr/local/lib/python3.12/site-packages (from -r requirements-dev.lock (line 2042)) (0.4.4)
#12 2.558 Requirement already satisfied: tzdata==2026.4 in /usr/local/lib/python3.12/site-packages (from -r requirements-dev.lock (line 2050)) (2026.4)
#12 2.558 Requirement already satisfied: urllib3==2.8.0 in /usr/local/lib/python3.12/site-packages (from -r requirements-dev.lock (line 2057)) (2.8.0)
#12 2.558 Requirement already satisfied: uvicorn==0.53.0 in /usr/local/lib/python3.12/site-packages (from -r requirements-dev.lock (line 2063)) (0.53.0)
#12 2.558 Requirement already satisfied: uvloop==0.22.1 in /usr/local/lib/python3.12/site-packages (from -r requirements-dev.lock (line 2069)) (0.22.1)
#12 2.558 Requirement already satisfied: vine==5.1.0 in /usr/local/lib/python3.12/site-packages (from -r requirements-dev.lock (line 2122)) (5.1.0)
#12 2.559 Requirement already satisfied: watchfiles==1.2.0 in /usr/local/lib/python3.12/site-packages (from -r requirements-dev.lock (line 2130)) (1.2.0)
#12 2.559 Requirement already satisfied: wcwidth==0.8.4 in /usr/local/lib/python3.12/site-packages (from -r requirements-dev.lock (line 2241)) (0.8.4)
#12 2.559 Requirement already satisfied: websockets==17.1 in /usr/local/lib/python3.12/site-packages (from -r requirements-dev.lock (line 2247)) (17.1)
#12 2.559 Requirement already satisfied: wrapt==1.17.3 in /usr/local/lib/python3.12/site-packages (from -r requirements-dev.lock (line 2399)) (1.17.3)
#12 2.560 Requirement already satisfied: zipp==4.1.0 in /usr/local/lib/python3.12/site-packages (from -r requirements-dev.lock (line 2485)) (4.1.0)
#12 2.750 Installing collected packages: ruff, pytokens, pygments, pluggy, platformdirs, pathspec, mypy-extensions, iniconfig, aiosqlite, pytest, mypy, faker, black, pytest-asyncio, factory-boy
#12 6.665 Successfully installed aiosqlite-0.20.0 black-26.5.1 factory-boy-3.3.0 faker-30.0.0 iniconfig-2.3.0 mypy-1.11.0 mypy-extensions-1.1.0 pathspec-1.1.1 platformdirs-4.11.11 pluggy-1.6.0 pygments-2.21.0 pytest-9.1.1 pytest-asyncio-1.4.0 pytokens-0.4.1 ruff-0.6.0
#12 6.666 WARNING: Running pip as the 'root' user can result in broken permissions and conflicting behaviour with the system package manager, possibly rendering your system unusable. It is recommended to use a virtual environment instead: https://pip.pypa.io/warnings/venv. Use the --root-user-action option if you know what you are doing and want to suppress this warning.
#12 DONE 7.1s

#13 [verification 3/3] COPY --chown=azaeron:azaeron . .
#13 DONE 0.5s

#14 exporting to image
#14 exporting layers
#14 exporting layers 9.0s done
#14 exporting manifest sha256:0e73d8c057604c0c904c64097beb2cf66300e3489c3f88368597d849314366e4 0.0s done
#14 exporting config sha256:f43006940e643104b9042d3d8189fdd79291bc38beea8814c4d253698fe9a309 done
#14 exporting attestation manifest sha256:f2dfe6e612759e0c8757d3ca49f4d30723ab6b6de76846d113a912f1bf7554b8 done
#14 exporting manifest list sha256:b861919d149091cd98781ea59b413bd05a58238249c20bcf63623326ba8f50f6 done
#14 naming to docker.io/library/azaeron-verity-r1-verification:latest done
#14 unpacking to docker.io/library/azaeron-verity-r1-verification:latest
#14 unpacking to docker.io/library/azaeron-verity-r1-verification:latest 5.1s done
#14 DONE 14.2s

View build details: docker-desktop://dashboard/build/desktop-linux/desktop-linux/oe0kctyxn0kv11wrgje69yrkz
