
> azaeron-frontend@1.0.0 test
> playwright test --workers=1


Running 30 tests using 1 worker

(node:67098) Warning: The 'NO_COLOR' env is ignored due to the 'FORCE_COLOR' env being set.
(Use `node --trace-warnings ...` to show where the warning was created)


[1/30] [chromium] › tests/accessibility-live.spec.ts:14:5 › keyboard login and refinement; critical pages have no automated WCAG AA violations
[2/30] [chromium] › tests/accessibility-review.spec.ts:15:5 › critical navigation stays operable at narrow widths and restores focus
[3/30] [chromium] › tests/agent-live.spec.ts:5:5 › private agent: durable prompts, SSE unavailable state, edit, search, rename and deletion
[4/30] [chromium] › tests/agent-live.spec.ts:57:5 › agent document tool: pasted intake, grounded read, abstaining detection, no implicit revision
[5/30] [chromium] › tests/api-keys.spec.ts:4:5 › API keys show the secret once, rotate, revoke, and avoid browser storage
[6/30] [chromium] › tests/editor-live.spec.ts:5:5 › editor: selective acceptance, reload, restore, offline recovery and lost-response retry
[7/30] [chromium] › tests/editor-live.spec.ts:118:5 › editor: undo, redo, debounced autosave, rename and archive
[chromium] › tests/editor-live.spec.ts:118:5 › editor: undo, redo, debounced autosave, rename and archive
Live authentication respected Retry-After: 60s

[8/30] [chromium] › tests/error-boundary.spec.ts:3:5 › render errors have a focused recovery boundary and send only closed metadata
[9/30] [chromium] › tests/identity-live.spec.ts:19:5 › real SMTP verification, MFA recovery login, password reset and device revocation
[10/30] [chromium] › tests/observability-live.spec.ts:7:5 › browser upload correlates API, database, storage and worker without customer text
[11/30] [chromium] › tests/onboarding.spec.ts:56:5 › an expired access cookie refreshes with a valid request body and restores the workspace
[12/30] [chromium] › tests/onboarding.spec.ts:65:7 › onboarding gives student the server-provided starting workflow
[13/30] [chromium] › tests/onboarding.spec.ts:65:7 › onboarding gives teacher the server-provided starting workflow
[14/30] [chromium] › tests/onboarding.spec.ts:65:7 › onboarding gives professor the server-provided starting workflow
[15/30] [chromium] › tests/onboarding.spec.ts:65:7 › onboarding gives researcher the server-provided starting workflow
[16/30] [chromium] › tests/onboarding.spec.ts:65:7 › onboarding gives reviewer the server-provided starting workflow
[17/30] [chromium] › tests/onboarding.spec.ts:65:7 › onboarding gives institution the server-provided starting workflow
[18/30] [chromium] › tests/onboarding.spec.ts:78:5 › a document workflow offers workspace creation inline
[19/30] [chromium] › tests/onboarding.spec.ts:88:5 › revoked recent membership falls back only after server validation
[20/30] [chromium] › tests/onboarding.spec.ts:97:5 › failed switching hides tenant data and offers a working retry
[21/30] [chromium] › tests/onboarding.spec.ts:113:5 › cached workspace IDs cannot override the server's active membership
[22/30] [chromium] › tests/onboarding.spec.ts:121:5 › focused workspace navigation exposes five products and honest empty states
[23/30] [chromium] › tests/onboarding.spec.ts:144:5 › Home keeps saved chats available when document loading fails and scopes history on workspace switch
[24/30] [chromium] › tests/privacy.spec.ts:4:5 › privacy form requires explicit confirmation and keeps its receipt out of persistent storage
[25/30] [chromium] › tests/usage.spec.ts:4:5 › workspace usage shows authoritative totals and handles unavailable refresh
[26/30] [chromium] › tests/workspace.spec.ts:3:5 › public workspace keeps analysis evidence-based and editorial work authenticated
  1) [chromium] › tests/workspace.spec.ts:3:5 › public workspace keeps analysis evidence-based and editorial work authenticated 

    Error: expect(locator).toBeVisible() failed

    Locator: getByRole('heading', { name: /Make every decision defensible/ })
    Expected: visible
    Timeout: 5000ms
    Error: element(s) not found

    Call log:
      - Expect "toBeVisible" with timeout 5000ms
      - waiting for getByRole('heading', { name: /Make every decision defensible/ })


      4 |   await page.goto("/");
      5 |   await expect(page).toHaveTitle(/Azaeron/);
    > 6 |   await expect(page.getByRole("heading", { name: /Make every decision defensible/ })).toBeVisible();
        |                                                                                       ^
      7 |   await expect(page.getByText("NO SAMPLE DATA")).toBeVisible();
      8 |   await expect(page.getByText("No fabricated metrics")).toBeVisible();
      9 |   await page.getByRole("link", { name: "Sign in" }).first().click();
        at /Users/ajmiraribam/Projects/azaeron_verity/frontend/tests/workspace.spec.ts:6:87

    Error Context: test-results/workspace-public-workspace-f6122-ditorial-work-authenticated-chromium/error-context.md


(node:67429) Warning: The 'NO_COLOR' env is ignored due to the 'FORCE_COLOR' env being set.
(Use `node --trace-warnings ...` to show where the warning was created)


[27/30] [chromium] › tests/workspace.spec.ts:13:5 › public navigation remains usable on a narrow viewport
(node:67434) Warning: The 'NO_COLOR' env is ignored due to the 'FORCE_COLOR' env being set.
(Use `node --trace-warnings ...` to show where the warning was created)


[28/30] [chromium] › tests/document-intelligence-live.spec.ts:7:5 › document core: upload, analyze and switch immutable versions across existing views
[29/30] [chromium] › tests/onboarding-live.spec.ts:5:5 › live signup, personal workspace, upload, refresh and persistent switching
[30/30] [chromium] › tests/similarity-live.spec.ts:8:5 › similarity: real corpus, evidence, exclusions, pagination and immutable versions
[chromium] › tests/similarity-live.spec.ts:8:5 › similarity: real corpus, evidence, exclusions, pagination and immutable versions
Live authentication respected Retry-After: 60s

  1 failed
    [chromium] › tests/workspace.spec.ts:3:5 › public workspace keeps analysis evidence-based and editorial work authenticated 
  29 passed (5.0m)
