 Container azaeron-verity-cert-verification-run-b5586fc5929d Creating 
 Container azaeron-verity-cert-verification-run-b5586fc5929d Created 
============================= test session starts ==============================
platform linux -- Python 3.12.14, pytest-9.1.1, pluggy-1.6.0
rootdir: /app
configfile: pytest.ini
plugins: asyncio-1.4.0, Faker-30.0.0, anyio-4.15.1
asyncio: mode=Mode.AUTO, debug=False, asyncio_default_fixture_loop_scope=None, asyncio_default_test_loop_scope=function
collected 166 items

tests/security/test_document_mutation_authorization.py .....             [  3%]
tests/security/test_failure_privacy.py ..                                [  4%]
tests/security/test_readonly_permissions.py ..                           [  5%]
tests/security/test_security_gate.py ...                                 [  7%]
tests/security/test_session_boundary.py ...........                      [ 13%]
tests/security/test_tenant_authorization.py ..                           [ 15%]
tests/security/test_upload_validation.py ....                            [ 17%]
tests/security/test_zero_external_ai.py .........                        [ 22%]
tests/test_aegiswrite.py ....                                            [ 25%]
tests/test_auth.py .........                                             [ 30%]
tests/test_authorship_consistency.py ...                                 [ 32%]
tests/test_capability_contract.py ..                                     [ 33%]
tests/test_citation_intelligence.py ..                                   [ 34%]
tests/test_detector_intelligence.py .......                              [ 39%]
tests/test_document_intelligence.py .........                            [ 44%]
tests/test_editor_revisions.py ....                                      [ 46%]
tests/test_evidence_graph.py ..                                          [ 48%]
tests/test_evidence_report.py ...                                        [ 50%]
tests/test_failure_gate.py ......                                        [ 53%]
tests/test_governance.py ...                                             [ 55%]
tests/test_lineage_contract.py ...................                       [ 66%]
tests/test_operations.py ....                                            [ 69%]
tests/test_organization_state_contract.py ..                             [ 70%]
tests/test_provenance.py ..                                              [ 71%]
tests/test_refine_invariants.py ................                         [ 81%]
tests/test_similarity_engine.py .....                                    [ 84%]
tests/test_similarity_workflow.py .......                                [ 88%]
tests/test_storage_urls.py .                                             [ 89%]
tests/test_validation_gate.py ......                                     [ 92%]
tests/test_workspace_onboarding.py ............                          [100%]

=============================== warnings summary ===============================
app/modules/auth/schemas.py:45
  /app/app/modules/auth/schemas.py:45: PydanticDeprecatedSince20: Pydantic V1 style `@validator` validators are deprecated. You should migrate to Pydantic V2 style `@field_validator` validators, see the migration guide for more details. Deprecated in Pydantic V2.0 to be removed in V3.0. See Pydantic V2 Migration Guide at https://errors.pydantic.dev/2.13/migration/
    @validator("password")

app/modules/auth/schemas.py:62
  /app/app/modules/auth/schemas.py:62: PydanticDeprecatedSince20: Support for class-based `config` is deprecated, use ConfigDict instead. Deprecated in Pydantic V2.0 to be removed in V3.0. See Pydantic V2 Migration Guide at https://errors.pydantic.dev/2.13/migration/
    class UserResponse(UserBase):

app/modules/auth/schemas.py:120
  /app/app/modules/auth/schemas.py:120: PydanticDeprecatedSince20: Support for class-based `config` is deprecated, use ConfigDict instead. Deprecated in Pydantic V2.0 to be removed in V3.0. See Pydantic V2 Migration Guide at https://errors.pydantic.dev/2.13/migration/
    class ApiKeyResponse(BaseModel):

app/modules/audit/schemas.py:22
  /app/app/modules/audit/schemas.py:22: PydanticDeprecatedSince20: Support for class-based `config` is deprecated, use ConfigDict instead. Deprecated in Pydantic V2.0 to be removed in V3.0. See Pydantic V2 Migration Guide at https://errors.pydantic.dev/2.13/migration/
    class AuditLogResponse(BaseModel):

app/modules/organizations/schemas.py:36
  /app/app/modules/organizations/schemas.py:36: PydanticDeprecatedSince20: Support for class-based `config` is deprecated, use ConfigDict instead. Deprecated in Pydantic V2.0 to be removed in V3.0. See Pydantic V2 Migration Guide at https://errors.pydantic.dev/2.13/migration/
    class OrganizationMembershipResponse(BaseModel):

app/modules/organizations/schemas.py:80
  /app/app/modules/organizations/schemas.py:80: PydanticDeprecatedSince20: Support for class-based `config` is deprecated, use ConfigDict instead. Deprecated in Pydantic V2.0 to be removed in V3.0. See Pydantic V2 Migration Guide at https://errors.pydantic.dev/2.13/migration/
    class MemberResponse(BaseModel):

app/modules/documents/schemas.py:25
  /app/app/modules/documents/schemas.py:25: PydanticDeprecatedSince20: Support for class-based `config` is deprecated, use ConfigDict instead. Deprecated in Pydantic V2.0 to be removed in V3.0. See Pydantic V2 Migration Guide at https://errors.pydantic.dev/2.13/migration/
    class DocumentResponse(DocumentBase):

app/modules/documents/schemas.py:139
  /app/app/modules/documents/schemas.py:139: PydanticDeprecatedSince20: Support for class-based `config` is deprecated, use ConfigDict instead. Deprecated in Pydantic V2.0 to be removed in V3.0. See Pydantic V2 Migration Guide at https://errors.pydantic.dev/2.13/migration/
    class DocumentVersionResponse(BaseModel):

app/modules/jobs/schemas.py:21
  /app/app/modules/jobs/schemas.py:21: PydanticDeprecatedSince20: Support for class-based `config` is deprecated, use ConfigDict instead. Deprecated in Pydantic V2.0 to be removed in V3.0. See Pydantic V2 Migration Guide at https://errors.pydantic.dev/2.13/migration/
    class JobResponse(JobBase):

app/modules/evidence/schemas.py:70
  /app/app/modules/evidence/schemas.py:70: PydanticDeprecatedSince20: Support for class-based `config` is deprecated, use ConfigDict instead. Deprecated in Pydantic V2.0 to be removed in V3.0. See Pydantic V2 Migration Guide at https://errors.pydantic.dev/2.13/migration/
    class IntegrityReportResponse(BaseModel):

app/modules/assignments/schemas.py:20
  /app/app/modules/assignments/schemas.py:20: PydanticDeprecatedSince20: Support for class-based `config` is deprecated, use ConfigDict instead. Deprecated in Pydantic V2.0 to be removed in V3.0. See Pydantic V2 Migration Guide at https://errors.pydantic.dev/2.13/migration/
    class AssignmentResponse(AssignmentCreate):

app/modules/assignments/schemas.py:37
  /app/app/modules/assignments/schemas.py:37: PydanticDeprecatedSince20: Support for class-based `config` is deprecated, use ConfigDict instead. Deprecated in Pydantic V2.0 to be removed in V3.0. See Pydantic V2 Migration Guide at https://errors.pydantic.dev/2.13/migration/
    class SubmissionResponse(BaseModel):

-- Docs: https://docs.pytest.org/en/stable/how-to/capture-warnings.html
====================== 166 passed, 12 warnings in 45.57s =======================
