
> azaeron-frontend@1.0.0 build
> node ./node_modules/next/dist/bin/next build

▲ Next.js 16.3.3 (Turbopack)
✓ Running next.config.ts took 69ms

  Creating an optimized production build ...
✓ Compiled successfully in 747ms
  Running TypeScript ...
  Finished TypeScript in 851ms ...
  Collecting page data using 9 workers ...
  Generating static pages using 9 workers (0/24) ...
  Generating static pages using 9 workers (6/24) 
  Generating static pages using 9 workers (12/24) 
  Generating static pages using 9 workers (18/24) 
✓ Generating static pages using 9 workers (24/24) in 172ms
  Finalizing page optimization ...

Route (app)
┌ ○ /
├ ○ /_not-found
├ ○ /admin
├ ○ /authorship
├ ○ /check
├ ○ /citations
├ ○ /dashboard
├ ○ /documents
├ ƒ /documents/[id]
├ ○ /erasure-status
├ ○ /evidence-graph
├ ○ /forgot-password
├ ○ /login
├ ○ /onboarding
├ ○ /provenance
├ ○ /register
├ ○ /reports
├ ○ /reset-password
├ ○ /settings
├ ○ /similarity
├ ○ /sources
├ ○ /upload
├ ○ /verify-email
└ ○ /write


○  (Static)   prerendered as static content
ƒ  (Dynamic)  server-rendered on demand

