[2026-09-30 00:20:29,001: WARNING/ForkPoolWorker-2] 2026-09-30 00:20:29 [info     ] authorship_consistency_analyzed baseline_quality=MISSING_BASELINE document_id=5189e797-4cc5-4842-900f-296a9cf81a0d profile_id=None release_id=development request_id=e6632d51-89bf-4fe0-92c5-ee8ca5ec7eba trace_id=ff934f8a006991c673d7b047904ee622 verdict=INSUFFICIENT_DATA
[2026-09-30 00:20:29,418: WARNING/ForkPoolWorker-2] 2026-09-30 00:20:29 [info     ] provenance_event_recorded      document_id=5189e797-4cc5-4842-900f-296a9cf81a0d document_version_id=865f9e49-8fb3-4098-8f51-b1b3a6fe5d57 event_type=analysis_run release_id=development request_id=e6632d51-89bf-4fe0-92c5-ee8ca5ec7eba trace_id=ff934f8a006991c673d7b047904ee622
[2026-09-30 00:20:32,947: WARNING/ForkPoolWorker-1] 2026-09-30 00:20:32 [info     ] detection_analysis_complete    abstained=True document_id=fc06abec-8037-4020-b08f-41340a79eaeb release_id=development request_id=5c9b8465-1e08-4726-9a58-bda4ffd3bffd trace_id=b7c07112a959fb0b97e9ca422d9225b3 verdict=insufficient_evidence
[2026-09-30 00:20:56,283: WARNING/ForkPoolWorker-2] Transient error StatusCode.DEADLINE_EXCEEDED encountered while exporting traces to otel-collector:4317, retrying in 1s.
[2026-09-30 00:20:56,362: WARNING/ForkPoolWorker-1] Transient error StatusCode.DEADLINE_EXCEEDED encountered while exporting traces to otel-collector:4317, retrying in 1s.
[2026-09-30 00:21:03,163: WARNING/ForkPoolWorker-2] Transient error StatusCode.DEADLINE_EXCEEDED encountered while exporting traces to otel-collector:4317, retrying in 2s.
[2026-09-30 00:21:03,285: WARNING/ForkPoolWorker-1] Transient error StatusCode.DEADLINE_EXCEEDED encountered while exporting traces to otel-collector:4317, retrying in 2s.
[2026-09-30 00:21:05,613: WARNING/ForkPoolWorker-2] 2026-09-30 00:21:05 [info     ] document_processing_complete   document_id=5189e797-4cc5-4842-900f-296a9cf81a0d job_id=4b683323-f112-5c96-a55b-32d75b4a089b release_id=development request_id=e6632d51-89bf-4fe0-92c5-ee8ca5ec7eba trace_id=ff934f8a006991c673d7b047904ee622
[2026-09-30 00:21:05,788: WARNING/ForkPoolWorker-1] 2026-09-30 00:21:05 [info     ] citation_intelligence_complete citations=0 claims=0 document_id=fc06abec-8037-4020-b08f-41340a79eaeb references=0 release_id=development request_id=5c9b8465-1e08-4726-9a58-bda4ffd3bffd resolver=crossref-doi-metadata-v1 trace_id=b7c07112a959fb0b97e9ca422d9225b3
[2026-09-30 00:21:05,984: INFO/ForkPoolWorker-2] Task app.workers.tasks.process_document[413ac129-5ca7-49ba-a6c2-6fc5a588d1fb] succeeded in 73.03899853400071s: None
[2026-09-30 00:21:06,079: INFO/MainProcess] Task app.workers.tasks.reconcile_usage[6f927077-7baa-499b-9912-e7b71e194bfc] received
[2026-09-30 00:21:06,124: WARNING/ForkPoolWorker-1] 2026-09-30 00:21:06 [info     ] authorship_consistency_analyzed baseline_quality=MISSING_BASELINE document_id=fc06abec-8037-4020-b08f-41340a79eaeb profile_id=None release_id=development request_id=5c9b8465-1e08-4726-9a58-bda4ffd3bffd trace_id=b7c07112a959fb0b97e9ca422d9225b3 verdict=INSUFFICIENT_DATA
[2026-09-30 00:21:06,225: WARNING/ForkPoolWorker-1] 2026-09-30 00:21:06 [info     ] provenance_event_recorded      document_id=fc06abec-8037-4020-b08f-41340a79eaeb document_version_id=512873cc-fa04-4a87-8262-db09d58883cf event_type=analysis_run release_id=development request_id=5c9b8465-1e08-4726-9a58-bda4ffd3bffd trace_id=b7c07112a959fb0b97e9ca422d9225b3
[2026-09-30 00:21:06,976: INFO/ForkPoolWorker-2] Task app.workers.tasks.reconcile_usage[6f927077-7baa-499b-9912-e7b71e194bfc] succeeded in 0.8411318759899586s: {'organizations': 0, 'released': 0, 'receipts_expired': 0}
[2026-09-30 00:21:07,729: INFO/MainProcess] Task app.workers.tasks.process_document[0dc830d3-8603-41db-98a9-99052c6dab3b] received
[2026-09-30 00:21:13,641: WARNING/ForkPoolWorker-2] Transient error StatusCode.DEADLINE_EXCEEDED encountered while exporting traces to otel-collector:4317, retrying in 1s.
[2026-09-30 00:21:13,763: WARNING/ForkPoolWorker-1] Transient error StatusCode.DEADLINE_EXCEEDED encountered while exporting traces to otel-collector:4317, retrying in 1s.
[2026-09-30 00:21:13,940: WARNING/ForkPoolWorker-2] 2026-09-30 00:21:13 [info     ] detection_analysis_complete    abstained=True document_id=8481f390-681d-466a-a337-c52496c74c3e release_id=development request_id=7ea79c9f-12fb-4e49-a8a4-65a749505a91 trace_id=6fbc7912945dc9cca3e92edc473d80d2 verdict=insufficient_evidence
[2026-09-30 00:21:20,089: WARNING/ForkPoolWorker-1] Transient error StatusCode.DEADLINE_EXCEEDED encountered while exporting traces to otel-collector:4317, retrying in 2s.
[2026-09-30 00:21:20,348: WARNING/ForkPoolWorker-2] Transient error StatusCode.DEADLINE_EXCEEDED encountered while exporting traces to otel-collector:4317, retrying in 2s.
[2026-09-30 00:21:36,137: WARNING/ForkPoolWorker-1] 2026-09-30 00:21:36 [info     ] document_processing_complete   document_id=fc06abec-8037-4020-b08f-41340a79eaeb job_id=d4e53e45-2382-529c-b864-828d5f9bc69f release_id=development request_id=5c9b8465-1e08-4726-9a58-bda4ffd3bffd trace_id=b7c07112a959fb0b97e9ca422d9225b3
[2026-09-30 00:21:36,808: INFO/ForkPoolWorker-1] Task app.workers.tasks.process_document[3a8cc9d7-0e15-4a91-9025-701afa4850de] succeeded in 69.02630074101035s: None
[2026-09-30 00:21:39,272: WARNING/ForkPoolWorker-2] 2026-09-30 00:21:39 [info     ] citation_intelligence_complete citations=0 claims=0 document_id=8481f390-681d-466a-a337-c52496c74c3e references=0 release_id=development request_id=7ea79c9f-12fb-4e49-a8a4-65a749505a91 resolver=crossref-doi-metadata-v1 trace_id=6fbc7912945dc9cca3e92edc473d80d2
[2026-09-30 00:21:39,876: WARNING/ForkPoolWorker-2] 2026-09-30 00:21:39 [info     ] authorship_consistency_analyzed baseline_quality=MISSING_BASELINE document_id=8481f390-681d-466a-a337-c52496c74c3e profile_id=None release_id=development request_id=7ea79c9f-12fb-4e49-a8a4-65a749505a91 trace_id=6fbc7912945dc9cca3e92edc473d80d2 verdict=INSUFFICIENT_DATA
[2026-09-30 00:21:40,079: INFO/MainProcess] Task app.workers.tasks.erase_private_data[8818d8e3-946b-419c-830b-65541514f7ad] received
[2026-09-30 00:21:41,847: WARNING/ForkPoolWorker-2] 2026-09-30 00:21:41 [info     ] provenance_event_recorded      document_id=8481f390-681d-466a-a337-c52496c74c3e document_version_id=a2de31bf-2b76-43e2-ad2c-ecb412385586 event_type=analysis_run release_id=development request_id=7ea79c9f-12fb-4e49-a8a4-65a749505a91 trace_id=6fbc7912945dc9cca3e92edc473d80d2
[2026-09-30 00:21:42,713: WARNING/ForkPoolWorker-2] Transient error StatusCode.DEADLINE_EXCEEDED encountered while exporting traces to otel-collector:4317, retrying in 1s.
[2026-09-30 00:21:44,199: WARNING/ForkPoolWorker-1] Transient error StatusCode.DEADLINE_EXCEEDED encountered while exporting traces to otel-collector:4317, retrying in 1s.
[2026-09-30 00:21:44,524: INFO/ForkPoolWorker-1] Task app.workers.tasks.erase_private_data[8818d8e3-946b-419c-830b-65541514f7ad] succeeded in 4.398446460982086s: {}
[2026-09-30 00:21:44,954: INFO/MainProcess] Task app.workers.tasks.process_document[ca7ff987-e7d0-4236-a55c-336245bc0b12] received
[2026-09-30 00:21:51,715: WARNING/ForkPoolWorker-1] Transient error StatusCode.DEADLINE_EXCEEDED encountered while exporting traces to otel-collector:4317, retrying in 1s.
[2026-09-30 00:21:57,643: WARNING/ForkPoolWorker-2] Transient error StatusCode.DEADLINE_EXCEEDED encountered while exporting traces to otel-collector:4317, retrying in 1s.
[2026-09-30 00:21:58,411: WARNING/ForkPoolWorker-1] Transient error StatusCode.DEADLINE_EXCEEDED encountered while exporting traces to otel-collector:4317, retrying in 2s.
[2026-09-30 00:21:59,919: WARNING/ForkPoolWorker-1] 2026-09-30 00:21:59 [info     ] detection_analysis_complete    abstained=True document_id=1492bb5e-c729-4e6b-8020-1121e9cb2df1 release_id=development request_id=a1ff4a83-8398-4c1a-98ba-87fc57f99a39 trace_id=93c37484e2103a163c95618e8b5c3fa1 verdict=insufficient_evidence
[2026-09-30 00:22:12,002: WARNING/ForkPoolWorker-1] Transient error StatusCode.DEADLINE_EXCEEDED encountered while exporting traces to otel-collector:4317, retrying in 1s.
[2026-09-30 00:22:18,263: WARNING/ForkPoolWorker-1] Transient error StatusCode.DEADLINE_EXCEEDED encountered while exporting traces to otel-collector:4317, retrying in 2s.
[2026-09-30 00:22:21,807: WARNING/ForkPoolWorker-2] Transient error StatusCode.DEADLINE_EXCEEDED encountered while exporting traces to otel-collector:4317, retrying in 1s.
[2026-09-30 00:22:23,968: WARNING/ForkPoolWorker-1] 2026-09-30 00:22:23 [info     ] citation_intelligence_complete citations=0 claims=0 document_id=1492bb5e-c729-4e6b-8020-1121e9cb2df1 references=0 release_id=development request_id=a1ff4a83-8398-4c1a-98ba-87fc57f99a39 resolver=crossref-doi-metadata-v1 trace_id=93c37484e2103a163c95618e8b5c3fa1
[2026-09-30 00:22:24,360: WARNING/ForkPoolWorker-1] 2026-09-30 00:22:24 [info     ] authorship_consistency_analyzed baseline_quality=MISSING_BASELINE document_id=1492bb5e-c729-4e6b-8020-1121e9cb2df1 profile_id=None release_id=development request_id=a1ff4a83-8398-4c1a-98ba-87fc57f99a39 trace_id=93c37484e2103a163c95618e8b5c3fa1 verdict=INSUFFICIENT_DATA
[2026-09-30 00:22:24,502: WARNING/ForkPoolWorker-1] 2026-09-30 00:22:24 [info     ] provenance_event_recorded      document_id=1492bb5e-c729-4e6b-8020-1121e9cb2df1 document_version_id=d563a0f4-ffbd-4983-8b62-8d44f35ab4a6 event_type=analysis_run release_id=development request_id=a1ff4a83-8398-4c1a-98ba-87fc57f99a39 trace_id=93c37484e2103a163c95618e8b5c3fa1
[2026-09-30 00:22:26,315: WARNING/ForkPoolWorker-1] Transient error StatusCode.DEADLINE_EXCEEDED encountered while exporting traces to otel-collector:4317, retrying in 1s.
[2026-09-30 00:22:28,229: WARNING/ForkPoolWorker-2] Transient error StatusCode.DEADLINE_EXCEEDED encountered while exporting traces to otel-collector:4317, retrying in 2s.
[2026-09-30 00:22:32,655: WARNING/ForkPoolWorker-1] Transient error StatusCode.DEADLINE_EXCEEDED encountered while exporting traces to otel-collector:4317, retrying in 2s.
[2026-09-30 00:22:39,674: WARNING/ForkPoolWorker-2] Transient error StatusCode.DEADLINE_EXCEEDED encountered while exporting traces to otel-collector:4317, retrying in 1s.
[2026-09-30 00:22:40,162: WARNING/ForkPoolWorker-1] Transient error StatusCode.DEADLINE_EXCEEDED encountered while exporting traces to otel-collector:4317, retrying in 4s.
[2026-09-30 00:22:47,093: WARNING/ForkPoolWorker-2] Transient error StatusCode.DEADLINE_EXCEEDED encountered while exporting traces to otel-collector:4317, retrying in 2s.
[2026-09-30 00:22:47,751: WARNING/ForkPoolWorker-2] 2026-09-30 00:22:47 [info     ] document_processing_complete   document_id=8481f390-681d-466a-a337-c52496c74c3e job_id=e66dea64-cb90-5b9e-bf7e-9fe597315d42 release_id=development request_id=7ea79c9f-12fb-4e49-a8a4-65a749505a91 trace_id=6fbc7912945dc9cca3e92edc473d80d2
[2026-09-30 00:22:47,891: INFO/ForkPoolWorker-2] Task app.workers.tasks.process_document[0dc830d3-8603-41db-98a9-99052c6dab3b] succeeded in 100.1635436299839s: None
[2026-09-30 00:22:48,107: INFO/MainProcess] Task app.workers.tasks.deliver_identity_mail[c64f5cc2-16c6-49db-ae9d-5ba6228aea6e] received
[2026-09-30 00:22:51,519: INFO/ForkPoolWorker-2] Task app.workers.tasks.deliver_identity_mail[c64f5cc2-16c6-49db-ae9d-5ba6228aea6e] succeeded in 3.3838055009837262s: {'sent': 0, 'failed': 0, 'expired': 0}
[2026-09-30 00:22:52,591: INFO/MainProcess] Task app.workers.tasks.process_document[87a97fd6-2815-4dc8-8cdc-dae51f6667ea] received
[2026-09-30 00:22:59,230: WARNING/ForkPoolWorker-2] Transient error StatusCode.DEADLINE_EXCEEDED encountered while exporting traces to otel-collector:4317, retrying in 1s.
[2026-09-30 00:23:04,809: WARNING/ForkPoolWorker-1] Transient error StatusCode.DEADLINE_EXCEEDED encountered while exporting traces to otel-collector:4317, retrying in 8s.
[2026-09-30 00:23:05,175: WARNING/ForkPoolWorker-2] 2026-09-30 00:23:05 [info     ] detection_analysis_complete    abstained=True document_id=1a5d7964-1fdd-42b9-9fe3-815ba5ec5580 release_id=development request_id=dcab3c50-84f9-4e76-a979-88586bab6329 trace_id=7eacfc16abbc9d03cf37c2dbd6d01d2e verdict=insufficient_evidence
[2026-09-30 00:23:06,786: WARNING/ForkPoolWorker-2] Transient error StatusCode.DEADLINE_EXCEEDED encountered while exporting traces to otel-collector:4317, retrying in 2s.
[2026-09-30 00:23:14,375: WARNING/ForkPoolWorker-2] Transient error StatusCode.DEADLINE_EXCEEDED encountered while exporting traces to otel-collector:4317, retrying in 4s.
[2026-09-30 00:23:18,701: WARNING/ForkPoolWorker-1] Transient error StatusCode.DEADLINE_EXCEEDED encountered while exporting traces to otel-collector:4317, retrying in 16s.
[2026-09-30 00:23:24,514: WARNING/ForkPoolWorker-2] Transient error StatusCode.DEADLINE_EXCEEDED encountered while exporting traces to otel-collector:4317, retrying in 8s.
[2026-09-30 00:23:37,702: WARNING/ForkPoolWorker-2] Transient error StatusCode.DEADLINE_EXCEEDED encountered while exporting traces to otel-collector:4317, retrying in 16s.
[2026-09-30 00:23:40,591: WARNING/ForkPoolWorker-1] Transient error StatusCode.DEADLINE_EXCEEDED encountered while exporting traces to otel-collector:4317, retrying in 32s.
[2026-09-30 00:23:43,786: WARNING/ForkPoolWorker-1] 2026-09-30 00:23:43 [info     ] document_processing_complete   document_id=1492bb5e-c729-4e6b-8020-1121e9cb2df1 job_id=2447bf02-2b55-5d6b-8731-e594cd485794 release_id=development request_id=a1ff4a83-8398-4c1a-98ba-87fc57f99a39 trace_id=93c37484e2103a163c95618e8b5c3fa1
[2026-09-30 00:23:44,681: INFO/ForkPoolWorker-1] Task app.workers.tasks.process_document[ca7ff987-e7d0-4236-a55c-336245bc0b12] succeeded in 119.48104334698291s: None
[2026-09-30 00:23:45,164: INFO/MainProcess] Task app.workers.tasks.erase_private_data[675f1ea3-0383-4bdf-9ede-70cecb09c7b5] received
[2026-09-30 00:23:46,644: INFO/ForkPoolWorker-1] Task app.workers.tasks.erase_private_data[675f1ea3-0383-4bdf-9ede-70cecb09c7b5] succeeded in 1.381678167002974s: {}
[2026-09-30 00:23:46,956: INFO/MainProcess] Task app.workers.tasks.process_document[e98f9b52-7874-4d7d-8736-da69df8d617a] received
[2026-09-30 00:23:53,275: WARNING/ForkPoolWorker-1] 2026-09-30 00:23:53 [info     ] detection_analysis_complete    abstained=True document_id=ce021abf-2502-4b48-9d28-642f20ec44a1 release_id=development request_id=1155d141-94f0-4bd9-8254-a3a5fe434d7c trace_id=e39bab36b9423b52fcd25aee64416359 verdict=insufficient_evidence
[2026-09-30 00:23:58,675: WARNING/ForkPoolWorker-2] Transient error StatusCode.DEADLINE_EXCEEDED encountered while exporting traces to otel-collector:4317, retrying in 32s.
[2026-09-30 00:24:19,112: WARNING/ForkPoolWorker-1] Transient error StatusCode.DEADLINE_EXCEEDED encountered while exporting traces to otel-collector:4317, retrying in 1s.
[2026-09-30 00:24:26,838: WARNING/ForkPoolWorker-1] Transient error StatusCode.DEADLINE_EXCEEDED encountered while exporting traces to otel-collector:4317, retrying in 2s.
[2026-09-30 00:24:34,954: WARNING/ForkPoolWorker-1] Transient error StatusCode.DEADLINE_EXCEEDED encountered while exporting traces to otel-collector:4317, retrying in 4s.
[2026-09-30 00:24:36,529: WARNING/ForkPoolWorker-2] Transient error StatusCode.DEADLINE_EXCEEDED encountered while exporting traces to otel-collector:4317, retrying in 1s.
[2026-09-30 00:24:44,769: WARNING/ForkPoolWorker-2] Transient error StatusCode.DEADLINE_EXCEEDED encountered while exporting traces to otel-collector:4317, retrying in 2s.
[2026-09-30 00:24:46,848: WARNING/ForkPoolWorker-1] Transient error StatusCode.DEADLINE_EXCEEDED encountered while exporting traces to otel-collector:4317, retrying in 8s.
[2026-09-30 00:24:52,352: WARNING/ForkPoolWorker-2] Transient error StatusCode.DEADLINE_EXCEEDED encountered while exporting traces to otel-collector:4317, retrying in 4s.
[2026-09-30 00:25:02,726: WARNING/ForkPoolWorker-1] Transient error StatusCode.DEADLINE_EXCEEDED encountered while exporting traces to otel-collector:4317, retrying in 16s.
[2026-09-30 00:25:03,101: WARNING/ForkPoolWorker-2] Transient error StatusCode.DEADLINE_EXCEEDED encountered while exporting traces to otel-collector:4317, retrying in 8s.
[2026-09-30 00:25:05,029: WARNING/ForkPoolWorker-1] 2026-09-30 00:25:04 [error    ] document_processing_failed     error_type=TimeoutError job_id=9ba7f58b-ef9c-56fd-9d23-bc3c90fa7fc6 release_id=development request_id=1155d141-94f0-4bd9-8254-a3a5fe434d7c trace_id=e39bab36b9423b52fcd25aee64416359
[2026-09-30 00:25:09,268: INFO/ForkPoolWorker-1] Task app.workers.tasks.process_document[e98f9b52-7874-4d7d-8736-da69df8d617a] retry: Retry in 30s: RuntimeError('Document processing failed')
[2026-09-30 00:25:09,742: INFO/MainProcess] Task app.workers.tasks.deliver_identity_mail[20af459a-7884-4f1c-bed1-f01e1aba320d] received
[2026-09-30 00:25:10,340: INFO/ForkPoolWorker-1] Task app.workers.tasks.deliver_identity_mail[20af459a-7884-4f1c-bed1-f01e1aba320d] succeeded in 0.587960375007242s: {'sent': 0, 'failed': 0, 'expired': 0}
[2026-09-30 00:25:10,450: INFO/MainProcess] Task app.workers.tasks.process_document[8a25b7b2-b4e4-459f-b63e-10535efcf05c] received
[2026-09-30 00:25:18,554: WARNING/ForkPoolWorker-2] Transient error StatusCode.DEADLINE_EXCEEDED encountered while exporting traces to otel-collector:4317, retrying in 16s.
[2026-09-30 00:25:24,169: WARNING/ForkPoolWorker-1] Transient error StatusCode.DEADLINE_EXCEEDED encountered while exporting traces to otel-collector:4317, retrying in 32s.
[2026-09-30 00:25:25,117: WARNING/ForkPoolWorker-1] 2026-09-30 00:25:25 [info     ] detection_analysis_complete    abstained=True document_id=f09d591e-f6de-4af8-8bfd-85c6f662f317 release_id=development request_id=8234ab37-6171-46ab-bd6c-e206e942ade3 trace_id=348021a8bea05cf35400c15120029df7 verdict=insufficient_evidence
[2026-09-30 00:25:41,473: WARNING/ForkPoolWorker-2] Transient error StatusCode.DEADLINE_EXCEEDED encountered while exporting traces to otel-collector:4317, retrying in 32s.
[2026-09-30 00:26:01,717: WARNING/ForkPoolWorker-1] 2026-09-30 00:26:01 [info     ] citation_intelligence_complete citations=0 claims=0 document_id=f09d591e-f6de-4af8-8bfd-85c6f662f317 references=0 release_id=development request_id=8234ab37-6171-46ab-bd6c-e206e942ade3 resolver=crossref-doi-metadata-v1 trace_id=348021a8bea05cf35400c15120029df7
[2026-09-30 00:26:02,829: WARNING/ForkPoolWorker-1] 2026-09-30 00:26:02 [info     ] authorship_consistency_analyzed baseline_quality=MISSING_BASELINE document_id=f09d591e-f6de-4af8-8bfd-85c6f662f317 profile_id=None release_id=development request_id=8234ab37-6171-46ab-bd6c-e206e942ade3 trace_id=348021a8bea05cf35400c15120029df7 verdict=INSUFFICIENT_DATA
[2026-09-30 00:26:04,390: WARNING/ForkPoolWorker-1] Transient error StatusCode.DEADLINE_EXCEEDED encountered while exporting traces to otel-collector:4317, retrying in 1s.
[2026-09-30 00:26:06,804: WARNING/ForkPoolWorker-1] 2026-09-30 00:26:06 [info     ] provenance_event_recorded      document_id=f09d591e-f6de-4af8-8bfd-85c6f662f317 document_version_id=d3b00cb6-b78f-41e0-b6fd-bed1076583f1 event_type=analysis_run release_id=development request_id=8234ab37-6171-46ab-bd6c-e206e942ade3 trace_id=348021a8bea05cf35400c15120029df7
[2026-09-30 00:26:12,578: WARNING/ForkPoolWorker-1] Transient error StatusCode.DEADLINE_EXCEEDED encountered while exporting traces to otel-collector:4317, retrying in 2s.
[2026-09-30 00:26:22,093: WARNING/ForkPoolWorker-1] Transient error StatusCode.DEADLINE_EXCEEDED encountered while exporting traces to otel-collector:4317, retrying in 4s.
[2026-09-30 00:26:32,674: WARNING/ForkPoolWorker-2] Transient error StatusCode.DEADLINE_EXCEEDED encountered while exporting traces to otel-collector:4317, retrying in 1s.
[2026-09-30 00:26:37,338: WARNING/ForkPoolWorker-1] Transient error StatusCode.DEADLINE_EXCEEDED encountered while exporting traces to otel-collector:4317, retrying in 8s.
[2026-09-30 00:26:40,111: WARNING/ForkPoolWorker-2] Transient error StatusCode.DEADLINE_EXCEEDED encountered while exporting traces to otel-collector:4317, retrying in 2s.
[2026-09-30 00:26:47,392: WARNING/ForkPoolWorker-2] Transient error StatusCode.DEADLINE_EXCEEDED encountered while exporting traces to otel-collector:4317, retrying in 4s.
[2026-09-30 00:26:52,532: WARNING/ForkPoolWorker-1] Transient error StatusCode.DEADLINE_EXCEEDED encountered while exporting traces to otel-collector:4317, retrying in 16s.
[2026-09-30 00:27:00,038: WARNING/ForkPoolWorker-2] Transient error StatusCode.DEADLINE_EXCEEDED encountered while exporting traces to otel-collector:4317, retrying in 1s.
[2026-09-30 00:27:09,070: WARNING/ForkPoolWorker-2] Transient error StatusCode.DEADLINE_EXCEEDED encountered while exporting traces to otel-collector:4317, retrying in 2s.
[2026-09-30 00:27:15,356: WARNING/ForkPoolWorker-1] Transient error StatusCode.DEADLINE_EXCEEDED encountered while exporting traces to otel-collector:4317, retrying in 32s.
[2026-09-30 00:27:16,597: WARNING/ForkPoolWorker-2] Transient error StatusCode.DEADLINE_EXCEEDED encountered while exporting traces to otel-collector:4317, retrying in 4s.
