 Container verity-core-0929-verification-run-95a155685d73 Creating 
 Container verity-core-0929-verification-run-95a155685d73 Created 
Traceback (most recent call last):
  File "/usr/local/bin/mypy", line 8, in <module>
    sys.exit(console_entry())
             ^^^^^^^^^^^^^^^
  File "/usr/local/lib/python3.12/site-packages/mypy/__main__.py", line 15, in console_entry
    main()
  File "/usr/local/lib/python3.12/site-packages/mypy/main.py", line 103, in main
    res, messages, blockers = run_build(sources, options, fscache, t0, stdout, stderr)
                              ^^^^^^^^^^^^^^^^^^^^^^^^^^^^^^^^^^^^^^^^^^^^^^^^^^^^^^^^
  File "/usr/local/lib/python3.12/site-packages/mypy/main.py", line 187, in run_build
    res = build.build(sources, options, None, flush_errors, fscache, stdout, stderr)
          ^^^^^^^^^^^^^^^^^^^^^^^^^^^^^^^^^^^^^^^^^^^^^^^^^^^^^^^^^^^^^^^^^^^^^^^^^^
  File "/usr/local/lib/python3.12/site-packages/mypy/build.py", line 193, in build
    result = _build(
             ^^^^^^^
  File "/usr/local/lib/python3.12/site-packages/mypy/build.py", line 268, in _build
    graph = dispatch(sources, manager, stdout)
            ^^^^^^^^^^^^^^^^^^^^^^^^^^^^^^^^^^
  File "/usr/local/lib/python3.12/site-packages/mypy/build.py", line 2897, in dispatch
    graph = load_graph(sources, manager)
            ^^^^^^^^^^^^^^^^^^^^^^^^^^^^
  File "/usr/local/lib/python3.12/site-packages/mypy/build.py", line 3165, in load_graph
    newst = State(
            ^^^^^^
  File "/usr/local/lib/python3.12/site-packages/mypy/build.py", line 2001, in __init__
    self.compute_dependencies()
  File "/usr/local/lib/python3.12/site-packages/mypy/build.py", line 2293, in compute_dependencies
    dep_entries = manager.all_imported_modules_in_file(
                  ^^^^^^^^^^^^^^^^^^^^^^^^^^^^^^^^^^^^^
  File "/usr/local/lib/python3.12/site-packages/mypy/build.py", line 802, in all_imported_modules_in_file
    if self.is_module(sub_id):
       ^^^^^^^^^^^^^^^^^^^^^^
  File "/usr/local/lib/python3.12/site-packages/mypy/build.py", line 829, in is_module
    return find_module_simple(id, self) is not None
           ^^^^^^^^^^^^^^^^^^^^^^^^^^^^
  File "/usr/local/lib/python3.12/site-packages/mypy/build.py", line 2729, in find_module_simple
    x = find_module_with_reason(id, manager)
        ^^^^^^^^^^^^^^^^^^^^^^^^^^^^^^^^^^^^
  File "/usr/local/lib/python3.12/site-packages/mypy/build.py", line 2738, in find_module_with_reason
    x = manager.find_module_cache.find_module(id)
        ^^^^^^^^^^^^^^^^^^^^^^^^^^^^^^^^^^^^^^^^^
  File "/usr/local/lib/python3.12/site-packages/mypy/modulefinder.py", line 305, in find_module
    and self._can_find_module_in_parent_dir(id)
        ^^^^^^^^^^^^^^^^^^^^^^^^^^^^^^^^^^^^^^^
  File "/usr/local/lib/python3.12/site-packages/mypy/modulefinder.py", line 360, in _can_find_module_in_parent_dir
    while any(is_init_file(file) for file in os.listdir(working_dir)):
                                             ^^^^^^^^^^^^^^^^^^^^^^^
OSError: [Errno 12] Cannot allocate memory: '/app'

