
> azaeron-frontend@1.0.0 test
> playwright test --workers=1


Running 29 tests using 1 worker

(node:50395) Warning: The 'NO_COLOR' env is ignored due to the 'FORCE_COLOR' env being set.
(Use `node --trace-warnings ...` to show where the warning was created)


[1/29] [chromium] › tests/accessibility-live.spec.ts:14:5 › keyboard login and refinement; critical pages have no automated WCAG AA violations
  1) [chromium] › tests/accessibility-live.spec.ts:14:5 › keyboard login and refinement; critical pages have no automated WCAG AA violations 

    Error: apiRequestContext.post: connect ECONNREFUSED ::1:24000
    Call log:
      - → POST http://localhost:24000/api/v1/auth/register
        - user-agent: Mozilla/5.0 (Windows NT 10.0; Win64; x64) AppleWebKit/537.36 (KHTML, like Gecko) Chrome/151.0.7922.34 Safari/537.36
        - accept: */*
        - accept-encoding: gzip,deflate,br
        - Origin: http://localhost:24000
        - content-type: application/json
        - content-length: 84

        at apiRequestContext.post: connect ECONNREFUSED ::1:24000
        at postWithRetryAfter (/Users/ajmiraribam/Projects/azaeron_verity/frontend/tests/live-request.ts:6:36)
        at /Users/ajmiraribam/Projects/azaeron_verity/frontend/tests/accessibility-live.spec.ts:19:35

    Error Context: test-results/accessibility-live-keyboar-14205-utomated-WCAG-AA-violations-chromium/error-context.md


(node:50408) Warning: The 'NO_COLOR' env is ignored due to the 'FORCE_COLOR' env being set.
(Use `node --trace-warnings ...` to show where the warning was created)


[2/29] [chromium] › tests/accessibility-review.spec.ts:15:5 › critical navigation stays operable at narrow widths and restores focus
  2) [chromium] › tests/accessibility-review.spec.ts:15:5 › critical navigation stays operable at narrow widths and restores focus 

    Error: page.goto: net::ERR_CONNECTION_REFUSED at http://localhost:24000/login
    Call log:
      - navigating to "http://localhost:24000/login", waiting until "load"


      18 |   await page.setViewportSize({ width: 320, height: 900 });
      19 |   for (const route of ["/login", "/register"]) {
    > 20 |     await page.goto(route);
         |                ^
      21 |     await expect(page.getByRole("main")).toBeVisible();
      22 |     await expect(page.getByRole("heading", { level: 1 })).toHaveCount(1);
      23 |     expect(await page.evaluate(() => document.documentElement.scrollWidth)).toBeLessThanOrEqual(320);
        at /Users/ajmiraribam/Projects/azaeron_verity/frontend/tests/accessibility-review.spec.ts:20:16

    Error Context: test-results/accessibility-review-criti-e2b75-w-widths-and-restores-focus-chromium/error-context.md


(node:50414) Warning: The 'NO_COLOR' env is ignored due to the 'FORCE_COLOR' env being set.
(Use `node --trace-warnings ...` to show where the warning was created)


[3/29] [chromium] › tests/agent-live.spec.ts:5:5 › private agent: durable prompts, SSE unavailable state, edit, search, rename and deletion
  3) [chromium] › tests/agent-live.spec.ts:5:5 › private agent: durable prompts, SSE unavailable state, edit, search, rename and deletion 

    Error: apiRequestContext.post: connect ECONNREFUSED ::1:24000
    Call log:
      - → POST http://localhost:24000/api/v1/auth/register
        - user-agent: Mozilla/5.0 (Windows NT 10.0; Win64; x64) AppleWebKit/537.36 (KHTML, like Gecko) Chrome/151.0.7922.34 Safari/537.36
        - accept: */*
        - accept-encoding: gzip,deflate,br
        - Origin: http://localhost:24000
        - content-type: application/json
        - content-length: 97

        at apiRequestContext.post: connect ECONNREFUSED ::1:24000
        at postWithRetryAfter (/Users/ajmiraribam/Projects/azaeron_verity/frontend/tests/live-request.ts:6:36)
        at /Users/ajmiraribam/Projects/azaeron_verity/frontend/tests/agent-live.spec.ts:10:35

    Error Context: test-results/agent-live-private-agent-d-859bc--search-rename-and-deletion-chromium/error-context.md


(node:50420) Warning: The 'NO_COLOR' env is ignored due to the 'FORCE_COLOR' env being set.
(Use `node --trace-warnings ...` to show where the warning was created)


[4/29] [chromium] › tests/agent-live.spec.ts:47:5 › agent document tool: pasted intake, grounded read, abstaining detection, no implicit revision
  4) [chromium] › tests/agent-live.spec.ts:47:5 › agent document tool: pasted intake, grounded read, abstaining detection, no implicit revision 

    Error: apiRequestContext.post: connect ECONNREFUSED ::1:24000
    Call log:
      - → POST http://localhost:24000/api/v1/auth/register
        - user-agent: Mozilla/5.0 (Windows NT 10.0; Win64; x64) AppleWebKit/537.36 (KHTML, like Gecko) Chrome/151.0.7922.34 Safari/537.36
        - accept: */*
        - accept-encoding: gzip,deflate,br
        - Origin: http://localhost:24000
        - content-type: application/json
        - content-length: 101

        at apiRequestContext.post: connect ECONNREFUSED ::1:24000
        at postWithRetryAfter (/Users/ajmiraribam/Projects/azaeron_verity/frontend/tests/live-request.ts:6:36)
        at /Users/ajmiraribam/Projects/azaeron_verity/frontend/tests/agent-live.spec.ts:52:35

    Error Context: test-results/agent-live-agent-document--e28c0-ection-no-implicit-revision-chromium/error-context.md


(node:50433) Warning: The 'NO_COLOR' env is ignored due to the 'FORCE_COLOR' env being set.
(Use `node --trace-warnings ...` to show where the warning was created)


[5/29] [chromium] › tests/api-keys.spec.ts:4:5 › API keys show the secret once, rotate, revoke, and avoid browser storage
  5) [chromium] › tests/api-keys.spec.ts:4:5 › API keys show the secret once, rotate, revoke, and avoid browser storage 

    Error: page.goto: net::ERR_CONNECTION_REFUSED at http://localhost:24000/settings?tab=security
    Call log:
      - navigating to "http://localhost:24000/settings?tab=security", waiting until "load"


      29 |     return route.fulfill({ status: 404, json: { detail: "Unexpected fixture request" } });
      30 |   });
    > 31 |   await page.goto("/settings?tab=security");
         |              ^
      32 |   await page.getByLabel("Key name", { exact: true }).fill("Review pipeline");
      33 |   await page.getByLabel("text:verify", { exact: true }).check();
      34 |   await page.getByRole("button", { name: "Create API key", exact: true }).click();
        at /Users/ajmiraribam/Projects/azaeron_verity/frontend/tests/api-keys.spec.ts:31:14

    Error Context: test-results/api-keys-API-keys-show-the-78121-e-and-avoid-browser-storage-chromium/error-context.md


(node:50442) Warning: The 'NO_COLOR' env is ignored due to the 'FORCE_COLOR' env being set.
(Use `node --trace-warnings ...` to show where the warning was created)


[6/29] [chromium] › tests/editor-live.spec.ts:5:5 › editor: selective acceptance, reload, restore, offline recovery and lost-response retry
  6) [chromium] › tests/editor-live.spec.ts:5:5 › editor: selective acceptance, reload, restore, offline recovery and lost-response retry 

    Error: apiRequestContext.post: connect ECONNREFUSED ::1:24000
    Call log:
      - → POST http://localhost:24000/api/v1/auth/register
        - user-agent: Mozilla/5.0 (Windows NT 10.0; Win64; x64) AppleWebKit/537.36 (KHTML, like Gecko) Chrome/151.0.7922.34 Safari/537.36
        - accept: */*
        - accept-encoding: gzip,deflate,br
        - Origin: http://localhost:24000
        - content-type: application/json
        - content-length: 76

        at apiRequestContext.post: connect ECONNREFUSED ::1:24000
        at postWithRetryAfter (/Users/ajmiraribam/Projects/azaeron_verity/frontend/tests/live-request.ts:6:36)
        at /Users/ajmiraribam/Projects/azaeron_verity/frontend/tests/editor-live.spec.ts:10:35

    Error Context: test-results/editor-live-editor-selecti-af9d9-ery-and-lost-response-retry-chromium/error-context.md


(node:50448) Warning: The 'NO_COLOR' env is ignored due to the 'FORCE_COLOR' env being set.
(Use `node --trace-warnings ...` to show where the warning was created)


[7/29] [chromium] › tests/editor-live.spec.ts:118:5 › editor: undo, redo, debounced autosave, rename and archive
  7) [chromium] › tests/editor-live.spec.ts:118:5 › editor: undo, redo, debounced autosave, rename and archive 

    Error: apiRequestContext.post: connect ECONNREFUSED ::1:24000
    Call log:
      - → POST http://localhost:24000/api/v1/auth/register
        - user-agent: Mozilla/5.0 (Windows NT 10.0; Win64; x64) AppleWebKit/537.36 (KHTML, like Gecko) Chrome/151.0.7922.34 Safari/537.36
        - accept: */*
        - accept-encoding: gzip,deflate,br
        - Origin: http://localhost:24000
        - content-type: application/json
        - content-length: 85

        at apiRequestContext.post: connect ECONNREFUSED ::1:24000
        at postWithRetryAfter (/Users/ajmiraribam/Projects/azaeron_verity/frontend/tests/live-request.ts:6:36)
        at /Users/ajmiraribam/Projects/azaeron_verity/frontend/tests/editor-live.spec.ts:123:35

    Error Context: test-results/editor-live-editor-undo-re-999a2-autosave-rename-and-archive-chromium/error-context.md


(node:50453) Warning: The 'NO_COLOR' env is ignored due to the 'FORCE_COLOR' env being set.
(Use `node --trace-warnings ...` to show where the warning was created)


[8/29] [chromium] › tests/error-boundary.spec.ts:3:5 › render errors have a focused recovery boundary and send only closed metadata
  8) [chromium] › tests/error-boundary.spec.ts:3:5 › render errors have a focused recovery boundary and send only closed metadata 

    Error: page.goto: net::ERR_CONNECTION_REFUSED at http://localhost:24000/settings?tab=workspace
    Call log:
      - navigating to "http://localhost:24000/settings?tab=workspace", waiting until "load"


      19 |     return route.fulfill({ status: 404, json: { detail: "Fixture endpoint unavailable" } });
      20 |   });
    > 21 |   await page.goto("/settings?tab=workspace");
         |              ^
      22 |   const heading = page.getByRole("heading", { name: "This page could not load" });
      23 |   await expect(heading).toBeVisible();
      24 |   await expect(heading).toBeFocused();
        at /Users/ajmiraribam/Projects/azaeron_verity/frontend/tests/error-boundary.spec.ts:21:14

    Error Context: test-results/error-boundary-render-erro-73303-d-send-only-closed-metadata-chromium/error-context.md


(node:50473) Warning: The 'NO_COLOR' env is ignored due to the 'FORCE_COLOR' env being set.
(Use `node --trace-warnings ...` to show where the warning was created)


[9/29] [chromium] › tests/identity-live.spec.ts:19:5 › real SMTP verification, MFA recovery login, password reset and device revocation
  9) [chromium] › tests/identity-live.spec.ts:19:5 › real SMTP verification, MFA recovery login, password reset and device revocation 

    Error: apiRequestContext.post: connect ECONNREFUSED ::1:24000
    Call log:
      - → POST http://localhost:24000/api/v1/auth/register
        - user-agent: Mozilla/5.0 (Windows NT 10.0; Win64; x64) AppleWebKit/537.36 (KHTML, like Gecko) Chrome/151.0.7922.34 Safari/537.36
        - accept: */*
        - accept-encoding: gzip,deflate,br
        - Origin: http://localhost:24000
        - content-type: application/json
        - content-length: 108

        at apiRequestContext.post: connect ECONNREFUSED ::1:24000
        at postWithRetryAfter (/Users/ajmiraribam/Projects/azaeron_verity/frontend/tests/live-request.ts:6:36)
        at /Users/ajmiraribam/Projects/azaeron_verity/frontend/tests/identity-live.spec.ts:39:35

    Error Context: test-results/identity-live-real-SMTP-ve-47583-reset-and-device-revocation-chromium/error-context.md


(node:50480) Warning: The 'NO_COLOR' env is ignored due to the 'FORCE_COLOR' env being set.
(Use `node --trace-warnings ...` to show where the warning was created)


[10/29] [chromium] › tests/observability-live.spec.ts:7:5 › browser upload correlates API, database, storage and worker without customer text
  10) [chromium] › tests/observability-live.spec.ts:7:5 › browser upload correlates API, database, storage and worker without customer text 

    Error: apiRequestContext.post: connect ECONNREFUSED ::1:24000
    Call log:
      - → POST http://localhost:24000/api/v1/auth/register
        - user-agent: Mozilla/5.0 (Windows NT 10.0; Win64; x64) AppleWebKit/537.36 (KHTML, like Gecko) Chrome/151.0.7922.34 Safari/537.36
        - accept: */*
        - accept-encoding: gzip,deflate,br
        - Origin: http://localhost:24000
        - content-type: application/json
        - content-length: 131

        at apiRequestContext.post: connect ECONNREFUSED ::1:24000
        at postWithRetryAfter (/Users/ajmiraribam/Projects/azaeron_verity/frontend/tests/live-request.ts:6:36)
        at /Users/ajmiraribam/Projects/azaeron_verity/frontend/tests/observability-live.spec.ts:12:35

    Error Context: test-results/observability-live-browser-98bd1-orker-without-customer-text-chromium/error-context.md


(node:50487) Warning: The 'NO_COLOR' env is ignored due to the 'FORCE_COLOR' env being set.
(Use `node --trace-warnings ...` to show where the warning was created)


[11/29] [chromium] › tests/onboarding.spec.ts:54:5 › an expired access cookie refreshes with a valid request body and restores the workspace
  11) [chromium] › tests/onboarding.spec.ts:54:5 › an expired access cookie refreshes with a valid request body and restores the workspace 

    Error: page.goto: net::ERR_CONNECTION_REFUSED at http://localhost:24000/check
    Call log:
      - navigating to "http://localhost:24000/check", waiting until "load"


      54 | test("an expired access cookie refreshes with a valid request body and restores the workspace", async ({ page }) => {
      55 |   const calls = await mockWorkspace(page, { expired: true });
    > 56 |   await page.goto("/check");
         |              ^
      57 |   await expect(page.getByRole("heading", { name: "Check a document" })).toBeVisible();
      58 |   expect(calls.refreshRequests()).toBe(1);
      59 |   await expect(page.getByRole("combobox", { name: "Active workspace" })).toHaveValue(personal.id);
        at /Users/ajmiraribam/Projects/azaeron_verity/frontend/tests/onboarding.spec.ts:56:14

    Error Context: test-results/onboarding-an-expired-acce-35ec0--and-restores-the-workspace-chromium/error-context.md


(node:50495) Warning: The 'NO_COLOR' env is ignored due to the 'FORCE_COLOR' env being set.
(Use `node --trace-warnings ...` to show where the warning was created)


[12/29] [chromium] › tests/onboarding.spec.ts:63:7 › onboarding gives student the server-provided starting workflow
  12) [chromium] › tests/onboarding.spec.ts:63:7 › onboarding gives student the server-provided starting workflow 

    Error: page.goto: net::ERR_CONNECTION_REFUSED at http://localhost:24000/onboarding
    Call log:
      - navigating to "http://localhost:24000/onboarding", waiting until "load"


      63 |   test(`onboarding gives ${role} the server-provided starting workflow`, async ({ page }) => {
      64 |     await mockWorkspace(page, { onboarded: false, empty: true });
    > 65 |     await page.goto("/onboarding");
         |                ^
      66 |     await page.getByRole("radio", { name: new RegExp(`^${role} `, "i") }).check();
      67 |     await page.getByRole("button", { name: "Create my personal workspace" }).click();
      68 |     await expect(page.getByRole("heading", { name: "Your personal workspace is ready." })).toBeVisible();
        at /Users/ajmiraribam/Projects/azaeron_verity/frontend/tests/onboarding.spec.ts:65:16

    Error Context: test-results/onboarding-onboarding-give-4308e--provided-starting-workflow-chromium/error-context.md


(node:50508) Warning: The 'NO_COLOR' env is ignored due to the 'FORCE_COLOR' env being set.
(Use `node --trace-warnings ...` to show where the warning was created)


[13/29] [chromium] › tests/onboarding.spec.ts:63:7 › onboarding gives teacher the server-provided starting workflow
  13) [chromium] › tests/onboarding.spec.ts:63:7 › onboarding gives teacher the server-provided starting workflow 

    Error: page.goto: net::ERR_CONNECTION_REFUSED at http://localhost:24000/onboarding
    Call log:
      - navigating to "http://localhost:24000/onboarding", waiting until "load"


      63 |   test(`onboarding gives ${role} the server-provided starting workflow`, async ({ page }) => {
      64 |     await mockWorkspace(page, { onboarded: false, empty: true });
    > 65 |     await page.goto("/onboarding");
         |                ^
      66 |     await page.getByRole("radio", { name: new RegExp(`^${role} `, "i") }).check();
      67 |     await page.getByRole("button", { name: "Create my personal workspace" }).click();
      68 |     await expect(page.getByRole("heading", { name: "Your personal workspace is ready." })).toBeVisible();
        at /Users/ajmiraribam/Projects/azaeron_verity/frontend/tests/onboarding.spec.ts:65:16

    Error Context: test-results/onboarding-onboarding-give-133bd--provided-starting-workflow-chromium/error-context.md


(node:50517) Warning: The 'NO_COLOR' env is ignored due to the 'FORCE_COLOR' env being set.
(Use `node --trace-warnings ...` to show where the warning was created)


[14/29] [chromium] › tests/onboarding.spec.ts:63:7 › onboarding gives professor the server-provided starting workflow
  14) [chromium] › tests/onboarding.spec.ts:63:7 › onboarding gives professor the server-provided starting workflow 

    Error: page.goto: net::ERR_CONNECTION_REFUSED at http://localhost:24000/onboarding
    Call log:
      - navigating to "http://localhost:24000/onboarding", waiting until "load"


      63 |   test(`onboarding gives ${role} the server-provided starting workflow`, async ({ page }) => {
      64 |     await mockWorkspace(page, { onboarded: false, empty: true });
    > 65 |     await page.goto("/onboarding");
         |                ^
      66 |     await page.getByRole("radio", { name: new RegExp(`^${role} `, "i") }).check();
      67 |     await page.getByRole("button", { name: "Create my personal workspace" }).click();
      68 |     await expect(page.getByRole("heading", { name: "Your personal workspace is ready." })).toBeVisible();
        at /Users/ajmiraribam/Projects/azaeron_verity/frontend/tests/onboarding.spec.ts:65:16

    Error Context: test-results/onboarding-onboarding-give-431cb--provided-starting-workflow-chromium/error-context.md


(node:50536) Warning: The 'NO_COLOR' env is ignored due to the 'FORCE_COLOR' env being set.
(Use `node --trace-warnings ...` to show where the warning was created)


[15/29] [chromium] › tests/onboarding.spec.ts:63:7 › onboarding gives researcher the server-provided starting workflow
  15) [chromium] › tests/onboarding.spec.ts:63:7 › onboarding gives researcher the server-provided starting workflow 

    Error: page.goto: net::ERR_CONNECTION_REFUSED at http://localhost:24000/onboarding
    Call log:
      - navigating to "http://localhost:24000/onboarding", waiting until "load"


      63 |   test(`onboarding gives ${role} the server-provided starting workflow`, async ({ page }) => {
      64 |     await mockWorkspace(page, { onboarded: false, empty: true });
    > 65 |     await page.goto("/onboarding");
         |                ^
      66 |     await page.getByRole("radio", { name: new RegExp(`^${role} `, "i") }).check();
      67 |     await page.getByRole("button", { name: "Create my personal workspace" }).click();
      68 |     await expect(page.getByRole("heading", { name: "Your personal workspace is ready." })).toBeVisible();
        at /Users/ajmiraribam/Projects/azaeron_verity/frontend/tests/onboarding.spec.ts:65:16

    Error Context: test-results/onboarding-onboarding-give-6cd7b--provided-starting-workflow-chromium/error-context.md


(node:50548) Warning: The 'NO_COLOR' env is ignored due to the 'FORCE_COLOR' env being set.
(Use `node --trace-warnings ...` to show where the warning was created)


[16/29] [chromium] › tests/onboarding.spec.ts:63:7 › onboarding gives reviewer the server-provided starting workflow
  16) [chromium] › tests/onboarding.spec.ts:63:7 › onboarding gives reviewer the server-provided starting workflow 

    Error: page.goto: net::ERR_CONNECTION_REFUSED at http://localhost:24000/onboarding
    Call log:
      - navigating to "http://localhost:24000/onboarding", waiting until "load"


      63 |   test(`onboarding gives ${role} the server-provided starting workflow`, async ({ page }) => {
      64 |     await mockWorkspace(page, { onboarded: false, empty: true });
    > 65 |     await page.goto("/onboarding");
         |                ^
      66 |     await page.getByRole("radio", { name: new RegExp(`^${role} `, "i") }).check();
      67 |     await page.getByRole("button", { name: "Create my personal workspace" }).click();
      68 |     await expect(page.getByRole("heading", { name: "Your personal workspace is ready." })).toBeVisible();
        at /Users/ajmiraribam/Projects/azaeron_verity/frontend/tests/onboarding.spec.ts:65:16

    Error Context: test-results/onboarding-onboarding-give-309ee--provided-starting-workflow-chromium/error-context.md


(node:50564) Warning: The 'NO_COLOR' env is ignored due to the 'FORCE_COLOR' env being set.
(Use `node --trace-warnings ...` to show where the warning was created)


[17/29] [chromium] › tests/onboarding.spec.ts:63:7 › onboarding gives institution the server-provided starting workflow
  17) [chromium] › tests/onboarding.spec.ts:63:7 › onboarding gives institution the server-provided starting workflow 

    Error: page.goto: net::ERR_CONNECTION_REFUSED at http://localhost:24000/onboarding
    Call log:
      - navigating to "http://localhost:24000/onboarding", waiting until "load"


      63 |   test(`onboarding gives ${role} the server-provided starting workflow`, async ({ page }) => {
      64 |     await mockWorkspace(page, { onboarded: false, empty: true });
    > 65 |     await page.goto("/onboarding");
         |                ^
      66 |     await page.getByRole("radio", { name: new RegExp(`^${role} `, "i") }).check();
      67 |     await page.getByRole("button", { name: "Create my personal workspace" }).click();
      68 |     await expect(page.getByRole("heading", { name: "Your personal workspace is ready." })).toBeVisible();
        at /Users/ajmiraribam/Projects/azaeron_verity/frontend/tests/onboarding.spec.ts:65:16

    Error Context: test-results/onboarding-onboarding-give-9d1bf--provided-starting-workflow-chromium/error-context.md


(node:50571) Warning: The 'NO_COLOR' env is ignored due to the 'FORCE_COLOR' env being set.
(Use `node --trace-warnings ...` to show where the warning was created)


[18/29] [chromium] › tests/onboarding.spec.ts:76:5 › a document workflow offers workspace creation inline
  18) [chromium] › tests/onboarding.spec.ts:76:5 › a document workflow offers workspace creation inline 

    Error: page.goto: net::ERR_CONNECTION_REFUSED at http://localhost:24000/check
    Call log:
      - navigating to "http://localhost:24000/check", waiting until "load"


      76 | test("a document workflow offers workspace creation inline", async ({ page }) => {
      77 |   const calls = await mockWorkspace(page, { empty: true });
    > 78 |   await page.goto("/check");
         |              ^
      79 |   await expect(page.getByRole("heading", { name: "Create your workspace" })).toBeVisible();
      80 |   expect(calls.documentRequests()).toBe(0);
      81 |   await page.getByRole("textbox", { name: "Workspace name" }).fill("Personal workspace");
        at /Users/ajmiraribam/Projects/azaeron_verity/frontend/tests/onboarding.spec.ts:78:14

    Error Context: test-results/onboarding-a-document-work-39073-s-workspace-creation-inline-chromium/error-context.md


(node:50586) Warning: The 'NO_COLOR' env is ignored due to the 'FORCE_COLOR' env being set.
(Use `node --trace-warnings ...` to show where the warning was created)


[19/29] [chromium] › tests/onboarding.spec.ts:86:5 › revoked recent membership falls back only after server validation
  19) [chromium] › tests/onboarding.spec.ts:86:5 › revoked recent membership falls back only after server validation 

    Error: page.goto: net::ERR_CONNECTION_REFUSED at http://localhost:24000/documents
    Call log:
      - navigating to "http://localhost:24000/documents", waiting until "load"


      86 | test("revoked recent membership falls back only after server validation", async ({ page }) => {
      87 |   const calls = await mockWorkspace(page, { revoked: true });
    > 88 |   await page.goto("/documents");
         |              ^
      89 |   await expect(page.getByRole("combobox", { name: "Active workspace" })).toHaveValue(personal.id);
      90 |   expect(calls.selected.slice(0, 2)).toEqual([team.id, personal.id]);
      91 |   await expect(page.getByRole("option", { name: team.name })).toHaveCount(0);
        at /Users/ajmiraribam/Projects/azaeron_verity/frontend/tests/onboarding.spec.ts:88:14

    Error Context: test-results/onboarding-revoked-recent--e834c-nly-after-server-validation-chromium/error-context.md


(node:50603) Warning: The 'NO_COLOR' env is ignored due to the 'FORCE_COLOR' env being set.
(Use `node --trace-warnings ...` to show where the warning was created)


[20/29] [chromium] › tests/onboarding.spec.ts:95:5 › failed switching hides tenant data and offers a working retry
  20) [chromium] › tests/onboarding.spec.ts:95:5 › failed switching hides tenant data and offers a working retry 

    Error: page.goto: net::ERR_CONNECTION_REFUSED at http://localhost:24000/documents
    Call log:
      - navigating to "http://localhost:24000/documents", waiting until "load"


       95 | test("failed switching hides tenant data and offers a working retry", async ({ page }) => {
       96 |   await mockWorkspace(page, { failSwitch: true });
    >  97 |   await page.goto("/documents");
          |              ^
       98 |   await expect(page.getByText("Create your first document or import a file")).toBeVisible();
       99 |   await page.getByRole("combobox", { name: "Active workspace" }).selectOption(team.id);
      100 |   await expect(page.getByText("Workspace service temporarily unavailable")).toBeVisible();
        at /Users/ajmiraribam/Projects/azaeron_verity/frontend/tests/onboarding.spec.ts:97:14

    Error Context: test-results/onboarding-failed-switchin-f3462--and-offers-a-working-retry-chromium/error-context.md


(node:50611) Warning: The 'NO_COLOR' env is ignored due to the 'FORCE_COLOR' env being set.
(Use `node --trace-warnings ...` to show where the warning was created)


[21/29] [chromium] › tests/onboarding.spec.ts:111:5 › cached workspace IDs cannot override the server's active membership
  21) [chromium] › tests/onboarding.spec.ts:111:5 › cached workspace IDs cannot override the server's active membership 

    Error: page.goto: net::ERR_CONNECTION_REFUSED at http://localhost:24000/check
    Call log:
      - navigating to "http://localhost:24000/check", waiting until "load"


      112 |   const calls = await mockWorkspace(page);
      113 |   await page.addInitScript(() => localStorage.setItem("azaeron:recent-workspace:user-one", "foreign-tenant"));
    > 114 |   await page.goto("/check");
          |              ^
      115 |   await expect(page.getByRole("combobox", { name: "Active workspace" })).toHaveValue(personal.id);
      116 |   expect(calls.selected).not.toContain("foreign-tenant");
      117 | });
        at /Users/ajmiraribam/Projects/azaeron_verity/frontend/tests/onboarding.spec.ts:114:14

    Error Context: test-results/onboarding-cached-workspac-fd619--server-s-active-membership-chromium/error-context.md


(node:50622) Warning: The 'NO_COLOR' env is ignored due to the 'FORCE_COLOR' env being set.
(Use `node --trace-warnings ...` to show where the warning was created)


[22/29] [chromium] › tests/onboarding.spec.ts:119:5 › focused workspace navigation exposes five products and honest empty states
  22) [chromium] › tests/onboarding.spec.ts:119:5 › focused workspace navigation exposes five products and honest empty states 

    Error: page.goto: net::ERR_CONNECTION_REFUSED at http://localhost:24000/dashboard
    Call log:
      - navigating to "http://localhost:24000/dashboard", waiting until "load"


      119 | test("focused workspace navigation exposes five products and honest empty states", async ({ page }) => {
      120 |   await mockWorkspace(page);
    > 121 |   await page.goto("/dashboard");
          |              ^
      122 |   await expect(page.getByRole("heading", { name: "Write better. Check confidently. Understand your work." })).toBeVisible();
      123 |   const navigation = page.getByRole("navigation", { name: "Workspace navigation" });
      124 |   await expect(navigation.getByRole("link")).toHaveText([
        at /Users/ajmiraribam/Projects/azaeron_verity/frontend/tests/onboarding.spec.ts:121:14

    Error Context: test-results/onboarding-focused-workspa-0d223-cts-and-honest-empty-states-chromium/error-context.md


(node:50632) Warning: The 'NO_COLOR' env is ignored due to the 'FORCE_COLOR' env being set.
(Use `node --trace-warnings ...` to show where the warning was created)


[23/29] [chromium] › tests/privacy.spec.ts:4:5 › privacy form requires explicit confirmation and keeps its receipt out of persistent storage
  23) [chromium] › tests/privacy.spec.ts:4:5 › privacy form requires explicit confirmation and keeps its receipt out of persistent storage 

    Error: page.goto: net::ERR_CONNECTION_REFUSED at http://localhost:24000/settings?tab=security
    Call log:
      - navigating to "http://localhost:24000/settings?tab=security", waiting until "load"


      24 |     return route.fulfill({ status: 404, json: { detail: "Unexpected fixture request" } });
      25 |   });
    > 26 |   await page.goto("/settings?tab=security");
         |              ^
      27 |   await page.getByLabel("Data to erase").selectOption("account");
      28 |   await page.getByLabel("Password to authorize erasure").fill("fixture-password-only");
      29 |   const submit = page.getByRole("button", { name: "Permanently erase selected data" });
        at /Users/ajmiraribam/Projects/azaeron_verity/frontend/tests/privacy.spec.ts:26:14

    Error Context: test-results/privacy-privacy-form-requi-c15d8-t-out-of-persistent-storage-chromium/error-context.md


(node:50647) Warning: The 'NO_COLOR' env is ignored due to the 'FORCE_COLOR' env being set.
(Use `node --trace-warnings ...` to show where the warning was created)


[24/29] [chromium] › tests/usage.spec.ts:4:5 › workspace usage shows authoritative totals and handles unavailable refresh
  24) [chromium] › tests/usage.spec.ts:4:5 › workspace usage shows authoritative totals and handles unavailable refresh 

    Error: page.goto: net::ERR_CONNECTION_REFUSED at http://localhost:24000/settings?tab=workspace
    Call log:
      - navigating to "http://localhost:24000/settings?tab=workspace", waiting until "load"


      15 |     return route.fulfill({ status: 404, json: { detail: "Unexpected fixture request" } });
      16 |   });
    > 17 |   await page.goto("/settings?tab=workspace");
         |              ^
      18 |   await expect(page.getByText("17 completed · 2 pending · 200 limit")).toBeVisible();
      19 |   await page.setViewportSize({ width: 375, height: 812 });
      20 |   expect(await page.evaluate(() => document.documentElement.scrollWidth <= innerWidth)).toBe(true);
        at /Users/ajmiraribam/Projects/azaeron_verity/frontend/tests/usage.spec.ts:17:14

    Error Context: test-results/usage-workspace-usage-show-3591d-handles-unavailable-refresh-chromium/error-context.md


(node:50656) Warning: The 'NO_COLOR' env is ignored due to the 'FORCE_COLOR' env being set.
(Use `node --trace-warnings ...` to show where the warning was created)


[25/29] [chromium] › tests/workspace.spec.ts:3:5 › public workspace keeps analysis evidence-based and editorial work authenticated
  25) [chromium] › tests/workspace.spec.ts:3:5 › public workspace keeps analysis evidence-based and editorial work authenticated 

    Error: page.goto: net::ERR_CONNECTION_REFUSED at http://localhost:24000/
    Call log:
      - navigating to "http://localhost:24000/", waiting until "load"


      2 |
      3 | test("public workspace keeps analysis evidence-based and editorial work authenticated", async ({ page }) => {
    > 4 |   await page.goto("/");
        |              ^
      5 |   await expect(page).toHaveTitle(/Azaeron/);
      6 |   await expect(page.getByRole("heading", { name: /Make every decision defensible/ })).toBeVisible();
      7 |   await expect(page.getByText("NO SAMPLE DATA")).toBeVisible();
        at /Users/ajmiraribam/Projects/azaeron_verity/frontend/tests/workspace.spec.ts:4:14

    Error Context: test-results/workspace-public-workspace-f6122-ditorial-work-authenticated-chromium/error-context.md


(node:50670) Warning: The 'NO_COLOR' env is ignored due to the 'FORCE_COLOR' env being set.
(Use `node --trace-warnings ...` to show where the warning was created)


[26/29] [chromium] › tests/workspace.spec.ts:13:5 › public navigation remains usable on a narrow viewport
  26) [chromium] › tests/workspace.spec.ts:13:5 › public navigation remains usable on a narrow viewport 

    Error: page.goto: net::ERR_CONNECTION_REFUSED at http://localhost:24000/
    Call log:
      - navigating to "http://localhost:24000/", waiting until "load"


      13 | test("public navigation remains usable on a narrow viewport", async ({ page }) => {
      14 |   await page.setViewportSize({ width: 390, height: 844 });
    > 15 |   await page.goto("/");
         |              ^
      16 |   await page.getByRole("button", { name: "Open navigation" }).click();
      17 |   await expect(page.getByRole("link", { name: "Product" })).toBeVisible();
      18 |   await expect(page.getByRole("link", { name: "Create workspace" }).first()).toBeVisible();
        at /Users/ajmiraribam/Projects/azaeron_verity/frontend/tests/workspace.spec.ts:15:14

    Error Context: test-results/workspace-public-navigatio-a6418-usable-on-a-narrow-viewport-chromium/error-context.md


(node:50679) Warning: The 'NO_COLOR' env is ignored due to the 'FORCE_COLOR' env being set.
(Use `node --trace-warnings ...` to show where the warning was created)


[27/29] [chromium] › tests/document-intelligence-live.spec.ts:7:5 › document core: upload, analyze and switch immutable versions across existing views
  27) [chromium] › tests/document-intelligence-live.spec.ts:7:5 › document core: upload, analyze and switch immutable versions across existing views 

    Error: apiRequestContext.post: connect ECONNREFUSED ::1:24000
    Call log:
      - → POST http://localhost:24000/api/v1/auth/register
        - user-agent: Mozilla/5.0 (Windows NT 10.0; Win64; x64) AppleWebKit/537.36 (KHTML, like Gecko) Chrome/151.0.7922.34 Safari/537.36
        - accept: */*
        - accept-encoding: gzip,deflate,br
        - Origin: http://localhost:24000
        - content-type: application/json
        - content-length: 81

        at apiRequestContext.post: connect ECONNREFUSED ::1:24000
        at postWithRetryAfter (/Users/ajmiraribam/Projects/azaeron_verity/frontend/tests/live-request.ts:6:36)
        at /Users/ajmiraribam/Projects/azaeron_verity/frontend/tests/document-intelligence-live.spec.ts:12:35

    attachment #1: video (video/webm) ──────────────────────────────────────────────────────────────
    test-results/document-intelligence-live-7df75-sions-across-existing-views-chromium/video.webm
    ────────────────────────────────────────────────────────────────────────────────────────────────

    Error Context: test-results/document-intelligence-live-7df75-sions-across-existing-views-chromium/error-context.md

    attachment #3: trace (application/zip) ─────────────────────────────────────────────────────────
    test-results/document-intelligence-live-7df75-sions-across-existing-views-chromium/trace.zip
    Usage:

        npx playwright show-trace test-results/document-intelligence-live-7df75-sions-across-existing-views-chromium/trace.zip

    ────────────────────────────────────────────────────────────────────────────────────────────────


(node:50693) Warning: The 'NO_COLOR' env is ignored due to the 'FORCE_COLOR' env being set.
(Use `node --trace-warnings ...` to show where the warning was created)


[28/29] [chromium] › tests/onboarding-live.spec.ts:5:5 › live signup, personal workspace, upload, refresh and persistent switching
  28) [chromium] › tests/onboarding-live.spec.ts:5:5 › live signup, personal workspace, upload, refresh and persistent switching 

    Error: page.goto: net::ERR_CONNECTION_REFUSED at http://localhost:24000/register
    Call log:
      - navigating to "http://localhost:24000/register", waiting until "load"


      18 |     await page.waitForTimeout((seconds + 1) * 1000);
      19 |   }
    > 20 |   await page.goto("/register");
         |              ^
      21 |   await page.getByLabel("First name").fill("Slice Zero");
      22 |   await page.getByLabel("Last name").fill("Student");
      23 |   await page.getByLabel("Work email").fill(email);
        at /Users/ajmiraribam/Projects/azaeron_verity/frontend/tests/onboarding-live.spec.ts:20:14

    attachment #1: video (video/webm) ──────────────────────────────────────────────────────────────
    test-results/onboarding-live-live-signu-daf2e-sh-and-persistent-switching-chromium/video.webm
    ────────────────────────────────────────────────────────────────────────────────────────────────

    Error Context: test-results/onboarding-live-live-signu-daf2e-sh-and-persistent-switching-chromium/error-context.md

    attachment #3: trace (application/zip) ─────────────────────────────────────────────────────────
    test-results/onboarding-live-live-signu-daf2e-sh-and-persistent-switching-chromium/trace.zip
    Usage:

        npx playwright show-trace test-results/onboarding-live-live-signu-daf2e-sh-and-persistent-switching-chromium/trace.zip

    ────────────────────────────────────────────────────────────────────────────────────────────────


(node:50707) Warning: The 'NO_COLOR' env is ignored due to the 'FORCE_COLOR' env being set.
(Use `node --trace-warnings ...` to show where the warning was created)


[29/29] [chromium] › tests/similarity-live.spec.ts:8:5 › similarity: real corpus, evidence, exclusions, pagination and immutable versions
  29) [chromium] › tests/similarity-live.spec.ts:8:5 › similarity: real corpus, evidence, exclusions, pagination and immutable versions 

    Error: apiRequestContext.post: connect ECONNREFUSED ::1:24000
    Call log:
      - → POST http://localhost:24000/api/v1/auth/register
        - user-agent: Mozilla/5.0 (Windows NT 10.0; Win64; x64) AppleWebKit/537.36 (KHTML, like Gecko) Chrome/151.0.7922.34 Safari/537.36
        - accept: */*
        - accept-encoding: gzip,deflate,br
        - Origin: http://localhost:24000
        - content-type: application/json
        - content-length: 133

        at apiRequestContext.post: connect ECONNREFUSED ::1:24000
        at postWithRetryAfter (/Users/ajmiraribam/Projects/azaeron_verity/frontend/tests/live-request.ts:6:36)
        at /Users/ajmiraribam/Projects/azaeron_verity/frontend/tests/similarity-live.spec.ts:13:44

    attachment #1: video (video/webm) ──────────────────────────────────────────────────────────────
    test-results/similarity-live-similarity-b6b12-tion-and-immutable-versions-chromium/video.webm
    ────────────────────────────────────────────────────────────────────────────────────────────────

    Error Context: test-results/similarity-live-similarity-b6b12-tion-and-immutable-versions-chromium/error-context.md

    attachment #3: trace (application/zip) ─────────────────────────────────────────────────────────
    test-results/similarity-live-similarity-b6b12-tion-and-immutable-versions-chromium/trace.zip
    Usage:

        npx playwright show-trace test-results/similarity-live-similarity-b6b12-tion-and-immutable-versions-chromium/trace.zip

    ────────────────────────────────────────────────────────────────────────────────────────────────


  29 failed
    [chromium] › tests/accessibility-live.spec.ts:14:5 › keyboard login and refinement; critical pages have no automated WCAG AA violations 
    [chromium] › tests/accessibility-review.spec.ts:15:5 › critical navigation stays operable at narrow widths and restores focus 
    [chromium] › tests/agent-live.spec.ts:5:5 › private agent: durable prompts, SSE unavailable state, edit, search, rename and deletion 
    [chromium] › tests/agent-live.spec.ts:47:5 › agent document tool: pasted intake, grounded read, abstaining detection, no implicit revision 
    [chromium] › tests/api-keys.spec.ts:4:5 › API keys show the secret once, rotate, revoke, and avoid browser storage 
    [chromium] › tests/document-intelligence-live.spec.ts:7:5 › document core: upload, analyze and switch immutable versions across existing views 
    [chromium] › tests/editor-live.spec.ts:5:5 › editor: selective acceptance, reload, restore, offline recovery and lost-response retry 
    [chromium] › tests/editor-live.spec.ts:118:5 › editor: undo, redo, debounced autosave, rename and archive 
    [chromium] › tests/error-boundary.spec.ts:3:5 › render errors have a focused recovery boundary and send only closed metadata 
    [chromium] › tests/identity-live.spec.ts:19:5 › real SMTP verification, MFA recovery login, password reset and device revocation 
    [chromium] › tests/observability-live.spec.ts:7:5 › browser upload correlates API, database, storage and worker without customer text 
    [chromium] › tests/onboarding-live.spec.ts:5:5 › live signup, personal workspace, upload, refresh and persistent switching 
    [chromium] › tests/onboarding.spec.ts:54:5 › an expired access cookie refreshes with a valid request body and restores the workspace 
    [chromium] › tests/onboarding.spec.ts:63:7 › onboarding gives student the server-provided starting workflow 
    [chromium] › tests/onboarding.spec.ts:63:7 › onboarding gives teacher the server-provided starting workflow 
    [chromium] › tests/onboarding.spec.ts:63:7 › onboarding gives professor the server-provided starting workflow 
    [chromium] › tests/onboarding.spec.ts:63:7 › onboarding gives researcher the server-provided starting workflow 
    [chromium] › tests/onboarding.spec.ts:63:7 › onboarding gives reviewer the server-provided starting workflow 
    [chromium] › tests/onboarding.spec.ts:63:7 › onboarding gives institution the server-provided starting workflow 
    [chromium] › tests/onboarding.spec.ts:76:5 › a document workflow offers workspace creation inline 
    [chromium] › tests/onboarding.spec.ts:86:5 › revoked recent membership falls back only after server validation 
    [chromium] › tests/onboarding.spec.ts:95:5 › failed switching hides tenant data and offers a working retry 
    [chromium] › tests/onboarding.spec.ts:111:5 › cached workspace IDs cannot override the server's active membership 
    [chromium] › tests/onboarding.spec.ts:119:5 › focused workspace navigation exposes five products and honest empty states 
    [chromium] › tests/privacy.spec.ts:4:5 › privacy form requires explicit confirmation and keeps its receipt out of persistent storage 
    [chromium] › tests/similarity-live.spec.ts:8:5 › similarity: real corpus, evidence, exclusions, pagination and immutable versions 
    [chromium] › tests/usage.spec.ts:4:5 › workspace usage shows authoritative totals and handles unavailable refresh 
    [chromium] › tests/workspace.spec.ts:3:5 › public workspace keeps analysis evidence-based and editorial work authenticated 
    [chromium] › tests/workspace.spec.ts:13:5 › public navigation remains usable on a narrow viewport 
