#0 building with "desktop-linux" instance using docker driver

#1 [internal] load build definition from Dockerfile
#1 transferring dockerfile: 1.06kB done
#1 DONE 0.0s

#2 [internal] load metadata for docker.io/library/python:3.12-slim-bookworm@sha256:392307d22300de8b5986851a12d9176dfc0fc073e65bf6523ebd7dcbeb23564e
#2 DONE 0.0s

#3 [internal] load .dockerignore
#3 transferring context: 105B done
#3 DONE 0.0s

#4 [runtime-base 1/4] FROM docker.io/library/python:3.12-slim-bookworm@sha256:392307d22300de8b5986851a12d9176dfc0fc073e65bf6523ebd7dcbeb23564e
#4 resolve docker.io/library/python:3.12-slim-bookworm@sha256:392307d22300de8b5986851a12d9176dfc0fc073e65bf6523ebd7dcbeb23564e 0.0s done
#4 DONE 0.0s

#5 [internal] load build context
#5 transferring context: 73.54kB 0.0s done
#5 DONE 0.0s

#6 [runtime-base 3/4] COPY requirements.lock ./
#6 CACHED

#7 [runtime-base 2/4] WORKDIR /app
#7 CACHED

#8 [runtime-base 4/4] RUN pip install --no-cache-dir --only-binary=:all: --require-hashes -r requirements.lock     && useradd --create-home --uid 1000 azaeron
#8 CACHED

#9 [runtime 1/4] COPY --chown=azaeron:azaeron app ./app
#9 DONE 0.1s

#10 [runtime 2/4] COPY --chown=azaeron:azaeron alembic ./alembic
#10 DONE 0.0s

#11 [runtime 3/4] COPY --chown=azaeron:azaeron migration_snapshots ./migration_snapshots
#11 DONE 0.0s

#12 [runtime 4/4] COPY --chown=azaeron:azaeron alembic.ini ./
#12 DONE 0.0s

#13 exporting to image
#13 exporting layers 0.1s done
#13 exporting manifest sha256:d928f7812725390c241a1bf68042e5491c4e67e232153870cda2fc1d53b3125c done
#13 exporting config sha256:97779e19665272daa35d33251d97e0be371ea76a51ba94bdc4cd2c5094d5c1c0 done
#13 exporting attestation manifest sha256:cebee6ba9ec383d8db74eacddea80757fff8f5d04b00e254a23a24be753b08e5 done
#13 exporting manifest list sha256:196222ab87540d24008c8138af871dd34d4078d1b57b870325be700d743acec0 done
#13 naming to docker.io/library/azaeron-verity-cert-runtime:latest done
#13 unpacking to docker.io/library/azaeron-verity-cert-runtime:latest 0.1s done
#13 DONE 0.2s

View build details: docker-desktop://dashboard/build/desktop-linux/desktop-linux/qmtbs1hqcufpkt921qivk9ind
