 Image azaeron-verity-cert-runtime:latest Building 
 Image azaeron-verity-cert-verification:latest Building 
#1 [internal] load local bake definitions
#1 reading from stdin 1.63kB done
#1 DONE 0.0s

#2 [verification internal] load build definition from Dockerfile
#2 transferring dockerfile: 1.06kB done
#2 DONE 0.0s

#3 [verification internal] load metadata for docker.io/library/python:3.12-slim-bookworm@sha256:392307d22300de8b5986851a12d9176dfc0fc073e65bf6523ebd7dcbeb23564e
#3 DONE 2.1s

#4 [backend internal] load .dockerignore
#4 transferring context: 105B done
#4 DONE 0.0s

#5 [verification runtime-base 1/4] FROM docker.io/library/python:3.12-slim-bookworm@sha256:392307d22300de8b5986851a12d9176dfc0fc073e65bf6523ebd7dcbeb23564e
#5 resolve docker.io/library/python:3.12-slim-bookworm@sha256:392307d22300de8b5986851a12d9176dfc0fc073e65bf6523ebd7dcbeb23564e 0.0s done
#5 DONE 0.0s

#6 [verification internal] load build context
#6 transferring context: 878.05kB 0.1s done
#6 DONE 0.1s

#7 [backend internal] load build context
#7 transferring context: 2.98MB 0.1s done
#7 DONE 0.1s

#8 [verification verification 1/3] COPY requirements-dev.lock ./
#8 CACHED

#9 [verification runtime-base 3/4] COPY requirements.lock ./
#9 CACHED

#10 [verification verification 2/3] RUN pip install --no-cache-dir --only-binary=:all: --require-hashes -r requirements-dev.lock
#10 CACHED

#11 [backend runtime-base 4/4] RUN pip install --no-cache-dir --only-binary=:all: --require-hashes -r requirements.lock     && useradd --create-home --uid 1000 azaeron
#11 CACHED

#12 [backend runtime-base 3/4] COPY requirements.lock ./
#12 CACHED

#13 [backend runtime-base 2/4] WORKDIR /app
#13 CACHED

#14 [backend runtime-base 4/4] RUN pip install --no-cache-dir --only-binary=:all: --require-hashes -r requirements.lock     && useradd --create-home --uid 1000 azaeron
#14 CACHED

#15 [backend runtime 1/4] COPY --chown=azaeron:azaeron app ./app
#15 DONE 0.1s

#16 [verification verification 3/3] COPY --chown=azaeron:azaeron . .
#16 DONE 0.2s

#17 [backend runtime 2/4] COPY --chown=azaeron:azaeron alembic ./alembic
#17 DONE 0.1s

#18 [backend runtime 3/4] COPY --chown=azaeron:azaeron migration_snapshots ./migration_snapshots
#18 DONE 0.1s

#19 [backend runtime 4/4] COPY --chown=azaeron:azaeron alembic.ini ./
#19 DONE 0.0s

#20 [verification] exporting to image
#20 exporting layers
#20 ...

#21 [backend] exporting to image
#21 exporting layers 0.1s done
#21 exporting manifest sha256:fa51c11d4c05b4aeccfd871fe4a9edfbc316d66591b1abac5f1087fda8c6d0f7 done
#21 exporting config sha256:bc62a01935fc825ce3c9330b97e5815ac238f89cf877f44fb66ec1eb92e29efd done
#21 exporting attestation manifest sha256:25bdebb1dc655ed5a198958638557cca4720a9e4c123d238bf6fb13af280b74c done
#21 exporting manifest list sha256:7f51e4f7f87abb1dd757d6e53fee22d3836890f85574d8e6c0ffda256e167be0 done
#21 naming to docker.io/library/azaeron-verity-cert-runtime:latest done
#21 unpacking to docker.io/library/azaeron-verity-cert-runtime:latest 0.1s done
#21 DONE 0.2s

#22 [backend] resolving provenance for metadata file
#22 DONE 0.0s

#20 [verification] exporting to image
#20 exporting layers 2.0s done
#20 exporting manifest sha256:5e739e2b00a0aebf4e4bb100bcced65add6c22d79a1e24074b0b1a6de7393610 done
#20 exporting config sha256:2fb89d95df2202d1e70d8c31b2c5537e4704da341b1e2665aa46f10a725fd356 done
#20 exporting attestation manifest sha256:a6cd8c1223bb3c9a4ed0ee4f6aff25bf67ffde588cbad6b2617aa5d02fa205e3 done
#20 exporting manifest list sha256:0f99d850def8dd009d5cb42019ecd6d4e81d6d7311a7f0b4954a0623f9902318 done
#20 naming to docker.io/library/azaeron-verity-cert-verification:latest done
#20 unpacking to docker.io/library/azaeron-verity-cert-verification:latest
#20 unpacking to docker.io/library/azaeron-verity-cert-verification:latest 0.4s done
#20 DONE 2.5s

#23 [verification] resolving provenance for metadata file
#23 DONE 0.0s
 Image azaeron-verity-cert-runtime:latest Built 
 Image azaeron-verity-cert-verification:latest Built 
