#0 building with "desktop-linux" instance using docker driver

#1 [internal] load build definition from Dockerfile
#1 transferring dockerfile: 988B done
#1 DONE 0.0s

#2 [internal] load metadata for docker.io/library/python:3.12-slim-bookworm@sha256:392307d22300de8b5986851a12d9176dfc0fc073e65bf6523ebd7dcbeb23564e
#2 DONE 0.0s

#3 [internal] load .dockerignore
#3 transferring context: 105B done
#3 DONE 0.0s

#4 [runtime-base 1/4] FROM docker.io/library/python:3.12-slim-bookworm@sha256:392307d22300de8b5986851a12d9176dfc0fc073e65bf6523ebd7dcbeb23564e
#4 resolve docker.io/library/python:3.12-slim-bookworm@sha256:392307d22300de8b5986851a12d9176dfc0fc073e65bf6523ebd7dcbeb23564e 0.0s done
#4 DONE 0.0s

#5 [internal] load build context
#5 transferring context: 57.91kB 0.0s done
#5 DONE 0.0s

#6 [runtime-base 2/4] WORKDIR /app
#6 CACHED

#7 [runtime-base 3/4] COPY requirements.lock ./
#7 CACHED

#8 [runtime-base 4/4] RUN pip install --no-cache-dir --only-binary=:all: --require-hashes -r requirements.lock     && useradd --create-home --uid 1000 azaeron
#8 CACHED

#9 [runtime 1/3] COPY --chown=azaeron:azaeron app ./app
#9 DONE 0.1s

#10 [runtime 2/3] COPY --chown=azaeron:azaeron alembic ./alembic
#10 DONE 0.0s

#11 [runtime 3/3] COPY --chown=azaeron:azaeron alembic.ini ./
#11 DONE 0.0s

#12 exporting to image
#12 exporting layers 0.1s done
#12 exporting manifest sha256:d3f69124b0a2ff622c66faf276816682ceb64abd6856dba34e66aff5378d485a done
#12 exporting config sha256:2e5deca8d0f7f8bff4d52667cd3620305f3b6d6fa0c7cec4cf2448202c6bd23c done
#12 exporting attestation manifest sha256:5961c94ab3d86def2d9a63b2bc583d898811bbf5d6294382850d940b79e9acf1 done
#12 exporting manifest list sha256:ea60ca699efd1dc9991ab0de7a12e3eab0836346f04e82f6a2bbff5434e1f03a done
#12 naming to docker.io/library/azaeron-verity-cert-runtime:latest done
#12 unpacking to docker.io/library/azaeron-verity-cert-runtime:latest 0.1s done
#12 DONE 0.2s

View build details: docker-desktop://dashboard/build/desktop-linux/desktop-linux/vwfm6jd8ortrrlvud81168o08
