 Image azaeron-verity-cert-frontend:latest Building 
#1 [internal] load local bake definitions
#1 reading from stdin 1.66kB done
#1 DONE 0.0s

#2 [internal] load build definition from Dockerfile
#2 transferring dockerfile: 815B done
#2 DONE 0.0s

#3 [internal] load metadata for docker.io/library/node:22-alpine@sha256:b6f26b36c8ff49624cfdac716b8ea1138d606df02586a77d364bb5536a634f85
#3 DONE 4.3s

#4 [internal] load .dockerignore
#4 transferring context: 96B done
#4 DONE 0.0s

#5 [internal] load build context
#5 transferring context: 260.88kB 0.0s done
#5 DONE 0.0s

#6 [builder 1/6] FROM docker.io/library/node:22-alpine@sha256:b6f26b36c8ff49624cfdac716b8ea1138d606df02586a77d364bb5536a634f85
#6 resolve docker.io/library/node:22-alpine@sha256:b6f26b36c8ff49624cfdac716b8ea1138d606df02586a77d364bb5536a634f85 0.0s done
#6 sha256:25b182954eb506482d316358772432967b9ff53dae3b0b4732dbfe8a17b0be77 0B / 443B 0.2s
#6 sha256:25b182954eb506482d316358772432967b9ff53dae3b0b4732dbfe8a17b0be77 443B / 443B 0.3s done
#6 sha256:8349681b9a2254c8eb5f81e5705e93707c98292f5d78cf472204a53f7cf1445e 0B / 1.26MB 0.2s
#6 sha256:a9986cd6f37dbddae7862a6d4be71683472e7c2ea708e87db14f8a6393c00f00 0B / 4.19MB 0.2s
#6 sha256:b0bbcd0d28f0ad1d7456c3eeac7fd2c977392e50e7d4d1efe63c3d5bafb9a8bc 0B / 55.70MB 0.2s
#6 sha256:8349681b9a2254c8eb5f81e5705e93707c98292f5d78cf472204a53f7cf1445e 1.26MB / 1.26MB 0.6s done
#6 sha256:a9986cd6f37dbddae7862a6d4be71683472e7c2ea708e87db14f8a6393c00f00 1.05MB / 4.19MB 0.8s
#6 sha256:a9986cd6f37dbddae7862a6d4be71683472e7c2ea708e87db14f8a6393c00f00 4.19MB / 4.19MB 0.8s done
#6 extracting sha256:a9986cd6f37dbddae7862a6d4be71683472e7c2ea708e87db14f8a6393c00f00
#6 sha256:b0bbcd0d28f0ad1d7456c3eeac7fd2c977392e50e7d4d1efe63c3d5bafb9a8bc 8.39MB / 55.70MB 1.1s
#6 extracting sha256:a9986cd6f37dbddae7862a6d4be71683472e7c2ea708e87db14f8a6393c00f00 0.1s done
#6 sha256:b0bbcd0d28f0ad1d7456c3eeac7fd2c977392e50e7d4d1efe63c3d5bafb9a8bc 12.58MB / 55.70MB 1.5s
#6 sha256:b0bbcd0d28f0ad1d7456c3eeac7fd2c977392e50e7d4d1efe63c3d5bafb9a8bc 15.73MB / 55.70MB 1.8s
#6 sha256:b0bbcd0d28f0ad1d7456c3eeac7fd2c977392e50e7d4d1efe63c3d5bafb9a8bc 18.87MB / 55.70MB 2.3s
#6 sha256:b0bbcd0d28f0ad1d7456c3eeac7fd2c977392e50e7d4d1efe63c3d5bafb9a8bc 23.07MB / 55.70MB 2.6s
#6 sha256:b0bbcd0d28f0ad1d7456c3eeac7fd2c977392e50e7d4d1efe63c3d5bafb9a8bc 27.26MB / 55.70MB 2.9s
#6 sha256:b0bbcd0d28f0ad1d7456c3eeac7fd2c977392e50e7d4d1efe63c3d5bafb9a8bc 31.46MB / 55.70MB 3.2s
#6 sha256:b0bbcd0d28f0ad1d7456c3eeac7fd2c977392e50e7d4d1efe63c3d5bafb9a8bc 34.60MB / 55.70MB 3.5s
#6 sha256:b0bbcd0d28f0ad1d7456c3eeac7fd2c977392e50e7d4d1efe63c3d5bafb9a8bc 38.80MB / 55.70MB 3.8s
#6 sha256:b0bbcd0d28f0ad1d7456c3eeac7fd2c977392e50e7d4d1efe63c3d5bafb9a8bc 41.94MB / 55.70MB 4.1s
#6 sha256:b0bbcd0d28f0ad1d7456c3eeac7fd2c977392e50e7d4d1efe63c3d5bafb9a8bc 45.09MB / 55.70MB 4.4s
#6 sha256:b0bbcd0d28f0ad1d7456c3eeac7fd2c977392e50e7d4d1efe63c3d5bafb9a8bc 49.28MB / 55.70MB 4.7s
#6 sha256:b0bbcd0d28f0ad1d7456c3eeac7fd2c977392e50e7d4d1efe63c3d5bafb9a8bc 52.43MB / 55.70MB 5.0s
#6 sha256:b0bbcd0d28f0ad1d7456c3eeac7fd2c977392e50e7d4d1efe63c3d5bafb9a8bc 55.70MB / 55.70MB 5.3s
#6 sha256:b0bbcd0d28f0ad1d7456c3eeac7fd2c977392e50e7d4d1efe63c3d5bafb9a8bc 55.70MB / 55.70MB 5.3s done
#6 DONE 5.4s

#6 [builder 1/6] FROM docker.io/library/node:22-alpine@sha256:b6f26b36c8ff49624cfdac716b8ea1138d606df02586a77d364bb5536a634f85
#6 extracting sha256:b0bbcd0d28f0ad1d7456c3eeac7fd2c977392e50e7d4d1efe63c3d5bafb9a8bc
#6 extracting sha256:b0bbcd0d28f0ad1d7456c3eeac7fd2c977392e50e7d4d1efe63c3d5bafb9a8bc 0.7s done
#6 DONE 6.1s

#6 [builder 1/6] FROM docker.io/library/node:22-alpine@sha256:b6f26b36c8ff49624cfdac716b8ea1138d606df02586a77d364bb5536a634f85
#6 extracting sha256:8349681b9a2254c8eb5f81e5705e93707c98292f5d78cf472204a53f7cf1445e 0.0s done
#6 extracting sha256:25b182954eb506482d316358772432967b9ff53dae3b0b4732dbfe8a17b0be77 done
#6 DONE 6.2s

#7 [builder 2/6] WORKDIR /app
#7 DONE 0.2s

#8 [builder 3/6] COPY package.json package-lock.json ./
#8 DONE 0.0s

#9 [builder 4/6] RUN npm ci
#9 1.735 npm warn deprecated recharts@2.15.4: 1.x and 2.x branches are no longer active. Bump to Recharts v3 to receive latest features and bugfixes. See https://github.com/recharts/recharts/wiki/3.0-migration-guide
#9 2.963 npm warn deprecated eslint@9.39.5: This version is no longer supported. Please see https://eslint.org/version-support for other options.
#9 10.39 
#9 10.39 added 404 packages, and audited 405 packages in 10s
#9 10.39 
#9 10.39 150 packages are looking for funding
#9 10.39   run `npm fund` for details
#9 10.39 
#9 10.39 found 0 vulnerabilities
#9 10.39 npm notice
#9 10.39 npm notice New major version of npm available! 10.9.8 -> 12.0.2
#9 10.39 npm notice Changelog: https://github.com/npm/cli/releases/tag/v12.0.2
#9 10.39 npm notice To update run: npm install -g npm@12.0.2
#9 10.39 npm notice
#9 DONE 11.0s

#10 [builder 5/6] COPY . .
#10 DONE 0.2s

#11 [builder 6/6] RUN npm run build
#11 0.163 
#11 0.163 > azaeron-frontend@1.0.0 build
#11 0.163 > node ./node_modules/next/dist/bin/next build
#11 0.163 
#11 0.380 ▲ Next.js 16.3.3 (Turbopack)
#11 0.401 ✓ Running next.config.ts took 21ms
#11 0.409 
#11 0.424   Creating an optimized production build ...
#11 3.966 ✓ Compiled successfully in 3.4s
#11 4.000   Running TypeScript ...
#11 6.964   Finished TypeScript in 3.0s ...
#11 6.967   Collecting page data using 9 workers ...
#11 7.481   Generating static pages using 9 workers (0/20) ...
#11 7.681   Generating static pages using 9 workers (5/20) 
#11 7.751   Generating static pages using 9 workers (10/20) 
#11 7.752   Generating static pages using 9 workers (15/20) 
#11 7.791 ✓ Generating static pages using 9 workers (20/20) in 310ms
#11 7.796   Finalizing page optimization ...
#11 8.040 
#11 8.042 Route (app)
#11 8.042 ┌ ○ /
#11 8.042 ├ ○ /_not-found
#11 8.042 ├ ○ /admin
#11 8.042 ├ ○ /authorship
#11 8.042 ├ ○ /check
#11 8.042 ├ ○ /citations
#11 8.042 ├ ○ /dashboard
#11 8.042 ├ ○ /documents
#11 8.042 ├ ƒ /documents/[id]
#11 8.042 ├ ○ /evidence-graph
#11 8.042 ├ ○ /login
#11 8.042 ├ ○ /onboarding
#11 8.042 ├ ○ /provenance
#11 8.042 ├ ○ /register
#11 8.042 ├ ○ /reports
#11 8.042 ├ ○ /settings
#11 8.042 ├ ○ /similarity
#11 8.042 ├ ○ /sources
#11 8.042 ├ ○ /upload
#11 8.042 └ ○ /write
#11 8.042 
#11 8.042 
#11 8.042 ○  (Static)   prerendered as static content
#11 8.042 ƒ  (Dynamic)  server-rendered on demand
#11 8.042 
#11 DONE 8.2s

#12 [runner 3/5] COPY --from=builder --chown=node:node /app/.next/standalone ./
#12 DONE 0.2s

#13 [runner 4/5] COPY --from=builder --chown=node:node /app/.next/static ./.next/static
#13 DONE 0.0s

#14 [runner 5/5] COPY --from=builder --chown=node:node /app/public ./public
#14 DONE 0.0s

#15 exporting to image
#15 exporting layers
#15 exporting layers 0.8s done
#15 exporting manifest sha256:d8cb4fd6e45053556edae77c13e9f4d0bb6618d34c703c5f2898d5f016fbdb02 done
#15 exporting config sha256:153e7d8a6debe131f6caad24c4d19bbfa89e4daeacdb94d881dfdfd1d8c35c96 done
#15 exporting attestation manifest sha256:eedde4dee85baed1998c974104035d6f9ac1377334a96fa34dd48f7cc353ba53 done
#15 exporting manifest list sha256:f0d07453a37d7e71137ea13d5f473b323053a20a848765c203d0947d2184a968 done
#15 naming to docker.io/library/azaeron-verity-cert-frontend:latest done
#15 unpacking to docker.io/library/azaeron-verity-cert-frontend:latest
#15 unpacking to docker.io/library/azaeron-verity-cert-frontend:latest 0.2s done
#15 DONE 1.1s

#16 resolving provenance for metadata file
#16 DONE 0.0s
 Image azaeron-verity-cert-frontend:latest Built 
