 Image azaeron-verity-cert-frontend:latest Building 
#1 [internal] load local bake definitions
#1 reading from stdin 1.67kB done
#1 DONE 0.0s

#2 [internal] load build definition from Dockerfile
#2 transferring dockerfile: 815B done
#2 DONE 0.0s

#3 [internal] load metadata for docker.io/library/node:22-alpine@sha256:b6f26b36c8ff49624cfdac716b8ea1138d606df02586a77d364bb5536a634f85
#3 DONE 0.0s

#4 [internal] load .dockerignore
#4 transferring context: 96B done
#4 DONE 0.0s

#5 [builder 1/6] FROM docker.io/library/node:22-alpine@sha256:b6f26b36c8ff49624cfdac716b8ea1138d606df02586a77d364bb5536a634f85
#5 resolve docker.io/library/node:22-alpine@sha256:b6f26b36c8ff49624cfdac716b8ea1138d606df02586a77d364bb5536a634f85 done
#5 DONE 0.0s

#6 [internal] load build context
#6 transferring context: 433.26kB done
#6 DONE 0.0s

#7 [builder 2/6] WORKDIR /app
#7 CACHED

#8 [builder 3/6] COPY package.json package-lock.json ./
#8 DONE 0.0s

#9 [builder 4/6] RUN npm ci
#9 1.452 npm warn deprecated recharts@2.15.4: 1.x and 2.x branches are no longer active. Bump to Recharts v3 to receive latest features and bugfixes. See https://github.com/recharts/recharts/wiki/3.0-migration-guide
#9 2.422 npm warn deprecated eslint@9.39.5: This version is no longer supported. Please see https://eslint.org/version-support for other options.
#9 10.71 
#9 10.71 added 404 packages, and audited 405 packages in 11s
#9 10.71 
#9 10.71 150 packages are looking for funding
#9 10.71   run `npm fund` for details
#9 10.71 
#9 10.71 found 0 vulnerabilities
#9 10.71 npm notice
#9 10.71 npm notice New major version of npm available! 10.9.8 -> 12.0.2
#9 10.71 npm notice Changelog: https://github.com/npm/cli/releases/tag/v12.0.2
#9 10.71 npm notice To update run: npm install -g npm@12.0.2
#9 10.71 npm notice
#9 DONE 11.7s

#10 [builder 5/6] COPY . .
#10 DONE 0.1s

#11 [builder 6/6] RUN npm run build
#11 0.171 
#11 0.171 > azaeron-frontend@1.0.0 build
#11 0.171 > node ./node_modules/next/dist/bin/next build
#11 0.171 
#11 0.377 ▲ Next.js 16.3.3 (Turbopack)
#11 0.402 ✓ Running next.config.ts took 24ms
#11 0.410 
#11 0.424   Creating an optimized production build ...
#11 3.163 ✓ Compiled successfully in 2.6s
#11 3.180   Running TypeScript ...
#11 5.689   Finished TypeScript in 2.5s ...
#11 5.691   Collecting page data using 9 workers ...
#11 6.229   Generating static pages using 9 workers (0/20) ...
#11 6.392   Generating static pages using 9 workers (5/20) 
#11 6.449   Generating static pages using 9 workers (10/20) 
#11 6.449   Generating static pages using 9 workers (15/20) 
#11 6.499 ✓ Generating static pages using 9 workers (20/20) in 270ms
#11 6.503   Finalizing page optimization ...
#11 6.700 
#11 6.702 Route (app)
#11 6.702 ┌ ○ /
#11 6.702 ├ ○ /_not-found
#11 6.702 ├ ○ /admin
#11 6.702 ├ ○ /authorship
#11 6.702 ├ ○ /check
#11 6.702 ├ ○ /citations
#11 6.702 ├ ○ /dashboard
#11 6.702 ├ ○ /documents
#11 6.702 ├ ƒ /documents/[id]
#11 6.702 ├ ○ /evidence-graph
#11 6.702 ├ ○ /login
#11 6.702 ├ ○ /onboarding
#11 6.702 ├ ○ /provenance
#11 6.702 ├ ○ /register
#11 6.702 ├ ○ /reports
#11 6.702 ├ ○ /settings
#11 6.702 ├ ○ /similarity
#11 6.702 ├ ○ /sources
#11 6.702 ├ ○ /upload
#11 6.702 └ ○ /write
#11 6.702 
#11 6.702 
#11 6.702 ○  (Static)   prerendered as static content
#11 6.702 ƒ  (Dynamic)  server-rendered on demand
#11 6.702 
#11 DONE 6.8s

#12 [runner 3/5] COPY --from=builder --chown=node:node /app/.next/standalone ./
#12 DONE 0.3s

#13 [runner 4/5] COPY --from=builder --chown=node:node /app/.next/static ./.next/static
#13 DONE 0.0s

#14 [runner 5/5] COPY --from=builder --chown=node:node /app/public ./public
#14 DONE 0.0s

#15 exporting to image
#15 exporting layers
#15 exporting layers 0.8s done
#15 exporting manifest sha256:c87b3cf302c8632821d911986069aa54bf9ccad979f2e7e9c381ac47e77fc90c done
#15 exporting config sha256:ad8319405f00941630dbbf136ac6c12dcbcf7c0ec40d54d0985b7ca2254b89c3 done
#15 exporting attestation manifest sha256:5093b7a6917913f4dd019309a3140e1dbccbd477b154a4a71d7c16a94114e0ee done
#15 exporting manifest list sha256:1a92b39349647b80485cb846d1ccfee2ac7999bcd4d5a4fadf20191c4f0c4281 done
#15 naming to docker.io/library/azaeron-verity-cert-frontend:latest done
#15 unpacking to docker.io/library/azaeron-verity-cert-frontend:latest
#15 unpacking to docker.io/library/azaeron-verity-cert-frontend:latest 0.2s done
#15 DONE 1.1s

#16 resolving provenance for metadata file
#16 DONE 0.0s
 Image azaeron-verity-cert-frontend:latest Built 
