#0 building with "desktop-linux" instance using docker driver

#1 [internal] load build definition from Dockerfile
#1 transferring dockerfile: 1.06kB 0.0s done
#1 DONE 0.0s

#2 [internal] load metadata for docker.io/library/python:3.12-slim-bookworm@sha256:392307d22300de8b5986851a12d9176dfc0fc073e65bf6523ebd7dcbeb23564e
#2 DONE 2.0s

#3 [internal] load .dockerignore
#3 transferring context: 105B done
#3 DONE 0.0s

#4 [runtime-base 1/4] FROM docker.io/library/python:3.12-slim-bookworm@sha256:392307d22300de8b5986851a12d9176dfc0fc073e65bf6523ebd7dcbeb23564e
#4 resolve docker.io/library/python:3.12-slim-bookworm@sha256:392307d22300de8b5986851a12d9176dfc0fc073e65bf6523ebd7dcbeb23564e 0.0s done
#4 DONE 0.0s

#5 [internal] load build context
#5 transferring context: 35.91kB 0.0s done
#5 DONE 0.0s

#6 [runtime-base 4/4] RUN pip install --no-cache-dir --only-binary=:all: --require-hashes -r requirements.lock     && useradd --create-home --uid 1000 azaeron
#6 CACHED

#7 [runtime-base 2/4] WORKDIR /app
#7 CACHED

#8 [runtime-base 3/4] COPY requirements.lock ./
#8 CACHED

#9 [runtime 1/4] COPY --chown=azaeron:azaeron app ./app
#9 CACHED

#10 [runtime 2/4] COPY --chown=azaeron:azaeron alembic ./alembic
#10 DONE 0.0s

#11 [runtime 3/4] COPY --chown=azaeron:azaeron migration_snapshots ./migration_snapshots
#11 DONE 0.0s

#12 [runtime 4/4] COPY --chown=azaeron:azaeron alembic.ini ./
#12 DONE 0.0s

#13 exporting to image
#13 exporting layers 0.0s done
#13 exporting manifest sha256:ecb18063b278e156e83a673ca2733a4e9f418556c5ac29ac5d8cb62cea331095 done
#13 exporting config sha256:371d5ab9ce2bb89609a9da67b24ed129d8809b466f5f92783efdfd28d6a8f8e5 done
#13 exporting attestation manifest sha256:dcbb444c9f0fa3c4e8d0b15814237af15676de5b73f4341293c93a199aeadb0b
#13 exporting attestation manifest sha256:dcbb444c9f0fa3c4e8d0b15814237af15676de5b73f4341293c93a199aeadb0b 0.0s done
#13 exporting manifest list sha256:dbe7df0e3a720ba47eb72d39e7c8f1a89021af274de351a23afa10e400889818 0.0s done
#13 naming to docker.io/library/azaeron-verity-cert-runtime:latest done
#13 unpacking to docker.io/library/azaeron-verity-cert-runtime:latest 0.0s done
#13 DONE 0.1s

View build details: docker-desktop://dashboard/build/desktop-linux/desktop-linux/qc3aiqg1tm7opempv5mptr2l8
