#0 building with "desktop-linux" instance using docker driver

#1 [internal] load build definition from Dockerfile
#1 transferring dockerfile: 1.06kB done
#1 DONE 0.0s

#2 [internal] load metadata for docker.io/library/python:3.12-slim-bookworm@sha256:392307d22300de8b5986851a12d9176dfc0fc073e65bf6523ebd7dcbeb23564e
#2 DONE 0.0s

#3 [internal] load .dockerignore
#3 transferring context: 105B done
#3 DONE 0.0s

#4 [runtime-base 1/4] FROM docker.io/library/python:3.12-slim-bookworm@sha256:392307d22300de8b5986851a12d9176dfc0fc073e65bf6523ebd7dcbeb23564e
#4 resolve docker.io/library/python:3.12-slim-bookworm@sha256:392307d22300de8b5986851a12d9176dfc0fc073e65bf6523ebd7dcbeb23564e done
#4 DONE 0.0s

#5 [internal] load build context
#5 transferring context: 139.80kB 0.0s done
#5 DONE 0.0s

#6 [runtime-base 3/4] COPY requirements.lock ./
#6 CACHED

#7 [runtime 1/4] COPY --chown=azaeron:azaeron app ./app
#7 CACHED

#8 [runtime-base 2/4] WORKDIR /app
#8 CACHED

#9 [runtime-base 4/4] RUN pip install --no-cache-dir --only-binary=:all: --require-hashes -r requirements.lock     && useradd --create-home --uid 1000 azaeron
#9 CACHED

#10 [runtime 2/4] COPY --chown=azaeron:azaeron alembic ./alembic
#10 CACHED

#11 [runtime 3/4] COPY --chown=azaeron:azaeron migration_snapshots ./migration_snapshots
#11 DONE 0.1s

#12 [runtime 4/4] COPY --chown=azaeron:azaeron alembic.ini ./
#12 DONE 0.0s

#13 exporting to image
#13 exporting layers 0.0s done
#13 exporting manifest sha256:259cc7d1d74e513cf74240e27d6ff5b14404a98a9c6393ee9d4504e40d88f43b done
#13 exporting config sha256:cfcfea2904170ba3560a7ce5b48661f616ec8b6ddacda3775f89a6eec54e4ff0 done
#13 exporting attestation manifest sha256:bd3fd1b39ca299f0f0af21f904caad3e0e09927021f3b1fe20e4fda195e8939b done
#13 exporting manifest list sha256:c38323f82c1567499d18ac269de1e52187e7ccbbd6ddac5365e95ce4f92c644f done
#13 naming to docker.io/library/azaeron-verity-cert-runtime:latest done
#13 unpacking to docker.io/library/azaeron-verity-cert-runtime:latest 0.0s done
#13 DONE 0.1s

View build details: docker-desktop://dashboard/build/desktop-linux/desktop-linux/5ifbjptyrawsspkt48i5agvfw
