#0 building with "desktop-linux" instance using docker driver

#1 [internal] load build definition from Dockerfile
#1 transferring dockerfile: 988B done
#1 DONE 0.0s

#2 [internal] load metadata for docker.io/library/python:3.12-slim-bookworm@sha256:392307d22300de8b5986851a12d9176dfc0fc073e65bf6523ebd7dcbeb23564e
#2 DONE 4.4s

#3 [internal] load .dockerignore
#3 transferring context: 105B done
#3 DONE 0.0s

#4 [internal] load build context
#4 transferring context: 1.81MB 0.1s done
#4 DONE 0.1s

#5 [runtime-base 1/4] FROM docker.io/library/python:3.12-slim-bookworm@sha256:392307d22300de8b5986851a12d9176dfc0fc073e65bf6523ebd7dcbeb23564e
#5 resolve docker.io/library/python:3.12-slim-bookworm@sha256:392307d22300de8b5986851a12d9176dfc0fc073e65bf6523ebd7dcbeb23564e 0.0s done
#5 sha256:98a88de3b9e64e69723df9c664862aea75f62c5732af6dc7c07d532b1b2363ac 0B / 249B 0.2s
#5 sha256:98a88de3b9e64e69723df9c664862aea75f62c5732af6dc7c07d532b1b2363ac 249B / 249B 0.2s done
#5 sha256:e7149a79e79b687d3de2d82f2cf6c7ee0d425fee1b58cfcf5f77172ffb20377e 0B / 13.60MB 0.3s
#5 sha256:9ed2bd026f9ca0e0bf1847b54ff64a6ee63fe6abc352ba2a928558060e9cb49a 0B / 3.37MB 0.2s
#5 sha256:333125b5cee9fb6718bdcb523fc93b4adc71b7c37ada6146a20c193430e549b9 0B / 28.12MB 0.2s
#5 sha256:e7149a79e79b687d3de2d82f2cf6c7ee0d425fee1b58cfcf5f77172ffb20377e 4.19MB / 13.60MB 0.6s
#5 sha256:e7149a79e79b687d3de2d82f2cf6c7ee0d425fee1b58cfcf5f77172ffb20377e 10.49MB / 13.60MB 0.8s
#5 sha256:e7149a79e79b687d3de2d82f2cf6c7ee0d425fee1b58cfcf5f77172ffb20377e 13.60MB / 13.60MB 0.9s done
#5 sha256:9ed2bd026f9ca0e0bf1847b54ff64a6ee63fe6abc352ba2a928558060e9cb49a 1.05MB / 3.37MB 1.1s
#5 sha256:9ed2bd026f9ca0e0bf1847b54ff64a6ee63fe6abc352ba2a928558060e9cb49a 2.10MB / 3.37MB 1.2s
#5 sha256:9ed2bd026f9ca0e0bf1847b54ff64a6ee63fe6abc352ba2a928558060e9cb49a 3.37MB / 3.37MB 1.3s done
#5 sha256:333125b5cee9fb6718bdcb523fc93b4adc71b7c37ada6146a20c193430e549b9 4.19MB / 28.12MB 1.5s
#5 sha256:333125b5cee9fb6718bdcb523fc93b4adc71b7c37ada6146a20c193430e549b9 9.44MB / 28.12MB 2.0s
#5 sha256:333125b5cee9fb6718bdcb523fc93b4adc71b7c37ada6146a20c193430e549b9 11.53MB / 28.12MB 2.3s
#5 sha256:333125b5cee9fb6718bdcb523fc93b4adc71b7c37ada6146a20c193430e549b9 13.63MB / 28.12MB 2.4s
#5 sha256:333125b5cee9fb6718bdcb523fc93b4adc71b7c37ada6146a20c193430e549b9 16.78MB / 28.12MB 2.9s
#5 sha256:333125b5cee9fb6718bdcb523fc93b4adc71b7c37ada6146a20c193430e549b9 18.87MB / 28.12MB 3.0s
#5 sha256:333125b5cee9fb6718bdcb523fc93b4adc71b7c37ada6146a20c193430e549b9 20.97MB / 28.12MB 3.2s
#5 sha256:333125b5cee9fb6718bdcb523fc93b4adc71b7c37ada6146a20c193430e549b9 24.12MB / 28.12MB 3.3s
#5 sha256:333125b5cee9fb6718bdcb523fc93b4adc71b7c37ada6146a20c193430e549b9 27.26MB / 28.12MB 3.6s
#5 sha256:333125b5cee9fb6718bdcb523fc93b4adc71b7c37ada6146a20c193430e549b9 28.12MB / 28.12MB 3.7s done
#5 extracting sha256:333125b5cee9fb6718bdcb523fc93b4adc71b7c37ada6146a20c193430e549b9
#5 extracting sha256:333125b5cee9fb6718bdcb523fc93b4adc71b7c37ada6146a20c193430e549b9 0.5s done
#5 DONE 4.3s

#5 [runtime-base 1/4] FROM docker.io/library/python:3.12-slim-bookworm@sha256:392307d22300de8b5986851a12d9176dfc0fc073e65bf6523ebd7dcbeb23564e
#5 extracting sha256:9ed2bd026f9ca0e0bf1847b54ff64a6ee63fe6abc352ba2a928558060e9cb49a 0.1s done
#5 extracting sha256:e7149a79e79b687d3de2d82f2cf6c7ee0d425fee1b58cfcf5f77172ffb20377e
#5 extracting sha256:e7149a79e79b687d3de2d82f2cf6c7ee0d425fee1b58cfcf5f77172ffb20377e 0.2s done
#5 DONE 4.6s

#5 [runtime-base 1/4] FROM docker.io/library/python:3.12-slim-bookworm@sha256:392307d22300de8b5986851a12d9176dfc0fc073e65bf6523ebd7dcbeb23564e
#5 extracting sha256:98a88de3b9e64e69723df9c664862aea75f62c5732af6dc7c07d532b1b2363ac done
#5 DONE 4.6s

#6 [runtime-base 2/4] WORKDIR /app
#6 DONE 0.4s

#7 [runtime-base 3/4] COPY requirements.lock ./
#7 DONE 0.0s

#8 [runtime-base 4/4] RUN pip install --no-cache-dir --only-binary=:all: --require-hashes -r requirements.lock     && useradd --create-home --uid 1000 azaeron
#8 0.807 Collecting alembic==1.14.0 (from -r requirements.lock (line 3))
#8 0.854   Downloading alembic-1.14.0-py3-none-any.whl (233 kB)
#8 0.889 Collecting amqp==5.4.0 (from -r requirements.lock (line 7))
#8 0.898   Downloading amqp-5.4.0-py3-none-any.whl (51 kB)
#8 0.908 Collecting annotated-doc==0.0.5 (from -r requirements.lock (line 11))
#8 0.918   Downloading annotated_doc-0.0.5-py3-none-any.whl (5.3 kB)
#8 0.924 Collecting annotated-types==0.8.0 (from -r requirements.lock (line 15))
#8 0.934   Downloading annotated_types-0.8.0-py3-none-any.whl (13 kB)
#8 0.945 Collecting anyio==4.15.1 (from -r requirements.lock (line 19))
#8 0.953   Downloading anyio-4.15.1-py3-none-any.whl (132 kB)
#8 0.972 Collecting argon2-cffi==25.1.0 (from -r requirements.lock (line 26))
#8 0.981   Downloading argon2_cffi-25.1.0-py3-none-any.whl (14 kB)
#8 0.992 Collecting argon2-cffi-bindings==26.1.0 (from -r requirements.lock (line 30))
#8 1.003   Downloading argon2_cffi_bindings-26.1.0-cp310-abi3-manylinux_2_26_aarch64.manylinux_2_28_aarch64.whl (27 kB)
#8 1.015 Collecting asgiref==3.12.1 (from -r requirements.lock (line 73))
#8 1.025   Downloading asgiref-3.12.1-py3-none-any.whl (25 kB)
#8 1.053 Collecting asyncpg==0.30.0 (from -r requirements.lock (line 77))
#8 1.064   Downloading asyncpg-0.30.0-cp312-cp312-manylinux_2_17_aarch64.manylinux2014_aarch64.whl (3.5 MB)
#8 1.163      ━━━━━━━━━━━━━━━━━━━━━━━━━━━━━━━━━━━━━━━━ 3.5/3.5 MB 35.6 MB/s eta 0:00:00
#8 1.187 Collecting bcrypt==4.0.1 (from -r requirements.lock (line 128))
#8 1.201   Downloading bcrypt-4.0.1-cp36-abi3-manylinux_2_28_aarch64.whl (583 kB)
#8 1.231      ━━━━━━━━━━━━━━━━━━━━━━━━━━━━━━━━━━━━━━ 583.6/583.6 kB 27.7 MB/s eta 0:00:00
#8 1.242 Collecting beautifulsoup4==4.12.3 (from -r requirements.lock (line 151))
#8 1.254   Downloading beautifulsoup4-4.12.3-py3-none-any.whl (147 kB)
#8 1.269 Collecting billiard==4.3.0 (from -r requirements.lock (line 155))
#8 1.280   Downloading billiard-4.3.0-py3-none-any.whl (88 kB)
#8 1.297 Collecting celery==5.4.0 (from -r requirements.lock (line 159))
#8 1.309   Downloading celery-5.4.0-py3-none-any.whl (425 kB)
#8 1.340 Collecting certifi==2026.7.22 (from -r requirements.lock (line 163))
#8 1.349   Downloading certifi-2026.7.22-py3-none-any.whl (136 kB)
#8 1.429 Collecting cffi==2.1.1 (from -r requirements.lock (line 170))
#8 1.441   Downloading cffi-2.1.1-cp312-cp312-manylinux2014_aarch64.manylinux_2_17_aarch64.whl (222 kB)
#8 1.499 Collecting charset-normalizer==3.5.1 (from -r requirements.lock (line 274))
#8 1.511   Downloading charset_normalizer-3.5.1-cp312-cp312-manylinux2014_aarch64.manylinux_2_17_aarch64.manylinux_2_28_aarch64.whl (238 kB)
#8 1.530 Collecting click==8.5.0 (from -r requirements.lock (line 448))
#8 1.541   Downloading click-8.5.0-py3-none-any.whl (125 kB)
#8 1.565 Collecting click-didyoumean==0.3.1 (from -r requirements.lock (line 457))
#8 1.575   Downloading click_didyoumean-0.3.1-py3-none-any.whl (3.6 kB)
#8 1.583 Collecting click-plugins==1.1.1.2 (from -r requirements.lock (line 461))
#8 1.592   Downloading click_plugins-1.1.1.2-py2.py3-none-any.whl (11 kB)
#8 1.599 Collecting click-repl==0.4.0 (from -r requirements.lock (line 465))
#8 1.608   Downloading click_repl-0.4.0-py3-none-any.whl (14 kB)
#8 1.684 Collecting cryptography==50.0.1 (from -r requirements.lock (line 469))
#8 1.694   Downloading cryptography-50.0.1-cp311-abi3-manylinux_2_34_aarch64.whl (4.7 MB)
#8 1.819      ━━━━━━━━━━━━━━━━━━━━━━━━━━━━━━━━━━━━━━━━ 4.7/4.7 MB 38.1 MB/s eta 0:00:00
#8 1.836 Collecting deprecated==1.3.1 (from -r requirements.lock (line 519))
#8 1.845   Downloading deprecated-1.3.1-py2.py3-none-any.whl (11 kB)
#8 1.854 Collecting dnspython==2.8.0 (from -r requirements.lock (line 526))
#8 1.864   Downloading dnspython-2.8.0-py3-none-any.whl (331 kB)
#8 1.884 Collecting email-validator==2.2.0 (from -r requirements.lock (line 530))
#8 1.896   Downloading email_validator-2.2.0-py3-none-any.whl (33 kB)
#8 1.920 Collecting fastapi==0.141.1 (from -r requirements.lock (line 534))
#8 1.930   Downloading fastapi-0.141.1-py3-none-any.whl (131 kB)
#8 1.945 Collecting googleapis-common-protos==1.75.0 (from -r requirements.lock (line 538))
#8 1.954   Downloading googleapis_common_protos-1.75.0-py3-none-any.whl (300 kB)
#8 2.020 Collecting greenlet==3.5.6 (from -r requirements.lock (line 542))
#8 2.031   Downloading greenlet-3.5.6-cp312-cp312-manylinux_2_24_aarch64.manylinux_2_28_aarch64.whl (611 kB)
#8 2.048      ━━━━━━━━━━━━━━━━━━━━━━━━━━━━━━━━━━━━━━ 611.7/611.7 kB 37.1 MB/s eta 0:00:00
#8 2.246 Collecting grpcio==1.84.0 (from -r requirements.lock (line 623))
#8 2.256   Downloading grpcio-1.84.0-cp312-cp312-manylinux2014_aarch64.manylinux_2_17_aarch64.whl (7.0 MB)
#8 2.602      ━━━━━━━━━━━━━━━━━━━━━━━━━━━━━━━━━━━━━━━━ 7.0/7.0 MB 19.9 MB/s eta 0:00:00
#8 2.629 Collecting h11==0.16.0 (from -r requirements.lock (line 686))
#8 2.640   Downloading h11-0.16.0-py3-none-any.whl (37 kB)
#8 2.659 Collecting httpcore==1.0.9 (from -r requirements.lock (line 692))
#8 2.669   Downloading httpcore-1.0.9-py3-none-any.whl (78 kB)
#8 2.697 Collecting httptools==0.8.0 (from -r requirements.lock (line 696))
#8 2.707   Downloading httptools-0.8.0-cp312-cp312-manylinux2014_aarch64.manylinux_2_17_aarch64.manylinux_2_28_aarch64.whl (518 kB)
#8 2.739 Collecting httpx==0.27.0 (from -r requirements.lock (line 748))
#8 2.750   Downloading httpx-0.27.0-py3-none-any.whl (75 kB)
#8 2.762 Collecting idna==3.20 (from -r requirements.lock (line 752))
#8 2.771   Downloading idna-3.20-py3-none-any.whl (69 kB)
#8 2.791 Collecting importlib-metadata==8.5.0 (from -r requirements.lock (line 759))
#8 2.801   Downloading importlib_metadata-8.5.0-py3-none-any.whl (26 kB)
#8 2.810 Collecting itsdangerous==2.2.0 (from -r requirements.lock (line 763))
#8 2.819   Downloading itsdangerous-2.2.0-py3-none-any.whl (16 kB)
#8 2.835 Collecting kombu==5.6.2 (from -r requirements.lock (line 767))
#8 2.844   Downloading kombu-5.6.2-py3-none-any.whl (214 kB)
#8 2.973 Collecting lxml==6.1.3 (from -r requirements.lock (line 771))
#8 2.985   Downloading lxml-6.1.3-cp312-cp312-manylinux_2_26_aarch64.manylinux_2_28_aarch64.whl (5.0 MB)
#8 3.226      ━━━━━━━━━━━━━━━━━━━━━━━━━━━━━━━━━━━━━━━━ 5.0/5.0 MB 20.4 MB/s eta 0:00:00
#8 3.240 Collecting mako==1.4.1 (from -r requirements.lock (line 949))
#8 3.249   Downloading mako-1.4.1-py3-none-any.whl (80 kB)
#8 3.279 Collecting markupsafe==3.0.3 (from -r requirements.lock (line 953))
#8 3.288   Downloading markupsafe-3.0.3-cp312-cp312-manylinux2014_aarch64.manylinux_2_17_aarch64.manylinux_2_28_aarch64.whl (24 kB)
#8 3.302 Collecting minio==7.2.12 (from -r requirements.lock (line 1044))
#8 3.313   Downloading minio-7.2.12-py3-none-any.whl (94 kB)
#8 3.396 Collecting numpy==2.5.3 (from -r requirements.lock (line 1048))
#8 3.405   Downloading numpy-2.5.3-cp312-cp312-manylinux_2_27_aarch64.manylinux_2_28_aarch64.whl (15.7 MB)
#8 4.705      ━━━━━━━━━━━━━━━━━━━━━━━━━━━━━━━━━━━━━━━━ 15.7/15.7 MB 12.0 MB/s eta 0:00:00
#8 4.739 Collecting opentelemetry-api==1.28.0 (from -r requirements.lock (line 1116))
#8 4.749   Downloading opentelemetry_api-1.28.0-py3-none-any.whl (64 kB)
#8 4.763 Collecting opentelemetry-exporter-otlp-proto-common==1.28.0 (from -r requirements.lock (line 1127))
#8 4.772   Downloading opentelemetry_exporter_otlp_proto_common-1.28.0-py3-none-any.whl (18 kB)
#8 4.785 Collecting opentelemetry-exporter-otlp-proto-grpc==1.28.0 (from -r requirements.lock (line 1131))
#8 4.795   Downloading opentelemetry_exporter_otlp_proto_grpc-1.28.0-py3-none-any.whl (18 kB)
#8 4.807 Collecting opentelemetry-instrumentation==0.49b0 (from -r requirements.lock (line 1135))
#8 4.817   Downloading opentelemetry_instrumentation-0.49b0-py3-none-any.whl (30 kB)
#8 4.831 Collecting opentelemetry-instrumentation-asgi==0.49b0 (from -r requirements.lock (line 1141))
#8 4.841   Downloading opentelemetry_instrumentation_asgi-0.49b0-py3-none-any.whl (16 kB)
#8 4.854 Collecting opentelemetry-instrumentation-fastapi==0.49b0 (from -r requirements.lock (line 1145))
#8 4.863   Downloading opentelemetry_instrumentation_fastapi-0.49b0-py3-none-any.whl (12 kB)
#8 4.876 Collecting opentelemetry-proto==1.28.0 (from -r requirements.lock (line 1149))
#8 4.886   Downloading opentelemetry_proto-1.28.0-py3-none-any.whl (55 kB)
#8 4.901 Collecting opentelemetry-sdk==1.28.0 (from -r requirements.lock (line 1155))
#8 4.911   Downloading opentelemetry_sdk-1.28.0-py3-none-any.whl (118 kB)
#8 4.930 Collecting opentelemetry-semantic-conventions==0.49b0 (from -r requirements.lock (line 1161))
#8 4.940   Downloading opentelemetry_semantic_conventions-0.49b0-py3-none-any.whl (159 kB)
#8 4.962 Collecting opentelemetry-util-http==0.49b0 (from -r requirements.lock (line 1169))
#8 4.973   Downloading opentelemetry_util_http-0.49b0-py3-none-any.whl (6.9 kB)
#8 4.984 Collecting packaging==26.3 (from -r requirements.lock (line 1175))
#8 4.992   Downloading packaging-26.3-py3-none-any.whl (129 kB)
#8 5.014 Collecting pdfminer-six==20260107 (from -r requirements.lock (line 1181))
#8 5.023   Downloading pdfminer_six-20260107-py3-none-any.whl (6.6 MB)
#8 5.505      ━━━━━━━━━━━━━━━━━━━━━━━━━━━━━━━━━━━━━━━━ 6.6/6.6 MB 14.0 MB/s eta 0:00:00
#8 5.533 Collecting pdfplumber==0.11.10 (from -r requirements.lock (line 1185))
#8 5.544   Downloading pdfplumber-0.11.10-py3-none-any.whl (60 kB)
#8 5.561 Collecting pgvector==0.3.0 (from -r requirements.lock (line 1189))
#8 5.572   Downloading pgvector-0.3.0-py2.py3-none-any.whl (23 kB)
#8 5.649 Collecting pillow==12.3.0 (from -r requirements.lock (line 1192))
#8 5.660   Downloading pillow-12.3.0-cp312-cp312-manylinux_2_27_aarch64.manylinux_2_28_aarch64.whl (6.3 MB)
#8 6.047      ━━━━━━━━━━━━━━━━━━━━━━━━━━━━━━━━━━━━━━━━ 6.3/6.3 MB 16.4 MB/s eta 0:00:00
#8 6.078 Collecting prometheus-client==0.21.0 (from -r requirements.lock (line 1281))
#8 6.086   Downloading prometheus_client-0.21.0-py3-none-any.whl (54 kB)
#8 6.111 Collecting prompt-toolkit==3.0.53 (from -r requirements.lock (line 1285))
#8 6.121   Downloading prompt_toolkit-3.0.53-py3-none-any.whl (392 kB)
#8 6.227 Collecting protobuf==5.29.6 (from -r requirements.lock (line 1289))
#8 6.234   Downloading protobuf-5.29.6-cp38-abi3-manylinux2014_aarch64.whl (320 kB)
#8 6.262 Collecting pycparser==3.0 (from -r requirements.lock (line 1304))
#8 6.271   Downloading pycparser-3.0-py3-none-any.whl (48 kB)
#8 6.304 Collecting pycryptodome==3.23.0 (from -r requirements.lock (line 1308))
#8 6.313   Downloading pycryptodome-3.23.0-cp37-abi3-manylinux_2_17_aarch64.manylinux2014_aarch64.whl (2.2 MB)
#8 6.436      ━━━━━━━━━━━━━━━━━━━━━━━━━━━━━━━━━━━━━━━━ 2.2/2.2 MB 18.7 MB/s eta 0:00:00
#8 6.481 Collecting pydantic==2.13.5 (from -r requirements.lock (line 1351))
#8 6.490   Downloading pydantic-2.13.5-py3-none-any.whl (472 kB)
#8 6.847 Collecting pydantic-core==2.46.5 (from -r requirements.lock (line 1358))
#8 6.856   Downloading pydantic_core-2.46.5-cp312-cp312-manylinux_2_17_aarch64.manylinux2014_aarch64.whl (2.0 MB)
#8 6.960      ━━━━━━━━━━━━━━━━━━━━━━━━━━━━━━━━━━━━━━━━ 2.0/2.0 MB 19.2 MB/s eta 0:00:00
#8 6.970 Collecting pydantic-settings==2.15.0 (from -r requirements.lock (line 1480))
#8 6.980   Downloading pydantic_settings-2.15.0-py3-none-any.whl (69 kB)
#8 6.991 Collecting pyjwt==2.14.0 (from -r requirements.lock (line 1484))
#8 7.000   Downloading pyjwt-2.14.0-py3-none-any.whl (32 kB)
#8 7.037 Collecting pypdfium2==5.13.0 (from -r requirements.lock (line 1488))
#8 7.052   Downloading pypdfium2-5.13.0-py3-none-manylinux_2_17_aarch64.manylinux2014_aarch64.whl (3.7 MB)
#8 7.274      ━━━━━━━━━━━━━━━━━━━━━━━━━━━━━━━━━━━━━━━━ 3.7/3.7 MB 16.6 MB/s eta 0:00:00
#8 7.289 Collecting pyphen==0.18.1 (from -r requirements.lock (line 1512))
#8 7.299   Downloading pyphen-0.18.1-py3-none-any.whl (2.1 MB)
#8 7.405      ━━━━━━━━━━━━━━━━━━━━━━━━━━━━━━━━━━━━━━━━ 2.1/2.1 MB 20.3 MB/s eta 0:00:00
#8 7.419 Collecting python-dateutil==2.9.0 (from -r requirements.lock (line 1516))
#8 7.430   Downloading python_dateutil-2.9.0-py2.py3-none-any.whl (230 kB)
#8 7.449 Collecting python-docx==1.1.2 (from -r requirements.lock (line 1522))
#8 7.458   Downloading python_docx-1.1.2-py3-none-any.whl (244 kB)
#8 7.480 Collecting python-dotenv==1.2.3 (from -r requirements.lock (line 1526))
#8 7.489   Downloading python_dotenv-1.2.3-py3-none-any.whl (22 kB)
#8 7.500 Collecting python-multipart==0.0.32 (from -r requirements.lock (line 1532))
#8 7.510   Downloading python_multipart-0.0.32-py3-none-any.whl (30 kB)
#8 7.531 Collecting pyyaml==6.0.3 (from -r requirements.lock (line 1536))
#8 7.540   Downloading pyyaml-6.0.3-cp312-cp312-manylinux2014_aarch64.manylinux_2_17_aarch64.manylinux_2_28_aarch64.whl (775 kB)
#8 7.575      ━━━━━━━━━━━━━━━━━━━━━━━━━━━━━━━━━━━━━━ 775.1/775.1 kB 22.4 MB/s eta 0:00:00
#8 7.592 Collecting redis==5.2.0 (from -r requirements.lock (line 1611))
#8 7.603   Downloading redis-5.2.0-py3-none-any.whl (261 kB)
#8 7.656 Collecting setuptools==84.0.0 (from -r requirements.lock (line 1615))
#8 7.666   Downloading setuptools-84.0.0-py3-none-any.whl (818 kB)
#8 7.705      ━━━━━━━━━━━━━━━━━━━━━━━━━━━━━━━━━━━━━━ 818.2/818.2 kB 20.5 MB/s eta 0:00:00
#8 7.722 Collecting six==1.17.0 (from -r requirements.lock (line 1619))
#8 7.730   Downloading six-1.17.0-py2.py3-none-any.whl (11 kB)
#8 7.739 Collecting sniffio==1.3.1 (from -r requirements.lock (line 1623))
#8 7.748   Downloading sniffio-1.3.1-py3-none-any.whl (10 kB)
#8 7.759 Collecting soupsieve==2.9.2 (from -r requirements.lock (line 1627))
#8 7.767   Downloading soupsieve-2.9.2-py3-none-any.whl (37 kB)
#8 7.915 Collecting sqlalchemy==2.0.36 (from -r requirements.lock (line 1631))
#8 7.927   Downloading SQLAlchemy-2.0.36-cp312-cp312-manylinux_2_17_aarch64.manylinux2014_aarch64.whl (3.2 MB)
#8 8.073      ━━━━━━━━━━━━━━━━━━━━━━━━━━━━━━━━━━━━━━━━ 3.2/3.2 MB 22.2 MB/s eta 0:00:00
#8 8.092 Collecting starlette==1.6.0 (from -r requirements.lock (line 1692))
#8 8.101   Downloading starlette-1.6.0-py3-none-any.whl (75 kB)
#8 8.112 Collecting structlog==24.4.0 (from -r requirements.lock (line 1696))
#8 8.123   Downloading structlog-24.4.0-py3-none-any.whl (67 kB)
#8 8.136 Collecting textstat==0.7.4 (from -r requirements.lock (line 1700))
#8 8.144   Downloading textstat-0.7.4-py3-none-any.whl (105 kB)
#8 8.161 Collecting typing-extensions==4.16.0 (from -r requirements.lock (line 1703))
#8 8.169   Downloading typing_extensions-4.16.0-py3-none-any.whl (45 kB)
#8 8.180 Collecting typing-inspection==0.4.4 (from -r requirements.lock (line 1720))
#8 8.190   Downloading typing_inspection-0.4.4-py3-none-any.whl (14 kB)
#8 8.199 Collecting tzdata==2026.4 (from -r requirements.lock (line 1727))
#8 8.206   Downloading tzdata-2026.4-py2.py3-none-any.whl (347 kB)
#8 8.238 Collecting urllib3==2.8.0 (from -r requirements.lock (line 1733))
#8 8.248   Downloading urllib3-2.8.0-py3-none-any.whl (135 kB)
#8 8.268 Collecting uvicorn==0.53.0 (from -r requirements.lock (line 1737))
#8 8.277   Downloading uvicorn-0.53.0-py3-none-any.whl (87 kB)
#8 8.303 Collecting uvloop==0.22.1 (from -r requirements.lock (line 1741))
#8 8.312   Downloading uvloop-0.22.1-cp312-cp312-manylinux2014_aarch64.manylinux_2_17_aarch64.manylinux_2_28_aarch64.whl (4.3 MB)
#8 8.560      ━━━━━━━━━━━━━━━━━━━━━━━━━━━━━━━━━━━━━━━━ 4.3/4.3 MB 17.6 MB/s eta 0:00:00
#8 8.575 Collecting vine==5.1.0 (from -r requirements.lock (line 1792))
#8 8.585   Downloading vine-5.1.0-py3-none-any.whl (9.6 kB)
#8 8.625 Collecting watchfiles==1.2.0 (from -r requirements.lock (line 1799))
#8 8.636   Downloading watchfiles-1.2.0-cp312-cp312-manylinux_2_17_aarch64.manylinux2014_aarch64.whl (453 kB)
#8 8.675 Collecting wcwidth==0.8.4 (from -r requirements.lock (line 1908))
#8 8.685   Downloading wcwidth-0.8.4-py3-none-any.whl (299 kB)
#8 8.762 Collecting websockets==17.1 (from -r requirements.lock (line 1912))
#8 8.773   Downloading websockets-17.1-cp312-cp312-manylinux2014_aarch64.manylinux_2_17_aarch64.manylinux_2_28_aarch64.whl (225 kB)
#8 8.907 Collecting wrapt==1.17.3 (from -r requirements.lock (line 2062))
#8 8.917   Downloading wrapt-1.17.3-cp312-cp312-manylinux2014_aarch64.manylinux_2_17_aarch64.manylinux_2_28_aarch64.whl (88 kB)
#8 8.932 Collecting zipp==4.1.0 (from -r requirements.lock (line 2147))
#8 8.943   Downloading zipp-4.1.0-py3-none-any.whl (10 kB)
#8 9.149 Installing collected packages: zipp, wrapt, websockets, wcwidth, vine, uvloop, urllib3, tzdata, typing-extensions, structlog, soupsieve, sniffio, six, setuptools, redis, pyyaml, python-multipart, python-dotenv, pyphen, pypdfium2, pyjwt, pycryptodome, pycparser, protobuf, prometheus-client, pillow, packaging, opentelemetry-util-http, numpy, markupsafe, lxml, itsdangerous, idna, httptools, h11, greenlet, dnspython, click, charset-normalizer, certifi, billiard, bcrypt, asyncpg, asgiref, annotated-types, annotated-doc, uvicorn, typing-inspection, textstat, sqlalchemy, python-docx, python-dateutil, pydantic-core, prompt-toolkit, pgvector, opentelemetry-proto, mako, importlib-metadata, httpcore, grpcio, googleapis-common-protos, email-validator, deprecated, click-plugins, click-didyoumean, cffi, beautifulsoup4, anyio, amqp, watchfiles, starlette, pydantic, opentelemetry-exporter-otlp-proto-common, opentelemetry-api, kombu, httpx, cryptography, click-repl, argon2-cffi-bindings, alembic, pydantic-settings, pdfminer-six, opentelemetry-semantic-conventions, fastapi, celery, argon2-cffi, pdfplumber, opentelemetry-sdk, opentelemetry-instrumentation, minio, opentelemetry-instrumentation-asgi, opentelemetry-exporter-otlp-proto-grpc, opentelemetry-instrumentation-fastapi
#8 14.84 Successfully installed alembic-1.14.0 amqp-5.4.0 annotated-doc-0.0.5 annotated-types-0.8.0 anyio-4.15.1 argon2-cffi-25.1.0 argon2-cffi-bindings-26.1.0 asgiref-3.12.1 asyncpg-0.30.0 bcrypt-4.0.1 beautifulsoup4-4.12.3 billiard-4.3.0 celery-5.4.0 certifi-2026.7.22 cffi-2.1.1 charset-normalizer-3.5.1 click-8.5.0 click-didyoumean-0.3.1 click-plugins-1.1.1.2 click-repl-0.4.0 cryptography-50.0.1 deprecated-1.3.1 dnspython-2.8.0 email-validator-2.2.0 fastapi-0.141.1 googleapis-common-protos-1.75.0 greenlet-3.5.6 grpcio-1.84.0 h11-0.16.0 httpcore-1.0.9 httptools-0.8.0 httpx-0.27.0 idna-3.20 importlib-metadata-8.5.0 itsdangerous-2.2.0 kombu-5.6.2 lxml-6.1.3 mako-1.4.1 markupsafe-3.0.3 minio-7.2.12 numpy-2.5.3 opentelemetry-api-1.28.0 opentelemetry-exporter-otlp-proto-common-1.28.0 opentelemetry-exporter-otlp-proto-grpc-1.28.0 opentelemetry-instrumentation-0.49b0 opentelemetry-instrumentation-asgi-0.49b0 opentelemetry-instrumentation-fastapi-0.49b0 opentelemetry-proto-1.28.0 opentelemetry-sdk-1.28.0 opentelemetry-semantic-conventions-0.49b0 opentelemetry-util-http-0.49b0 packaging-26.3 pdfminer-six-20260107 pdfplumber-0.11.10 pgvector-0.3.0 pillow-12.3.0 prometheus-client-0.21.0 prompt-toolkit-3.0.53 protobuf-5.29.6 pycparser-3.0 pycryptodome-3.23.0 pydantic-2.13.5 pydantic-core-2.46.5 pydantic-settings-2.15.0 pyjwt-2.14.0 pypdfium2-5.13.0 pyphen-0.18.1 python-dateutil-2.9.0 python-docx-1.1.2 python-dotenv-1.2.3 python-multipart-0.0.32 pyyaml-6.0.3 redis-5.2.0 setuptools-84.0.0 six-1.17.0 sniffio-1.3.1 soupsieve-2.9.2 sqlalchemy-2.0.36 starlette-1.6.0 structlog-24.4.0 textstat-0.7.4 typing-extensions-4.16.0 typing-inspection-0.4.4 tzdata-2026.4 urllib3-2.8.0 uvicorn-0.53.0 uvloop-0.22.1 vine-5.1.0 watchfiles-1.2.0 wcwidth-0.8.4 websockets-17.1 wrapt-1.17.3 zipp-4.1.0
#8 14.84 WARNING: Running pip as the 'root' user can result in broken permissions and conflicting behaviour with the system package manager, possibly rendering your system unusable. It is recommended to use a virtual environment instead: https://pip.pypa.io/warnings/venv. Use the --root-user-action option if you know what you are doing and want to suppress this warning.
#8 DONE 15.5s

#9 [verification 1/3] COPY requirements-dev.lock ./
#9 DONE 0.1s

#10 [verification 2/3] RUN pip install --no-cache-dir --only-binary=:all: --require-hashes -r requirements-dev.lock
#10 0.790 Collecting aiosqlite==0.20.0 (from -r requirements-dev.lock (line 3))
#10 2.641   Downloading aiosqlite-0.20.0-py3-none-any.whl (15 kB)
#10 2.646 Requirement already satisfied: alembic==1.14.0 in /usr/local/lib/python3.12/site-packages (from -r requirements-dev.lock (line 7)) (1.14.0)
#10 2.646 Requirement already satisfied: amqp==5.4.0 in /usr/local/lib/python3.12/site-packages (from -r requirements-dev.lock (line 13)) (5.4.0)
#10 2.646 Requirement already satisfied: annotated-doc==0.0.5 in /usr/local/lib/python3.12/site-packages (from -r requirements-dev.lock (line 19)) (0.0.5)
#10 2.646 Requirement already satisfied: annotated-types==0.8.0 in /usr/local/lib/python3.12/site-packages (from -r requirements-dev.lock (line 25)) (0.8.0)
#10 2.647 Requirement already satisfied: anyio==4.15.1 in /usr/local/lib/python3.12/site-packages (from -r requirements-dev.lock (line 31)) (4.15.1)
#10 2.647 Requirement already satisfied: argon2-cffi==25.1.0 in /usr/local/lib/python3.12/site-packages (from -r requirements-dev.lock (line 39)) (25.1.0)
#10 2.647 Requirement already satisfied: argon2-cffi-bindings==26.1.0 in /usr/local/lib/python3.12/site-packages (from -r requirements-dev.lock (line 45)) (26.1.0)
#10 2.648 Requirement already satisfied: asgiref==3.12.1 in /usr/local/lib/python3.12/site-packages (from -r requirements-dev.lock (line 90)) (3.12.1)
#10 2.648 Requirement already satisfied: asyncpg==0.30.0 in /usr/local/lib/python3.12/site-packages (from -r requirements-dev.lock (line 96)) (0.30.0)
#10 2.648 Requirement already satisfied: bcrypt==4.0.1 in /usr/local/lib/python3.12/site-packages (from -r requirements-dev.lock (line 149)) (4.0.1)
#10 2.648 Requirement already satisfied: beautifulsoup4==4.12.3 in /usr/local/lib/python3.12/site-packages (from -r requirements-dev.lock (line 174)) (4.12.3)
#10 2.648 Requirement already satisfied: billiard==4.3.0 in /usr/local/lib/python3.12/site-packages (from -r requirements-dev.lock (line 180)) (4.3.0)
#10 2.686 Collecting black==26.5.1 (from -r requirements-dev.lock (line 186))
#10 2.693   Downloading black-26.5.1-py3-none-any.whl (213 kB)
#10 2.722 Requirement already satisfied: celery==5.4.0 in /usr/local/lib/python3.12/site-packages (from -r requirements-dev.lock (line 215)) (5.4.0)
#10 2.722 Requirement already satisfied: certifi==2026.7.22 in /usr/local/lib/python3.12/site-packages (from -r requirements-dev.lock (line 221)) (2026.7.22)
#10 2.722 Requirement already satisfied: cffi==2.1.1 in /usr/local/lib/python3.12/site-packages (from -r requirements-dev.lock (line 229)) (2.1.1)
#10 2.723 Requirement already satisfied: charset-normalizer==3.5.1 in /usr/local/lib/python3.12/site-packages (from -r requirements-dev.lock (line 334)) (3.5.1)
#10 2.723 Requirement already satisfied: click==8.5.0 in /usr/local/lib/python3.12/site-packages (from -r requirements-dev.lock (line 510)) (8.5.0)
#10 2.723 Requirement already satisfied: click-didyoumean==0.3.1 in /usr/local/lib/python3.12/site-packages (from -r requirements-dev.lock (line 521)) (0.3.1)
#10 2.723 Requirement already satisfied: click-plugins==1.1.1.2 in /usr/local/lib/python3.12/site-packages (from -r requirements-dev.lock (line 527)) (1.1.1.2)
#10 2.724 Requirement already satisfied: click-repl==0.4.0 in /usr/local/lib/python3.12/site-packages (from -r requirements-dev.lock (line 533)) (0.4.0)
#10 2.724 Requirement already satisfied: cryptography==50.0.1 in /usr/local/lib/python3.12/site-packages (from -r requirements-dev.lock (line 539)) (50.0.1)
#10 2.724 Requirement already satisfied: deprecated==1.3.1 in /usr/local/lib/python3.12/site-packages (from -r requirements-dev.lock (line 590)) (1.3.1)
#10 2.724 Requirement already satisfied: dnspython==2.8.0 in /usr/local/lib/python3.12/site-packages (from -r requirements-dev.lock (line 598)) (2.8.0)
#10 2.724 Requirement already satisfied: email-validator==2.2.0 in /usr/local/lib/python3.12/site-packages (from -r requirements-dev.lock (line 604)) (2.2.0)
#10 2.733 Collecting factory-boy==3.3.0 (from -r requirements-dev.lock (line 610))
#10 2.741   Downloading factory_boy-3.3.0-py2.py3-none-any.whl (36 kB)
#10 2.775 Collecting faker==30.0.0 (from -r requirements-dev.lock (line 614))
#10 2.782   Downloading Faker-30.0.0-py3-none-any.whl (1.8 MB)
#10 2.828      ━━━━━━━━━━━━━━━━━━━━━━━━━━━━━━━━━━━━━━━━ 1.8/1.8 MB 43.5 MB/s eta 0:00:00
#10 2.834 Requirement already satisfied: fastapi==0.141.1 in /usr/local/lib/python3.12/site-packages (from -r requirements-dev.lock (line 620)) (0.141.1)
#10 2.834 Requirement already satisfied: googleapis-common-protos==1.75.0 in /usr/local/lib/python3.12/site-packages (from -r requirements-dev.lock (line 626)) (1.75.0)
#10 2.835 Requirement already satisfied: greenlet==3.5.6 in /usr/local/lib/python3.12/site-packages (from -r requirements-dev.lock (line 632)) (3.5.6)
#10 2.835 Requirement already satisfied: grpcio==1.84.0 in /usr/local/lib/python3.12/site-packages (from -r requirements-dev.lock (line 715)) (1.84.0)
#10 2.835 Requirement already satisfied: h11==0.16.0 in /usr/local/lib/python3.12/site-packages (from -r requirements-dev.lock (line 780)) (0.16.0)
#10 2.835 Requirement already satisfied: httpcore==1.0.9 in /usr/local/lib/python3.12/site-packages (from -r requirements-dev.lock (line 787)) (1.0.9)
#10 2.835 Requirement already satisfied: httptools==0.8.0 in /usr/local/lib/python3.12/site-packages (from -r requirements-dev.lock (line 793)) (0.8.0)
#10 2.836 Requirement already satisfied: httpx==0.27.0 in /usr/local/lib/python3.12/site-packages (from -r requirements-dev.lock (line 847)) (0.27.0)
#10 2.836 Requirement already satisfied: idna==3.20 in /usr/local/lib/python3.12/site-packages (from -r requirements-dev.lock (line 853)) (3.20)
#10 2.836 Requirement already satisfied: importlib-metadata==8.5.0 in /usr/local/lib/python3.12/site-packages (from -r requirements-dev.lock (line 861)) (8.5.0)
#10 2.845 Collecting iniconfig==2.3.0 (from -r requirements-dev.lock (line 867))
#10 2.851   Downloading iniconfig-2.3.0-py3-none-any.whl (7.5 kB)
#10 2.852 Requirement already satisfied: itsdangerous==2.2.0 in /usr/local/lib/python3.12/site-packages (from -r requirements-dev.lock (line 871)) (2.2.0)
#10 2.852 Requirement already satisfied: kombu==5.6.2 in /usr/local/lib/python3.12/site-packages (from -r requirements-dev.lock (line 877)) (5.6.2)
#10 2.852 Requirement already satisfied: lxml==6.1.3 in /usr/local/lib/python3.12/site-packages (from -r requirements-dev.lock (line 883)) (6.1.3)
#10 2.853 Requirement already satisfied: mako==1.4.1 in /usr/local/lib/python3.12/site-packages (from -r requirements-dev.lock (line 1063)) (1.4.1)
#10 2.853 Requirement already satisfied: markupsafe==3.0.3 in /usr/local/lib/python3.12/site-packages (from -r requirements-dev.lock (line 1069)) (3.0.3)
#10 2.853 Requirement already satisfied: minio==7.2.12 in /usr/local/lib/python3.12/site-packages (from -r requirements-dev.lock (line 1162)) (7.2.12)
#10 2.914 Collecting mypy==1.11.0 (from -r requirements-dev.lock (line 1168))
#10 2.923   Downloading mypy-1.11.0-py3-none-any.whl (2.6 MB)
#10 3.000      ━━━━━━━━━━━━━━━━━━━━━━━━━━━━━━━━━━━━━━━━ 2.6/2.6 MB 33.2 MB/s eta 0:00:00
#10 3.013 Collecting mypy-extensions==1.1.0 (from -r requirements-dev.lock (line 1197))
#10 3.021   Downloading mypy_extensions-1.1.0-py3-none-any.whl (5.0 kB)
#10 3.021 Requirement already satisfied: numpy==2.5.3 in /usr/local/lib/python3.12/site-packages (from -r requirements-dev.lock (line 1203)) (2.5.3)
#10 3.022 Requirement already satisfied: opentelemetry-api==1.28.0 in /usr/local/lib/python3.12/site-packages (from -r requirements-dev.lock (line 1273)) (1.28.0)
#10 3.022 Requirement already satisfied: opentelemetry-exporter-otlp-proto-common==1.28.0 in /usr/local/lib/python3.12/site-packages (from -r requirements-dev.lock (line 1285)) (1.28.0)
#10 3.022 Requirement already satisfied: opentelemetry-exporter-otlp-proto-grpc==1.28.0 in /usr/local/lib/python3.12/site-packages (from -r requirements-dev.lock (line 1291)) (1.28.0)
#10 3.022 Requirement already satisfied: opentelemetry-instrumentation==0.49b0 in /usr/local/lib/python3.12/site-packages (from -r requirements-dev.lock (line 1297)) (0.49b0)
#10 3.022 Requirement already satisfied: opentelemetry-instrumentation-asgi==0.49b0 in /usr/local/lib/python3.12/site-packages (from -r requirements-dev.lock (line 1304)) (0.49b0)
#10 3.022 Requirement already satisfied: opentelemetry-instrumentation-fastapi==0.49b0 in /usr/local/lib/python3.12/site-packages (from -r requirements-dev.lock (line 1310)) (0.49b0)
#10 3.023 Requirement already satisfied: opentelemetry-proto==1.28.0 in /usr/local/lib/python3.12/site-packages (from -r requirements-dev.lock (line 1316)) (1.28.0)
#10 3.023 Requirement already satisfied: opentelemetry-sdk==1.28.0 in /usr/local/lib/python3.12/site-packages (from -r requirements-dev.lock (line 1323)) (1.28.0)
#10 3.023 Requirement already satisfied: opentelemetry-semantic-conventions==0.49b0 in /usr/local/lib/python3.12/site-packages (from -r requirements-dev.lock (line 1330)) (0.49b0)
#10 3.023 Requirement already satisfied: opentelemetry-util-http==0.49b0 in /usr/local/lib/python3.12/site-packages (from -r requirements-dev.lock (line 1339)) (0.49b0)
#10 3.023 Requirement already satisfied: packaging==26.3 in /usr/local/lib/python3.12/site-packages (from -r requirements-dev.lock (line 1346)) (26.3)
#10 3.032 Collecting pathspec==1.1.1 (from -r requirements-dev.lock (line 1355))
#10 3.039   Downloading pathspec-1.1.1-py3-none-any.whl (57 kB)
#10 3.042 Requirement already satisfied: pdfminer-six==20260107 in /usr/local/lib/python3.12/site-packages (from -r requirements-dev.lock (line 1359)) (20260107)
#10 3.042 Requirement already satisfied: pdfplumber==0.11.10 in /usr/local/lib/python3.12/site-packages (from -r requirements-dev.lock (line 1365)) (0.11.10)
#10 3.042 Requirement already satisfied: pgvector==0.3.0 in /usr/local/lib/python3.12/site-packages (from -r requirements-dev.lock (line 1371)) (0.3.0)
#10 3.043 Requirement already satisfied: pillow==12.3.0 in /usr/local/lib/python3.12/site-packages (from -r requirements-dev.lock (line 1376)) (12.3.0)
#10 3.052 Collecting platformdirs==4.11.11 (from -r requirements-dev.lock (line 1467))
#10 3.058   Downloading platformdirs-4.11.11-py3-none-any.whl (24 kB)
#10 3.067 Collecting pluggy==1.6.0 (from -r requirements-dev.lock (line 1471))
#10 3.073   Downloading pluggy-1.6.0-py3-none-any.whl (20 kB)
#10 3.074 Requirement already satisfied: prometheus-client==0.21.0 in /usr/local/lib/python3.12/site-packages (from -r requirements-dev.lock (line 1475)) (0.21.0)
#10 3.074 Requirement already satisfied: prompt-toolkit==3.0.53 in /usr/local/lib/python3.12/site-packages (from -r requirements-dev.lock (line 1481)) (3.0.53)
#10 3.074 Requirement already satisfied: protobuf==5.29.6 in /usr/local/lib/python3.12/site-packages (from -r requirements-dev.lock (line 1487)) (5.29.6)
#10 3.074 Requirement already satisfied: pycparser==3.0 in /usr/local/lib/python3.12/site-packages (from -r requirements-dev.lock (line 1503)) (3.0)
#10 3.075 Requirement already satisfied: pycryptodome==3.23.0 in /usr/local/lib/python3.12/site-packages (from -r requirements-dev.lock (line 1509)) (3.23.0)
#10 3.075 Requirement already satisfied: pydantic==2.13.5 in /usr/local/lib/python3.12/site-packages (from -r requirements-dev.lock (line 1554)) (2.13.5)
#10 3.075 Requirement already satisfied: pydantic-core==2.46.5 in /usr/local/lib/python3.12/site-packages (from -r requirements-dev.lock (line 1562)) (2.46.5)
#10 3.075 Requirement already satisfied: pydantic-settings==2.15.0 in /usr/local/lib/python3.12/site-packages (from -r requirements-dev.lock (line 1686)) (2.15.0)
#10 3.085 Collecting pygments==2.21.0 (from -r requirements-dev.lock (line 1692))
#10 3.091   Downloading pygments-2.21.0-py3-none-any.whl (1.3 MB)
#10 3.124      ━━━━━━━━━━━━━━━━━━━━━━━━━━━━━━━━━━━━━━━━ 1.3/1.3 MB 37.7 MB/s eta 0:00:00
#10 3.126 Requirement already satisfied: pyjwt==2.14.0 in /usr/local/lib/python3.12/site-packages (from -r requirements-dev.lock (line 1696)) (2.14.0)
#10 3.127 Requirement already satisfied: pypdfium2==5.13.0 in /usr/local/lib/python3.12/site-packages (from -r requirements-dev.lock (line 1702)) (5.13.0)
#10 3.127 Requirement already satisfied: pyphen==0.18.1 in /usr/local/lib/python3.12/site-packages (from -r requirements-dev.lock (line 1728)) (0.18.1)
#10 3.142 Collecting pytest==9.1.1 (from -r requirements-dev.lock (line 1734))
#10 3.149   Downloading pytest-9.1.1-py3-none-any.whl (386 kB)
#10 3.169 Collecting pytest-asyncio==1.4.0 (from -r requirements-dev.lock (line 1740))
#10 3.175   Downloading pytest_asyncio-1.4.0-py3-none-any.whl (16 kB)
#10 3.177 Requirement already satisfied: python-dateutil==2.9.0 in /usr/local/lib/python3.12/site-packages (from -r requirements-dev.lock (line 1744)) (2.9.0)
#10 3.177 Requirement already satisfied: python-docx==1.1.2 in /usr/local/lib/python3.12/site-packages (from -r requirements-dev.lock (line 1752)) (1.1.2)
#10 3.177 Requirement already satisfied: python-dotenv==1.2.3 in /usr/local/lib/python3.12/site-packages (from -r requirements-dev.lock (line 1758)) (1.2.3)
#10 3.177 Requirement already satisfied: python-multipart==0.0.32 in /usr/local/lib/python3.12/site-packages (from -r requirements-dev.lock (line 1765)) (0.0.32)
#10 3.187 Collecting pytokens==0.4.1 (from -r requirements-dev.lock (line 1771))
#10 3.195   Downloading pytokens-0.4.1-cp312-cp312-manylinux2014_aarch64.manylinux_2_17_aarch64.manylinux_2_28_aarch64.whl (255 kB)
#10 3.202 Requirement already satisfied: pyyaml==6.0.3 in /usr/local/lib/python3.12/site-packages (from -r requirements-dev.lock (line 1815)) (6.0.3)
#10 3.202 Requirement already satisfied: redis==5.2.0 in /usr/local/lib/python3.12/site-packages (from -r requirements-dev.lock (line 1892)) (5.2.0)
#10 3.360 Collecting ruff==0.6.0 (from -r requirements-dev.lock (line 1898))
#10 3.367   Downloading ruff-0.6.0-py3-none-manylinux_2_17_aarch64.manylinux2014_aarch64.whl (10.0 MB)
#10 3.878      ━━━━━━━━━━━━━━━━━━━━━━━━━━━━━━━━━━━━━━━━ 10.0/10.0 MB 19.5 MB/s eta 0:00:00
#10 3.893 Requirement already satisfied: setuptools==84.0.0 in /usr/local/lib/python3.12/site-packages (from -r requirements-dev.lock (line 1918)) (84.0.0)
#10 3.894 Requirement already satisfied: six==1.17.0 in /usr/local/lib/python3.12/site-packages (from -r requirements-dev.lock (line 1924)) (1.17.0)
#10 3.894 Requirement already satisfied: sniffio==1.3.1 in /usr/local/lib/python3.12/site-packages (from -r requirements-dev.lock (line 1930)) (1.3.1)
#10 3.894 Requirement already satisfied: soupsieve==2.9.2 in /usr/local/lib/python3.12/site-packages (from -r requirements-dev.lock (line 1936)) (2.9.2)
#10 3.895 Requirement already satisfied: sqlalchemy==2.0.36 in /usr/local/lib/python3.12/site-packages (from -r requirements-dev.lock (line 1942)) (2.0.36)
#10 3.895 Requirement already satisfied: starlette==1.6.0 in /usr/local/lib/python3.12/site-packages (from -r requirements-dev.lock (line 2004)) (1.6.0)
#10 3.895 Requirement already satisfied: structlog==24.4.0 in /usr/local/lib/python3.12/site-packages (from -r requirements-dev.lock (line 2010)) (24.4.0)
#10 3.896 Requirement already satisfied: textstat==0.7.4 in /usr/local/lib/python3.12/site-packages (from -r requirements-dev.lock (line 2016)) (0.7.4)
#10 3.896 Requirement already satisfied: typing-extensions==4.16.0 in /usr/local/lib/python3.12/site-packages (from -r requirements-dev.lock (line 2021)) (4.16.0)
#10 3.896 Requirement already satisfied: typing-inspection==0.4.4 in /usr/local/lib/python3.12/site-packages (from -r requirements-dev.lock (line 2042)) (0.4.4)
#10 3.896 Requirement already satisfied: tzdata==2026.4 in /usr/local/lib/python3.12/site-packages (from -r requirements-dev.lock (line 2050)) (2026.4)
#10 3.896 Requirement already satisfied: urllib3==2.8.0 in /usr/local/lib/python3.12/site-packages (from -r requirements-dev.lock (line 2057)) (2.8.0)
#10 3.897 Requirement already satisfied: uvicorn==0.53.0 in /usr/local/lib/python3.12/site-packages (from -r requirements-dev.lock (line 2063)) (0.53.0)
#10 3.898 Requirement already satisfied: uvloop==0.22.1 in /usr/local/lib/python3.12/site-packages (from -r requirements-dev.lock (line 2069)) (0.22.1)
#10 3.898 Requirement already satisfied: vine==5.1.0 in /usr/local/lib/python3.12/site-packages (from -r requirements-dev.lock (line 2122)) (5.1.0)
#10 3.898 Requirement already satisfied: watchfiles==1.2.0 in /usr/local/lib/python3.12/site-packages (from -r requirements-dev.lock (line 2130)) (1.2.0)
#10 3.899 Requirement already satisfied: wcwidth==0.8.4 in /usr/local/lib/python3.12/site-packages (from -r requirements-dev.lock (line 2241)) (0.8.4)
#10 3.899 Requirement already satisfied: websockets==17.1 in /usr/local/lib/python3.12/site-packages (from -r requirements-dev.lock (line 2247)) (17.1)
#10 3.900 Requirement already satisfied: wrapt==1.17.3 in /usr/local/lib/python3.12/site-packages (from -r requirements-dev.lock (line 2399)) (1.17.3)
#10 3.900 Requirement already satisfied: zipp==4.1.0 in /usr/local/lib/python3.12/site-packages (from -r requirements-dev.lock (line 2485)) (4.1.0)
#10 4.053 Installing collected packages: ruff, pytokens, pygments, pluggy, platformdirs, pathspec, mypy-extensions, iniconfig, aiosqlite, pytest, mypy, faker, black, pytest-asyncio, factory-boy
#10 6.062 Successfully installed aiosqlite-0.20.0 black-26.5.1 factory-boy-3.3.0 faker-30.0.0 iniconfig-2.3.0 mypy-1.11.0 mypy-extensions-1.1.0 pathspec-1.1.1 platformdirs-4.11.11 pluggy-1.6.0 pygments-2.21.0 pytest-9.1.1 pytest-asyncio-1.4.0 pytokens-0.4.1 ruff-0.6.0
#10 6.063 WARNING: Running pip as the 'root' user can result in broken permissions and conflicting behaviour with the system package manager, possibly rendering your system unusable. It is recommended to use a virtual environment instead: https://pip.pypa.io/warnings/venv. Use the --root-user-action option if you know what you are doing and want to suppress this warning.
#10 DONE 6.2s

#11 [verification 3/3] COPY --chown=azaeron:azaeron . .
#11 DONE 0.3s

#12 exporting to image
#12 exporting layers
#12 exporting layers 5.6s done
#12 exporting manifest sha256:7949edceb50c231d8f5be65a756d4491d5b7ec4c08d4198149296377ab4ff527 done
#12 exporting config sha256:b89fdaa748df3001ff0116049c104c686827d1f3066be57d9029a88115c8a681 done
#12 exporting attestation manifest sha256:176ee3bcd223cb99d0744722472a01a95dcd688f1ad29d14fb0dd43770c03921 done
#12 exporting manifest list sha256:b94691a097932d6c58a38ab13a038ca5d5ca04617dea2b52a94b6cc8c8d9dd00 done
#12 naming to docker.io/library/azaeron-verity-cert-verification:latest done
#12 unpacking to docker.io/library/azaeron-verity-cert-verification:latest
#12 unpacking to docker.io/library/azaeron-verity-cert-verification:latest 2.6s done
#12 DONE 8.3s

View build details: docker-desktop://dashboard/build/desktop-linux/desktop-linux/zvj08kgl4m1wf8lfwwqxytyy4
