#0 building with "desktop-linux" instance using docker driver

#1 [internal] load build definition from Dockerfile
#1 transferring dockerfile: 1.06kB done
#1 DONE 0.0s

#2 [internal] load metadata for docker.io/library/python:3.12-slim-bookworm@sha256:392307d22300de8b5986851a12d9176dfc0fc073e65bf6523ebd7dcbeb23564e
#2 DONE 0.0s

#3 [internal] load .dockerignore
#3 transferring context: 105B done
#3 DONE 0.0s

#4 [runtime-base 1/4] FROM docker.io/library/python:3.12-slim-bookworm@sha256:392307d22300de8b5986851a12d9176dfc0fc073e65bf6523ebd7dcbeb23564e
#4 resolve docker.io/library/python:3.12-slim-bookworm@sha256:392307d22300de8b5986851a12d9176dfc0fc073e65bf6523ebd7dcbeb23564e 0.0s done
#4 DONE 0.0s

#5 [internal] load build context
#5 transferring context: 92.91MB 0.7s done
#5 DONE 0.7s

#6 [verification 1/3] COPY requirements-dev.lock ./
#6 CACHED

#7 [runtime-base 2/4] WORKDIR /app
#7 CACHED

#8 [runtime-base 3/4] COPY requirements.lock ./
#8 CACHED

#9 [runtime-base 4/4] RUN pip install --no-cache-dir --only-binary=:all: --require-hashes -r requirements.lock     && useradd --create-home --uid 1000 azaeron
#9 CACHED

#10 [verification 2/3] RUN pip install --no-cache-dir --only-binary=:all: --require-hashes -r requirements-dev.lock
#10 CACHED

#11 [verification 3/3] COPY --chown=azaeron:azaeron . .
#11 DONE 0.5s

#12 exporting to image
#12 exporting layers
#12 exporting layers 1.8s done
#12 exporting manifest sha256:2a00614bb98469e8400a5df0c7843fa0ced261c3e5f6874aecdcc01a082cf09d done
#12 exporting config sha256:fb27685a06623da551fd8ca0393131845fc76c6c80e432300d18222d3bdebf11 done
#12 exporting attestation manifest sha256:e50113efe1387396582b18d00a625dee1d242499e4fd224f925fa391b2c418f0 done
#12 exporting manifest list sha256:80a2cacdb01131f34fbcbaaa77471239f4e39680167cfef7f8a9d78e9ee2b36e done
#12 naming to docker.io/library/azaeron-verity-cert-verification:latest done
#12 unpacking to docker.io/library/azaeron-verity-cert-verification:latest
#12 unpacking to docker.io/library/azaeron-verity-cert-verification:latest 0.4s done
#12 DONE 2.2s

View build details: docker-desktop://dashboard/build/desktop-linux/desktop-linux/0don0wz4irtnodf4lh4b5junt
