
> azaeron-frontend@1.0.0 test
> playwright test tests/editor-live.spec.ts tests/accessibility-live.spec.ts --workers=1


Running 2 tests using 1 worker

(node:41937) Warning: The 'NO_COLOR' env is ignored due to the 'FORCE_COLOR' env being set.
(Use `node --trace-warnings ...` to show where the warning was created)


[1/2] [chromium] › tests/accessibility-live.spec.ts:13:5 › keyboard login and refinement; critical pages have no automated WCAG AA violations
[2/2] [chromium] › tests/editor-live.spec.ts:4:5 › editor: selective acceptance, reload, restore, offline recovery and lost-response retry
  1) [chromium] › tests/editor-live.spec.ts:4:5 › editor: selective acceptance, reload, restore, offline recovery and lost-response retry 

    Error: expect(locator).toHaveText(expected) failed

    Locator:  getByRole('status')
    Expected: "Saved version 2"
    Received: "Save failed · your draft is retained"
    Timeout:  5000ms

    Call log:
      - Expect "toHaveText" with timeout 5000ms
      - waiting for getByRole('status')
        2 × locator resolved to <p role="status" class="text-sm text-slate-700 dark:text-slate-200">Saving</p>
          - unexpected value "Saving"
        12 × locator resolved to <p role="status" class="text-sm text-slate-700 dark:text-slate-200">Save failed · your draft is retained</p>
           - unexpected value "Save failed · your draft is retained"


      33 |   expect(candidate).not.toBe(original);
      34 |   await page.getByRole("button", { name: "Accept selected changes" }).click();
    > 35 |   await expect(page.getByRole("status")).toHaveText("Saved version 2");
         |                                          ^
      36 |   await expect(draft).toHaveValue(candidate);
      37 |   await page.reload();
      38 |   await expect(draft).toHaveValue(candidate);
        at /Users/ajmiraribam/Projects/azaeron_humanize/frontend/tests/editor-live.spec.ts:35:42

    Error Context: test-results/editor-live-editor-selecti-af9d9-ery-and-lost-response-retry-chromium/error-context.md


  1 failed
    [chromium] › tests/editor-live.spec.ts:4:5 › editor: selective acceptance, reload, restore, offline recovery and lost-response retry 
  1 passed (10.5s)
