
> azaeron-frontend@1.0.0 test
> playwright test tests/editor-live.spec.ts tests/accessibility-live.spec.ts --workers=1


Running 2 tests using 1 worker

(node:55621) Warning: The 'NO_COLOR' env is ignored due to the 'FORCE_COLOR' env being set.
(Use `node --trace-warnings ...` to show where the warning was created)


[1/2] [chromium] › tests/accessibility-live.spec.ts:13:5 › keyboard login and refinement; critical pages have no automated WCAG AA violations
[2/2] [chromium] › tests/editor-live.spec.ts:4:5 › editor: selective acceptance, reload, restore, offline recovery and lost-response retry
  1) [chromium] › tests/editor-live.spec.ts:4:5 › editor: selective acceptance, reload, restore, offline recovery and lost-response retry 

    Error: expect(locator).toContainText(expected) failed

    Locator: getByRole('status')
    Expected substring: "Offline"
    Error: strict mode violation: getByRole('status') resolved to 3 elements:
        1) <div role="status" class="mb-5 flex items-start gap-3 rounded-xl border border-amber-200 bg-amber-50 px-4 py-3 text-sm text-amber-900 dark:border-amber-900/60 dark:bg-amber-950/30 dark:text-amber-200">…</div> aka getByRole('status').first()
        2) <div role="status" class="mb-5 flex items-start gap-3 rounded-xl border border-amber-200 bg-amber-50 px-4 py-3 text-sm text-amber-900 dark:border-amber-900/60 dark:bg-amber-950/30 dark:text-amber-200">…</div> aka getByRole('status').nth(1)
        3) <p role="status" class="text-sm text-slate-700 dark:text-slate-200">Offline · your draft remains in this tab</p> aka getByText('Offline · your draft remains')

    Call log:
      - Expect "toContainText" with timeout 5000ms
      - waiting for getByRole('status')


      49 |   await page.context().setOffline(true);
      50 |   await draft.fill(offlineDraft);
    > 51 |   await expect(page.getByRole("status")).toContainText("Offline");
         |                                          ^
      52 |   await page.context().setOffline(false);
      53 |   await page.reload();
      54 |   await expect(draft).toHaveValue(offlineDraft);
        at /Users/ajmiraribam/Projects/azaeron_humanize/frontend/tests/editor-live.spec.ts:51:42

    Error Context: test-results/editor-live-editor-selecti-af9d9-ery-and-lost-response-retry-chromium/error-context.md


  1 failed
    [chromium] › tests/editor-live.spec.ts:4:5 › editor: selective acceptance, reload, restore, offline recovery and lost-response retry 
  1 passed (6.9s)
