 Container azaeron-verity-cert-verification-run-798206e6939a Creating 
 Container azaeron-verity-cert-verification-run-798206e6939a Created 
would reformat /app/app/api/v1/__init__.py
would reformat /app/app/api/v1/evidence.py
would reformat /app/app/api/v1/citations.py
would reformat /app/app/api/v1/detection.py
would reformat /app/app/api/v1/provenance.py
would reformat /app/app/api/v1/assignments.py
would reformat /app/app/api/v1/authorship.py
would reformat /app/app/api/v1/jobs.py
would reformat /app/app/api/v1/reports.py
would reformat /app/app/api/v1/aegiswrite.py
would reformat /app/app/api/v1/auth.py
would reformat /app/app/api/v1/organizations.py
would reformat /app/app/core/logging.py
would reformat /app/app/core/database.py
would reformat /app/app/core/request_context.py
would reformat /app/app/api/v1/similarity.py
would reformat /app/app/core/queue.py
would reformat /app/app/models.py
would reformat /app/app/core/security.py
would reformat /app/app/core/health.py
would reformat /app/app/core/dependencies.py
would reformat /app/app/core/config.py
would reformat /app/app/modules/aegiswrite/models.py
would reformat /app/app/modules/aegiswrite/schemas.py
would reformat /app/app/modules/assignments/schemas.py
would reformat /app/app/core/observability.py
would reformat /app/app/modules/assignments/models.py
would reformat /app/app/modules/audit/models.py
would reformat /app/app/modules/audit/schemas.py
would reformat /app/app/modules/aegiswrite/engine.py
would reformat /app/app/modules/audit/service.py
would reformat /app/app/main.py
would reformat /app/app/modules/auth/schemas.py
would reformat /app/app/api/v1/documents.py
would reformat /app/app/modules/authorship/schemas.py
would reformat /app/app/modules/aegiswrite/service.py
would reformat /app/app/modules/authorship/models.py
would reformat /app/app/modules/billing/entitlements.py
would reformat /app/app/modules/detection/engines/base.py
would reformat /app/app/modules/auth/models.py
would reformat /app/app/modules/citations/resolver.py
would reformat /app/app/modules/compliance/models.py
would reformat /app/app/modules/detection/intelligence/calibration.py
would reformat /app/app/modules/auth/service.py
would reformat /app/app/modules/detection/intelligence/contract.py
would reformat /app/app/modules/authorship/service.py
would reformat /app/app/modules/citations/models.py
would reformat /app/app/modules/detection/schemas.py
would reformat /app/app/modules/detection/models.py
would reformat /app/app/modules/detection/intelligence/ensemble.py
would reformat /app/app/modules/documents/target.py
would reformat /app/app/modules/documents/schemas.py
would reformat /app/app/modules/authorship/intelligence.py
would reformat /app/app/modules/evidence/report_models.py
would reformat /app/app/modules/evidence/models.py
would reformat /app/app/modules/detection/intelligence/providers.py
would reformat /app/app/modules/documents/models.py
would reformat /app/app/modules/detection/service.py
would reformat /app/app/modules/evidence/schemas.py
would reformat /app/app/modules/jobs/schemas.py
would reformat /app/app/modules/governance/evaluation.py
would reformat /app/app/modules/jobs/models.py
would reformat /app/app/modules/documents/service.py
would reformat /app/app/modules/jobs/service.py
would reformat /app/app/modules/organizations/invitations.py
would reformat /app/app/modules/evidence/report_service.py
would reformat /app/app/modules/organizations/schemas.py
would reformat /app/app/modules/organizations/models.py
would reformat /app/app/modules/governance/service.py
would reformat /app/app/modules/governance/models.py
would reformat /app/app/modules/processing/models.py
would reformat /app/app/modules/organizations/service.py
would reformat /app/app/modules/provenance/schemas.py
would reformat /app/app/modules/citations/service.py
would reformat /app/app/modules/provenance/models.py
would reformat /app/app/modules/processing/service.py
would reformat /app/app/modules/similarity/intelligence/ranking.py
would reformat /app/app/modules/similarity/intelligence/chunks.py
would reformat /app/app/modules/similarity/intelligence/contract.py
would reformat /app/app/modules/similarity/intelligence/normalization.py
would reformat /app/app/modules/processing/extraction.py
would reformat /app/app/modules/provenance/service.py
would reformat /app/app/modules/similarity/providers.py
would reformat /app/app/modules/similarity/retrieval.py
would reformat /app/app/modules/similarity/report.py
would reformat /app/app/modules/processing/structure.py
would reformat /app/app/modules/similarity/intelligence/verification.py
would reformat /app/app/modules/governance/validation.py
would reformat /app/app/modules/similarity/models.py
would reformat /app/tests/conftest.py
would reformat /app/app/workers/celery_app.py
would reformat /app/app/modules/uploads/service.py
would reformat /app/tests/security/test_security_gate.py
would reformat /app/app/modules/evidence/service.py
would reformat /app/tests/security/test_document_mutation_authorization.py
would reformat /app/tests/security/test_upload_validation.py
would reformat /app/app/modules/similarity/review.py
would reformat /app/tests/security/test_tenant_authorization.py
would reformat /app/tests/test_aegiswrite.py
would reformat /app/tests/test_auth.py
would reformat /app/tests/test_citation_intelligence.py
would reformat /app/tests/test_authorship_consistency.py
would reformat /app/tests/test_governance.py
would reformat /app/app/workers/tasks.py
would reformat /app/tests/test_evidence_graph.py
would reformat /app/tests/test_lineage_contract.py
would reformat /app/tests/test_detector_intelligence.py
would reformat /app/tests/test_failure_gate.py
would reformat /app/tests/test_organization_state_contract.py
would reformat /app/tests/test_evidence_report.py
would reformat /app/tests/test_operations.py
would reformat /app/tests/test_provenance.py
would reformat /app/tests/test_similarity_engine.py
would reformat /app/tests/test_validation_gate.py
would reformat /app/tests/integration/test_postgres_rls.py
would reformat /app/tests/test_workspace_onboarding.py
would reformat /app/tests/test_document_intelligence.py
would reformat /app/tests/test_similarity_workflow.py

Oh no! 💥 💔 💥
118 files would be reformatted, 51 files would be left unchanged.

