 Container azaeron-verity-cert-redis-1 Running 
 Container azaeron-verity-cert-minio-1 Running 
 Container azaeron-verity-cert-postgres-1 Running 
 Container azaeron-verity-cert-migrate-1 Recreate 
 Container azaeron-verity-cert-migrate-1 Recreated 
 Container azaeron-verity-cert-celery-worker-1 Recreate 
 Container azaeron-verity-cert-backend-1 Recreate 
 Container azaeron-verity-cert-celery-worker-1 Recreated 
 Container azaeron-verity-cert-backend-1 Recreated 
 Container azaeron-verity-cert-postgres-1 Waiting 
 Container azaeron-verity-cert-minio-1 Waiting 
 Container azaeron-verity-cert-postgres-1 Healthy 
 Container azaeron-verity-cert-minio-1 Healthy 
 Container azaeron-verity-cert-migrate-1 Starting 
 Container azaeron-verity-cert-minio-init-1 Starting 
 Container azaeron-verity-cert-minio-init-1 Started 
 Container azaeron-verity-cert-migrate-1 Started 
 Container azaeron-verity-cert-minio-init-1 Waiting 
 Container azaeron-verity-cert-postgres-1 Waiting 
 Container azaeron-verity-cert-redis-1 Waiting 
 Container azaeron-verity-cert-migrate-1 Waiting 
 Container azaeron-verity-cert-postgres-1 Waiting 
 Container azaeron-verity-cert-redis-1 Waiting 
 Container azaeron-verity-cert-migrate-1 Waiting 
 Container azaeron-verity-cert-minio-1 Waiting 
 Container azaeron-verity-cert-minio-init-1 Waiting 
 Container azaeron-verity-cert-postgres-1 Healthy 
 Container azaeron-verity-cert-minio-1 Healthy 
 Container azaeron-verity-cert-redis-1 Healthy 
 Container azaeron-verity-cert-minio-init-1 Exited 
 Container azaeron-verity-cert-minio-init-1 Exited 
 Container azaeron-verity-cert-redis-1 Healthy 
 Container azaeron-verity-cert-postgres-1 Healthy 
 Container azaeron-verity-cert-migrate-1 Exited 
 Container azaeron-verity-cert-migrate-1 Exited 
 Container azaeron-verity-cert-celery-worker-1 Starting 
 Container azaeron-verity-cert-backend-1 Starting 
 Container azaeron-verity-cert-backend-1 Started 
 Container azaeron-verity-cert-celery-worker-1 Started 
