Collecting detect-secrets==1.5.0
  Downloading detect_secrets-1.5.0-py3-none-any.whl.metadata (23 kB)
Collecting pyyaml (from detect-secrets==1.5.0)
  Using cached pyyaml-6.0.3-cp313-cp313-macosx_11_0_arm64.whl.metadata (2.4 kB)
Collecting requests (from detect-secrets==1.5.0)
  Using cached requests-2.34.2-py3-none-any.whl.metadata (4.8 kB)
Collecting charset_normalizer<4,>=2 (from requests->detect-secrets==1.5.0)
  Using cached charset_normalizer-3.5.1-cp313-cp313-macosx_10_13_universal2.whl.metadata (45 kB)
Collecting idna<4,>=2.5 (from requests->detect-secrets==1.5.0)
  Downloading idna-3.20-py3-none-any.whl.metadata (7.2 kB)
Collecting urllib3<3,>=1.26 (from requests->detect-secrets==1.5.0)
  Downloading urllib3-2.8.0-py3-none-any.whl.metadata (7.4 kB)
Collecting certifi>=2023.5.7 (from requests->detect-secrets==1.5.0)
  Using cached certifi-2026.7.22-py3-none-any.whl.metadata (2.5 kB)
Downloading detect_secrets-1.5.0-py3-none-any.whl (120 kB)
Using cached pyyaml-6.0.3-cp313-cp313-macosx_11_0_arm64.whl (173 kB)
Using cached requests-2.34.2-py3-none-any.whl (73 kB)
Using cached charset_normalizer-3.5.1-cp313-cp313-macosx_10_13_universal2.whl (340 kB)
Downloading idna-3.20-py3-none-any.whl (69 kB)
Downloading urllib3-2.8.0-py3-none-any.whl (135 kB)
Using cached certifi-2026.7.22-py3-none-any.whl (136 kB)
Installing collected packages: urllib3, pyyaml, idna, charset_normalizer, certifi, requests, detect-secrets

Successfully installed certifi-2026.7.22 charset_normalizer-3.5.1 detect-secrets-1.5.0 idna-3.20 pyyaml-6.0.3 requests-2.34.2 urllib3-2.8.0

[notice] A new release of pip is available: 25.2 -> 26.2.1
[notice] To update, run: /tmp/verity-secret-venv/bin/python -m pip install --upgrade pip
