/opt/anaconda3/bin/python3: No module named detect_secrets
Traceback (most recent call last):
  File "/Users/ajmiraribam/Projects/azaeron_humanize/scripts/verity_secret_gate.py", line 64, in <module>
    raise SystemExit(main())
                     ~~~~^^
  File "/Users/ajmiraribam/Projects/azaeron_humanize/scripts/verity_secret_gate.py", line 14, in main
    subprocess.check_output(
    ~~~~~~~~~~~~~~~~~~~~~~~^
        [
        ^
    ...<8 lines>...
        cwd=ROOT,
        ^^^^^^^^^
    )
    ^
  File "/opt/anaconda3/lib/python3.13/subprocess.py", line 472, in check_output
    return run(*popenargs, stdout=PIPE, timeout=timeout, check=True,
           ~~~^^^^^^^^^^^^^^^^^^^^^^^^^^^^^^^^^^^^^^^^^^^^^^^^^^^^^^
               **kwargs).stdout
               ^^^^^^^^^
  File "/opt/anaconda3/lib/python3.13/subprocess.py", line 577, in run
    raise CalledProcessError(retcode, process.args,
                             output=stdout, stderr=stderr)
subprocess.CalledProcessError: Command '['/opt/anaconda3/bin/python3', '-m', 'detect_secrets', 'scan', '--all-files', '--exclude-files', '(node_modules|model_assets|__pycache__|\\.next|\\.mypy_cache|\\.pytest_cache|\\.ruff_cache|docs/verification|docs/verity/evidence|test-results|package-lock|tsbuildinfo|docs/verity/secret-review.json)']' returned non-zero exit status 1.
