
> azaeron-frontend@1.0.0 test
> playwright test --workers=1


Running 29 tests using 1 worker

[1/29] [chromium] › tests/accessibility-live.spec.ts:14:5 › keyboard login and refinement; critical pages have no automated WCAG AA violations
[2/29] [chromium] › tests/accessibility-review.spec.ts:15:5 › critical navigation stays operable at narrow widths and restores focus
[3/29] [chromium] › tests/agent-live.spec.ts:5:5 › private agent: durable prompts, SSE unavailable state, edit, search, rename and deletion
[4/29] [chromium] › tests/agent-live.spec.ts:47:5 › agent document tool: pasted intake, grounded read, abstaining detection, no implicit revision
[5/29] [chromium] › tests/api-keys.spec.ts:4:5 › API keys show the secret once, rotate, revoke, and avoid browser storage
[6/29] [chromium] › tests/editor-live.spec.ts:5:5 › editor: selective acceptance, reload, restore, offline recovery and lost-response retry
[7/29] [chromium] › tests/editor-live.spec.ts:118:5 › editor: undo, redo, debounced autosave, rename and archive
[chromium] › tests/editor-live.spec.ts:118:5 › editor: undo, redo, debounced autosave, rename and archive
Live authentication respected Retry-After: 60s

[8/29] [chromium] › tests/error-boundary.spec.ts:3:5 › render errors have a focused recovery boundary and send only closed metadata
[9/29] [chromium] › tests/identity-live.spec.ts:19:5 › real SMTP verification, MFA recovery login, password reset and device revocation
[10/29] [chromium] › tests/observability-live.spec.ts:7:5 › browser upload correlates API, database, storage and worker without customer text
[11/29] [chromium] › tests/onboarding.spec.ts:55:5 › an expired access cookie refreshes with a valid request body and restores the workspace
[12/29] [chromium] › tests/onboarding.spec.ts:64:7 › onboarding gives student the server-provided starting workflow
[13/29] [chromium] › tests/onboarding.spec.ts:64:7 › onboarding gives teacher the server-provided starting workflow
[14/29] [chromium] › tests/onboarding.spec.ts:64:7 › onboarding gives professor the server-provided starting workflow
[15/29] [chromium] › tests/onboarding.spec.ts:64:7 › onboarding gives researcher the server-provided starting workflow
[16/29] [chromium] › tests/onboarding.spec.ts:64:7 › onboarding gives reviewer the server-provided starting workflow
[17/29] [chromium] › tests/onboarding.spec.ts:64:7 › onboarding gives institution the server-provided starting workflow
[18/29] [chromium] › tests/onboarding.spec.ts:77:5 › a document workflow offers workspace creation inline
[19/29] [chromium] › tests/onboarding.spec.ts:87:5 › revoked recent membership falls back only after server validation
[20/29] [chromium] › tests/onboarding.spec.ts:96:5 › failed switching hides tenant data and offers a working retry
[21/29] [chromium] › tests/onboarding.spec.ts:112:5 › cached workspace IDs cannot override the server's active membership
[22/29] [chromium] › tests/onboarding.spec.ts:120:5 › focused workspace navigation exposes five products and honest empty states
[23/29] [chromium] › tests/privacy.spec.ts:4:5 › privacy form requires explicit confirmation and keeps its receipt out of persistent storage
[24/29] [chromium] › tests/usage.spec.ts:4:5 › workspace usage shows authoritative totals and handles unavailable refresh
[25/29] [chromium] › tests/workspace.spec.ts:3:5 › public workspace keeps analysis evidence-based and editorial work authenticated
[26/29] [chromium] › tests/workspace.spec.ts:13:5 › public navigation remains usable on a narrow viewport
[27/29] [chromium] › tests/document-intelligence-live.spec.ts:7:5 › document core: upload, analyze and switch immutable versions across existing views
[28/29] [chromium] › tests/onboarding-live.spec.ts:5:5 › live signup, personal workspace, upload, refresh and persistent switching
[29/29] [chromium] › tests/similarity-live.spec.ts:8:5 › similarity: real corpus, evidence, exclusions, pagination and immutable versions
[chromium] › tests/similarity-live.spec.ts:8:5 › similarity: real corpus, evidence, exclusions, pagination and immutable versions
Live authentication respected Retry-After: 60s

  29 passed (5.3m)
