Unable to find image 'aquasec/trivy@sha256:62b1e65e8869bc4b4c6aa4fa2b21595256c7c2f6018a9d9ad61caf87187c1969' locally
docker.io/aquasec/trivy@sha256:62b1e65e8869bc4b4c6aa4fa2b21595256c7c2f6018a9d9ad61caf87187c1969: Pulling from aquasec/trivy
55afa1ecc21d: Already exists
0c664a59f299: Pulling fs layer
9b17763e725d: Pulling fs layer
99f1ca71a2b5: Pulling fs layer
99f1ca71a2b5: Verifying Checksum
99f1ca71a2b5: Download complete
0c664a59f299: Verifying Checksum
0c664a59f299: Download complete
9b17763e725d: Verifying Checksum
9b17763e725d: Download complete
0c664a59f299: Pull complete
9b17763e725d: Pull complete
99f1ca71a2b5: Pull complete
Digest: sha256:62b1e65e8869bc4b4c6aa4fa2b21595256c7c2f6018a9d9ad61caf87187c1969
Status: Downloaded newer image for aquasec/trivy@sha256:62b1e65e8869bc4b4c6aa4fa2b21595256c7c2f6018a9d9ad61caf87187c1969
2026-09-29T02:18:52Z	INFO	[vulndb] Need to update DB
2026-09-29T02:18:52Z	INFO	[vulndb] Downloading vulnerability DB...
2026-09-29T02:18:52Z	INFO	[vulndb] Downloading artifact...	repo="mirror.gcr.io/aquasec/trivy-db:2"
3.38 MiB / 117.88 MiB [->____________________________________________________________] 2.87% ? p/s ?33.84 MiB / 117.88 MiB [----------------->__________________________________________] 28.70% ? p/s ?64.08 MiB / 117.88 MiB [-------------------------------->___________________________] 54.36% ? p/s ?99.55 MiB / 117.88 MiB [-------------------------------------->_______] 84.44% 160.33 MiB p/s ETA 0s117.88 MiB / 117.88 MiB [------------------------------------------->] 100.00% 160.33 MiB p/s ETA 0s117.88 MiB / 117.88 MiB [------------------------------------------->] 100.00% 160.33 MiB p/s ETA 0s117.88 MiB / 117.88 MiB [------------------------------------------->] 100.00% 151.95 MiB p/s ETA 0s117.88 MiB / 117.88 MiB [------------------------------------------->] 100.00% 151.95 MiB p/s ETA 0s117.88 MiB / 117.88 MiB [------------------------------------------->] 100.00% 151.95 MiB p/s ETA 0s117.88 MiB / 117.88 MiB [------------------------------------------->] 100.00% 142.15 MiB p/s ETA 0s117.88 MiB / 117.88 MiB [------------------------------------------->] 100.00% 142.15 MiB p/s ETA 0s117.88 MiB / 117.88 MiB [------------------------------------------->] 100.00% 142.15 MiB p/s ETA 0s117.88 MiB / 117.88 MiB [------------------------------------------->] 100.00% 132.98 MiB p/s ETA 0s117.88 MiB / 117.88 MiB [------------------------------------------->] 100.00% 132.98 MiB p/s ETA 0s117.88 MiB / 117.88 MiB [------------------------------------------->] 100.00% 132.98 MiB p/s ETA 0s117.88 MiB / 117.88 MiB [------------------------------------------->] 100.00% 124.40 MiB p/s ETA 0s117.88 MiB / 117.88 MiB [------------------------------------------->] 100.00% 124.40 MiB p/s ETA 0s117.88 MiB / 117.88 MiB [------------------------------------------->] 100.00% 124.40 MiB p/s ETA 0s117.88 MiB / 117.88 MiB [------------------------------------------->] 100.00% 116.37 MiB p/s ETA 0s117.88 MiB / 117.88 MiB [------------------------------------------->] 100.00% 116.37 MiB p/s ETA 0s117.88 MiB / 117.88 MiB [------------------------------------------->] 100.00% 116.37 MiB p/s ETA 0s117.88 MiB / 117.88 MiB [------------------------------------------->] 100.00% 108.87 MiB p/s ETA 0s117.88 MiB / 117.88 MiB [------------------------------------------->] 100.00% 108.87 MiB p/s ETA 0s117.88 MiB / 117.88 MiB [------------------------------------------->] 100.00% 108.87 MiB p/s ETA 0s117.88 MiB / 117.88 MiB [------------------------------------------->] 100.00% 101.84 MiB p/s ETA 0s117.88 MiB / 117.88 MiB [------------------------------------------->] 100.00% 101.84 MiB p/s ETA 0s117.88 MiB / 117.88 MiB [------------------------------------------->] 100.00% 101.84 MiB p/s ETA 0s117.88 MiB / 117.88 MiB [-------------------------------------------->] 100.00% 95.27 MiB p/s ETA 0s117.88 MiB / 117.88 MiB [-------------------------------------------->] 100.00% 95.27 MiB p/s ETA 0s117.88 MiB / 117.88 MiB [-------------------------------------------->] 100.00% 95.27 MiB p/s ETA 0s117.88 MiB / 117.88 MiB [-------------------------------------------->] 100.00% 89.13 MiB p/s ETA 0s117.88 MiB / 117.88 MiB [-------------------------------------------->] 100.00% 89.13 MiB p/s ETA 0s117.88 MiB / 117.88 MiB [-------------------------------------------->] 100.00% 89.13 MiB p/s ETA 0s117.88 MiB / 117.88 MiB [-------------------------------------------->] 100.00% 83.38 MiB p/s ETA 0s117.88 MiB / 117.88 MiB [-------------------------------------------->] 100.00% 83.38 MiB p/s ETA 0s117.88 MiB / 117.88 MiB [-------------------------------------------->] 100.00% 83.38 MiB p/s ETA 0s117.88 MiB / 117.88 MiB [-------------------------------------------->] 100.00% 78.00 MiB p/s ETA 0s117.88 MiB / 117.88 MiB [-------------------------------------------->] 100.00% 78.00 MiB p/s ETA 0s117.88 MiB / 117.88 MiB [-------------------------------------------->] 100.00% 78.00 MiB p/s ETA 0s117.88 MiB / 117.88 MiB [-------------------------------------------->] 100.00% 72.96 MiB p/s ETA 0s117.88 MiB / 117.88 MiB [-------------------------------------------->] 100.00% 72.96 MiB p/s ETA 0s117.88 MiB / 117.88 MiB [-------------------------------------------->] 100.00% 72.96 MiB p/s ETA 0s117.88 MiB / 117.88 MiB [-------------------------------------------->] 100.00% 68.26 MiB p/s ETA 0s117.88 MiB / 117.88 MiB [-------------------------------------------->] 100.00% 68.26 MiB p/s ETA 0s117.88 MiB / 117.88 MiB [-----------------------------------------------] 100.00% 13.59 MiB p/s 8.9s2026-09-29T02:19:01Z	INFO	[vulndb] Artifact successfully downloaded	repo="mirror.gcr.io/aquasec/trivy-db:2"
2026-09-29T02:19:01Z	INFO	[vuln] Vulnerability scanning is enabled
2026-09-29T02:19:01Z	FATAL	Fatal error	run error: image scan error: scan error: unable to initialize a scan service: unable to initialize artifact: unable to initialize archive image: 2 errors occurred:
	* unable to open /scan/image.tar as a Docker image: unable to open the file: open /scan/image.tar: permission denied
	* unable to open /scan/image.tar as an OCI Image: stat /scan/image.tar/index.json: not a directory


