 Image azaeron-verity-r7-runtime:latest Building 
#1 [internal] load local bake definitions
#1 reading from stdin 1.06kB done
#1 DONE 0.0s

#2 [internal] load build definition from Dockerfile
#2 transferring dockerfile: 1.49kB done
#2 DONE 0.0s

#3 [internal] load metadata for docker.io/library/python:3.12-slim-trixie@sha256:2f17fc044b579bab302c2e8054d3a686e2cb9a83de48e70534b94cd8ebbe06a9
#3 ...

#4 [internal] load metadata for gcr.io/distroless/base-debian13:nonroot@sha256:0896741ba5bafd3ac87ea025a5f578952f2d238ddc3614cb368acc983a687aa2
#4 DONE 7.1s

#3 [internal] load metadata for docker.io/library/python:3.12-slim-trixie@sha256:2f17fc044b579bab302c2e8054d3a686e2cb9a83de48e70534b94cd8ebbe06a9
#3 DONE 10.2s

#5 [internal] load .dockerignore
#5 transferring context: 105B done
#5 DONE 0.0s

#6 [runtime-os 1/1] FROM gcr.io/distroless/base-debian13:nonroot@sha256:0896741ba5bafd3ac87ea025a5f578952f2d238ddc3614cb368acc983a687aa2
#6 resolve gcr.io/distroless/base-debian13:nonroot@sha256:0896741ba5bafd3ac87ea025a5f578952f2d238ddc3614cb368acc983a687aa2 0.0s done
#6 DONE 0.0s

#7 [runtime-base 1/4] FROM docker.io/library/python:3.12-slim-trixie@sha256:2f17fc044b579bab302c2e8054d3a686e2cb9a83de48e70534b94cd8ebbe06a9
#7 resolve docker.io/library/python:3.12-slim-trixie@sha256:2f17fc044b579bab302c2e8054d3a686e2cb9a83de48e70534b94cd8ebbe06a9 0.0s done
#7 DONE 0.0s

#8 [internal] load build context
#8 transferring context: 65.40kB 0.0s done
#8 DONE 0.0s

#9 [runtime 1/6] WORKDIR /app
#9 CACHED

#10 [runtime-base 4/4] RUN pip install --no-cache-dir --only-binary=:all: --require-hashes -r requirements.lock     && useradd --create-home --uid 1000 azaeron
#10 CACHED

#11 [assemble 3/3] RUN python /assemble_runtime.py
#11 CACHED

#12 [runtime-base 3/4] COPY requirements.lock ./
#12 CACHED

#13 [assemble 1/3] COPY --from=runtime-os / /base/
#13 CACHED

#14 [assemble 2/3] COPY scripts/assemble_runtime.py /assemble_runtime.py
#14 CACHED

#15 [runtime-base 2/4] WORKDIR /app
#15 CACHED

#16 [runtime 2/6] COPY --from=assemble /runtime-root/ /
#16 CACHED

#17 [runtime 3/6] COPY --chown=65532:65532 app ./app
#17 DONE 0.1s

#18 [runtime 4/6] COPY --chown=65532:65532 alembic ./alembic
#18 DONE 0.0s

#19 [runtime 5/6] COPY --chown=65532:65532 migration_snapshots ./migration_snapshots
#19 DONE 0.0s

#20 [runtime 6/6] COPY --chown=65532:65532 alembic.ini ./
#20 DONE 0.0s

#21 exporting to image
#21 exporting layers 0.1s done
#21 exporting manifest sha256:1805074f0b1d074c527d4cf9da491815285bf9f32b81c2a3dbd3afcc2de06440 done
#21 exporting config sha256:6cfb9b8270c80461f3da2996f1aa5f088ea1dbb8512bd2b08c3c7e17ebb844df done
#21 exporting attestation manifest sha256:cf02e8a2f30c155d65093fdacd8b58a69309d08a61f8fd5acb5df9b9017cc1e6 done
#21 exporting manifest list sha256:83a9851fa1d9d438f9db8f9f441749ad5feb8d027897accc5f416ceef391ee19 done
#21 naming to docker.io/library/azaeron-verity-r7-runtime:latest done
#21 unpacking to docker.io/library/azaeron-verity-r7-runtime:latest 0.1s done
#21 DONE 0.2s

#22 resolving provenance for metadata file
#22 DONE 0.0s
 Image azaeron-verity-r7-runtime:latest Built 
