 Container azaeron-verity-cert-verification-run-2416923d10ce Creating 
 Container azaeron-verity-cert-verification-run-2416923d10ce Created 
Traceback (most recent call last):
  File "<string>", line 1, in <module>
  File "/usr/local/lib/python3.12/asyncio/runners.py", line 195, in run
    return runner.run(main)
           ^^^^^^^^^^^^^^^^
  File "/usr/local/lib/python3.12/asyncio/runners.py", line 118, in run
    return self._loop.run_until_complete(task)
           ^^^^^^^^^^^^^^^^^^^^^^^^^^^^^^^^^^^
  File "/usr/local/lib/python3.12/asyncio/base_events.py", line 691, in run_until_complete
    return future.result()
           ^^^^^^^^^^^^^^^
  File "/app/app/modules/privacy/storage.py", line 202, in maintain_storage
    await asyncio.to_thread(configure_lifecycle, storage)
  File "/usr/local/lib/python3.12/asyncio/threads.py", line 25, in to_thread
    return await loop.run_in_executor(None, func_call)
           ^^^^^^^^^^^^^^^^^^^^^^^^^^^^^^^^^^^^^^^^^^^
  File "/usr/local/lib/python3.12/concurrent/futures/thread.py", line 59, in run
    result = self.fn(*self.args, **self.kwargs)
             ^^^^^^^^^^^^^^^^^^^^^^^^^^^^^^^^^^
  File "/app/app/modules/privacy/storage.py", line 79, in configure_lifecycle
    storage.set_bucket_lifecycle(settings.MINIO_BUCKET, LifecycleConfig(rules))
  File "/usr/local/lib/python3.12/site-packages/minio/api.py", line 2635, in set_bucket_lifecycle
    self._execute(
  File "/usr/local/lib/python3.12/site-packages/minio/api.py", line 441, in _execute
    return self._url_open(
           ^^^^^^^^^^^^^^^
  File "/usr/local/lib/python3.12/site-packages/minio/api.py", line 424, in _url_open
    raise response_error
minio.error.S3Error: S3 operation failed; code: InvalidArgument, message: The XML you provided was not well-formed or did not validate against our published schema, resource: /azaeron-documents, request_id: 18D83DAD2CDDBEF0, host_id: dd9025bab4ad464b049177c95eb6ebf374d3b3fd1af9251148b658df7ac2e3e8, bucket_name: azaeron-documents

