 Container azaeron-verity-cert-verification-run-f2b244bb6858 Creating 
 Container azaeron-verity-cert-verification-run-f2b244bb6858 Created 
============================= test session starts ==============================
platform linux -- Python 3.12.14, pytest-9.1.1, pluggy-1.6.0
rootdir: /app
configfile: pytest.ini
plugins: asyncio-1.4.0, Faker-30.0.0, anyio-4.15.1
asyncio: mode=Mode.AUTO, debug=False, asyncio_default_fixture_loop_scope=None, asyncio_default_test_loop_scope=function
collected 230 items

tests/security/test_document_mutation_authorization.py .....             [  2%]
tests/security/test_failure_privacy.py ..                                [  3%]
tests/security/test_readonly_permissions.py ..                           [  3%]
tests/security/test_security_gate.py ...                                 [  5%]
tests/security/test_session_boundary.py ...........                      [ 10%]
tests/security/test_tenant_authorization.py ..                           [ 10%]
tests/security/test_upload_validation.py ....                            [ 12%]
tests/security/test_zero_external_ai.py .........                        [ 16%]
tests/test_aegiswrite.py ....                                            [ 18%]
tests/test_api_keys.py ......                                            [ 20%]
tests/test_auth.py .........                                             [ 24%]
tests/test_authorship_consistency.py ...                                 [ 26%]
tests/test_capability_contract.py ..                                     [ 26%]
tests/test_citation_intelligence.py ..                                   [ 27%]
tests/test_detector_calibration_protocol.py ....                         [ 29%]
tests/test_detector_intelligence.py .......                              [ 32%]
tests/test_document_intelligence.py .........                            [ 36%]
tests/test_editor_revisions.py ....                                      [ 38%]
tests/test_evidence_graph.py ..                                          [ 39%]
tests/test_evidence_report.py ...                                        [ 40%]
tests/test_failure_gate.py ......                                        [ 43%]
tests/test_governance.py ...                                             [ 44%]
tests/test_identity.py .......                                           [ 47%]
tests/test_lineage_contract.py ..................F                       [ 55%]
tests/test_operations.py ....                                            [ 57%]
tests/test_organization_state_contract.py ..                             [ 58%]
tests/test_privacy.py .......                                            [ 61%]
tests/test_private_inference.py .......................                  [ 71%]
tests/test_provenance.py ..                                              [ 72%]
tests/test_refine_invariants.py ................                         [ 79%]
tests/test_semantic_verification.py .................                    [ 86%]
tests/test_similarity_engine.py .....                                    [ 88%]
tests/test_similarity_workflow.py .......                                [ 91%]
tests/test_storage_urls.py .                                             [ 92%]
tests/test_validation_gate.py ......                                     [ 94%]
tests/test_workspace_onboarding.py ............                          [100%]

=================================== FAILURES ===================================
_____________ test_aegiswrite_edits_are_tenant_and_version_scoped ______________
tests/test_lineage_contract.py:86: in test_aegiswrite_edits_are_tenant_and_version_scoped
    assert table.c[field].nullable is False
E   AssertionError: assert True is False
E    +  where True = Column('user_id', String(length=36), ForeignKey('users.id'), table=<aegis_edits>).nullable
=============================== warnings summary ===============================
app/modules/auth/schemas.py:45
  /app/app/modules/auth/schemas.py:45: PydanticDeprecatedSince20: Pydantic V1 style `@validator` validators are deprecated. You should migrate to Pydantic V2 style `@field_validator` validators, see the migration guide for more details. Deprecated in Pydantic V2.0 to be removed in V3.0. See Pydantic V2 Migration Guide at https://errors.pydantic.dev/2.13/migration/
    @validator("password")

app/modules/auth/schemas.py:62
  /app/app/modules/auth/schemas.py:62: PydanticDeprecatedSince20: Support for class-based `config` is deprecated, use ConfigDict instead. Deprecated in Pydantic V2.0 to be removed in V3.0. See Pydantic V2 Migration Guide at https://errors.pydantic.dev/2.13/migration/
    class UserResponse(UserBase):

app/modules/auth/schemas.py:122
  /app/app/modules/auth/schemas.py:122: PydanticDeprecatedSince20: Support for class-based `config` is deprecated, use ConfigDict instead. Deprecated in Pydantic V2.0 to be removed in V3.0. See Pydantic V2 Migration Guide at https://errors.pydantic.dev/2.13/migration/
    class ApiKeyResponse(BaseModel):

app/modules/audit/schemas.py:22
  /app/app/modules/audit/schemas.py:22: PydanticDeprecatedSince20: Support for class-based `config` is deprecated, use ConfigDict instead. Deprecated in Pydantic V2.0 to be removed in V3.0. See Pydantic V2 Migration Guide at https://errors.pydantic.dev/2.13/migration/
    class AuditLogResponse(BaseModel):

app/modules/organizations/schemas.py:36
  /app/app/modules/organizations/schemas.py:36: PydanticDeprecatedSince20: Support for class-based `config` is deprecated, use ConfigDict instead. Deprecated in Pydantic V2.0 to be removed in V3.0. See Pydantic V2 Migration Guide at https://errors.pydantic.dev/2.13/migration/
    class OrganizationMembershipResponse(BaseModel):

app/modules/organizations/schemas.py:80
  /app/app/modules/organizations/schemas.py:80: PydanticDeprecatedSince20: Support for class-based `config` is deprecated, use ConfigDict instead. Deprecated in Pydantic V2.0 to be removed in V3.0. See Pydantic V2 Migration Guide at https://errors.pydantic.dev/2.13/migration/
    class MemberResponse(BaseModel):

app/modules/documents/schemas.py:25
  /app/app/modules/documents/schemas.py:25: PydanticDeprecatedSince20: Support for class-based `config` is deprecated, use ConfigDict instead. Deprecated in Pydantic V2.0 to be removed in V3.0. See Pydantic V2 Migration Guide at https://errors.pydantic.dev/2.13/migration/
    class DocumentResponse(DocumentBase):

app/modules/documents/schemas.py:139
  /app/app/modules/documents/schemas.py:139: PydanticDeprecatedSince20: Support for class-based `config` is deprecated, use ConfigDict instead. Deprecated in Pydantic V2.0 to be removed in V3.0. See Pydantic V2 Migration Guide at https://errors.pydantic.dev/2.13/migration/
    class DocumentVersionResponse(BaseModel):

app/modules/jobs/schemas.py:21
  /app/app/modules/jobs/schemas.py:21: PydanticDeprecatedSince20: Support for class-based `config` is deprecated, use ConfigDict instead. Deprecated in Pydantic V2.0 to be removed in V3.0. See Pydantic V2 Migration Guide at https://errors.pydantic.dev/2.13/migration/
    class JobResponse(JobBase):

app/modules/evidence/schemas.py:70
  /app/app/modules/evidence/schemas.py:70: PydanticDeprecatedSince20: Support for class-based `config` is deprecated, use ConfigDict instead. Deprecated in Pydantic V2.0 to be removed in V3.0. See Pydantic V2 Migration Guide at https://errors.pydantic.dev/2.13/migration/
    class IntegrityReportResponse(BaseModel):

app/modules/assignments/schemas.py:20
  /app/app/modules/assignments/schemas.py:20: PydanticDeprecatedSince20: Support for class-based `config` is deprecated, use ConfigDict instead. Deprecated in Pydantic V2.0 to be removed in V3.0. See Pydantic V2 Migration Guide at https://errors.pydantic.dev/2.13/migration/
    class AssignmentResponse(AssignmentCreate):

app/modules/assignments/schemas.py:37
  /app/app/modules/assignments/schemas.py:37: PydanticDeprecatedSince20: Support for class-based `config` is deprecated, use ConfigDict instead. Deprecated in Pydantic V2.0 to be removed in V3.0. See Pydantic V2 Migration Guide at https://errors.pydantic.dev/2.13/migration/
    class SubmissionResponse(BaseModel):

-- Docs: https://docs.pytest.org/en/stable/how-to/capture-warnings.html
=========================== short test summary info ============================
FAILED tests/test_lineage_contract.py::test_aegiswrite_edits_are_tenant_and_version_scoped
============ 1 failed, 229 passed, 12 warnings in 73.00s (0:01:12) =============

