 Container azaeron-verity-cert-verification-run-0d052e9ceaf6 Creating 
 Container azaeron-verity-cert-verification-run-0d052e9ceaf6 Created 
{
  "scope": "synthetic local application performance; not model inference or production capacity",
  "platform": "Linux-7.0.12-linuxkit-aarch64-with-glibc2.41",
  "dataset": {
    "documents": 8,
    "initial_bytes": [
      779,
      779,
      779,
      779,
      779,
      779,
      7691,
      7691
    ],
    "processing_jobs": 56
  },
  "profiles": [
    {
      "workload": "analysis",
      "concurrency": 1,
      "requests": 12,
      "latency_ms": {
        "p50": 11.393,
        "p95": 21.771,
        "p99": 21.771
      },
      "status_counts": {
        "200": 12
      },
      "unexpected_error_rate": 0.0,
      "max_response_bytes": 364
    },
    {
      "workload": "analysis",
      "concurrency": 4,
      "requests": 12,
      "latency_ms": {
        "p50": 42.837,
        "p95": 58.392,
        "p99": 58.392
      },
      "status_counts": {
        "200": 12
      },
      "unexpected_error_rate": 0.0,
      "max_response_bytes": 364
    },
    {
      "workload": "analysis",
      "concurrency": 8,
      "requests": 12,
      "latency_ms": {
        "p50": 95.351,
        "p95": 143.371,
        "p99": 143.371
      },
      "status_counts": {
        "429": 3,
        "200": 9
      },
      "unexpected_error_rate": 0.0,
      "max_response_bytes": 364
    },
    {
      "workload": "api_key_read",
      "concurrency": 1,
      "requests": 12,
      "latency_ms": {
        "p50": 5.778,
        "p95": 8.615,
        "p99": 8.615
      },
      "status_counts": {
        "200": 12
      },
      "unexpected_error_rate": 0.0,
      "max_response_bytes": 626
    },
    {
      "workload": "api_key_read",
      "concurrency": 4,
      "requests": 12,
      "latency_ms": {
        "p50": 19.14,
        "p95": 24.77,
        "p99": 24.77
      },
      "status_counts": {
        "200": 12
      },
      "unexpected_error_rate": 0.0,
      "max_response_bytes": 623
    },
    {
      "workload": "api_key_read",
      "concurrency": 8,
      "requests": 12,
      "latency_ms": {
        "p50": 68.366,
        "p95": 90.519,
        "p99": 90.519
      },
      "status_counts": {
        "200": 12
      },
      "unexpected_error_rate": 0.0,
      "max_response_bytes": 623
    },
    {
      "workload": "document_list",
      "concurrency": 1,
      "requests": 12,
      "latency_ms": {
        "p50": 5.296,
        "p95": 7.591,
        "p99": 7.591
      },
      "status_counts": {
        "200": 12
      },
      "unexpected_error_rate": 0.0,
      "max_response_bytes": 3173
    },
    {
      "workload": "document_list",
      "concurrency": 4,
      "requests": 12,
      "latency_ms": {
        "p50": 22.1,
        "p95": 62.181,
        "p99": 62.181
      },
      "status_counts": {
        "200": 12
      },
      "unexpected_error_rate": 0.0,
      "max_response_bytes": 3158
    },
    {
      "workload": "document_list",
      "concurrency": 8,
      "requests": 12,
      "latency_ms": {
        "p50": 32.62,
        "p95": 37.124,
        "p99": 37.124
      },
      "status_counts": {
        "200": 12
      },
      "unexpected_error_rate": 0.0,
      "max_response_bytes": 3158
    },
    {
      "workload": "document_read",
      "concurrency": 1,
      "requests": 12,
      "latency_ms": {
        "p50": 5.696,
        "p95": 16.102,
        "p99": 16.102
      },
      "status_counts": {
        "200": 12
      },
      "unexpected_error_rate": 0.0,
      "max_response_bytes": 626
    },
    {
      "workload": "document_read",
      "concurrency": 4,
      "requests": 12,
      "latency_ms": {
        "p50": 20.419,
        "p95": 33.932,
        "p99": 33.932
      },
      "status_counts": {
        "200": 12
      },
      "unexpected_error_rate": 0.0,
      "max_response_bytes": 623
    },
    {
      "workload": "document_read",
      "concurrency": 8,
      "requests": 12,
      "latency_ms": {
        "p50": 25.366,
        "p95": 29.869,
        "p99": 29.869
      },
      "status_counts": {
        "200": 12
      },
      "unexpected_error_rate": 0.0,
      "max_response_bytes": 623
    },
    {
      "workload": "document_save",
      "concurrency": 1,
      "requests": 12,
      "latency_ms": {
        "p50": 39.782,
        "p95": 1013.72,
        "p99": 1013.72
      },
      "status_counts": {
        "200": 12
      },
      "unexpected_error_rate": 0.0,
      "max_response_bytes": 845
    },
    {
      "workload": "document_save",
      "concurrency": 4,
      "requests": 12,
      "latency_ms": {
        "p50": 101.817,
        "p95": 9011.628,
        "p99": 9011.628
      },
      "status_counts": {
        "200": 12
      },
      "unexpected_error_rate": 0.0,
      "max_response_bytes": 845
    },
    {
      "workload": "document_save",
      "concurrency": 8,
      "requests": 12,
      "latency_ms": {
        "p50": 278.813,
        "p95": 1978.008,
        "p99": 1978.008
      },
      "status_counts": {
        "200": 12
      },
      "unexpected_error_rate": 0.0,
      "max_response_bytes": 845
    },
    {
      "workload": "job_creation",
      "concurrency": 1,
      "requests": 8,
      "latency_ms": {
        "p50": 59.389,
        "p95": 274.26,
        "p99": 274.26
      },
      "status_counts": {
        "200": 8
      },
      "unexpected_error_rate": 0.0,
      "max_response_bytes": 599
    },
    {
      "workload": "job_poll",
      "concurrency": 1,
      "requests": 12,
      "latency_ms": {
        "p50": 7.563,
        "p95": 16.545,
        "p99": 16.545
      },
      "status_counts": {
        "200": 12
      },
      "unexpected_error_rate": 0.0,
      "max_response_bytes": 18466
    },
    {
      "workload": "job_poll",
      "concurrency": 4,
      "requests": 12,
      "latency_ms": {
        "p50": 23.716,
        "p95": 28.161,
        "p99": 28.161
      },
      "status_counts": {
        "200": 12
      },
      "unexpected_error_rate": 0.0,
      "max_response_bytes": 16229
    },
    {
      "workload": "job_poll",
      "concurrency": 8,
      "requests": 12,
      "latency_ms": {
        "p50": 179.264,
        "p95": 191.515,
        "p99": 191.515
      },
      "status_counts": {
        "200": 12
      },
      "unexpected_error_rate": 0.0,
      "max_response_bytes": 16450
    },
    {
      "workload": "revision_conflict",
      "concurrency": 1,
      "requests": 8,
      "latency_ms": {
        "p50": 30.575,
        "p95": 33.256,
        "p99": 33.256
      },
      "status_counts": {
        "200": 4,
        "409": 4
      },
      "unexpected_error_rate": 0.0,
      "max_response_bytes": 845
    },
    {
      "workload": "revision_conflict",
      "concurrency": 4,
      "requests": 8,
      "latency_ms": {
        "p50": 161.449,
        "p95": 2054.436,
        "p99": 2054.436
      },
      "status_counts": {
        "200": 4,
        "409": 4
      },
      "unexpected_error_rate": 0.0,
      "max_response_bytes": 845
    },
    {
      "workload": "revision_conflict",
      "concurrency": 8,
      "requests": 8,
      "latency_ms": {
        "p50": 81.176,
        "p95": 2046.057,
        "p99": 2046.057
      },
      "status_counts": {
        "200": 4,
        "409": 4
      },
      "unexpected_error_rate": 0.0,
      "max_response_bytes": 846
    },
    {
      "workload": "version_history",
      "concurrency": 1,
      "requests": 12,
      "latency_ms": {
        "p50": 8.716,
        "p95": 95.857,
        "p99": 95.857
      },
      "status_counts": {
        "200": 12
      },
      "unexpected_error_rate": 0.0,
      "max_response_bytes": 4848
    },
    {
      "workload": "version_history",
      "concurrency": 4,
      "requests": 12,
      "latency_ms": {
        "p50": 24.771,
        "p95": 30.817,
        "p99": 30.817
      },
      "status_counts": {
        "200": 12
      },
      "unexpected_error_rate": 0.0,
      "max_response_bytes": 11848
    },
    {
      "workload": "version_history",
      "concurrency": 8,
      "requests": 12,
      "latency_ms": {
        "p50": 85.768,
        "p95": 104.581,
        "p99": 104.581
      },
      "status_counts": {
        "200": 12
      },
      "unexpected_error_rate": 0.0,
      "max_response_bytes": 18859
    }
  ],
  "model_inference": "BLOCKED: approved assets/hardware unavailable",
  "result": "PASS"
}
