 Image azaeron-verity-r9-frontend:latest Building 
#1 [internal] load local bake definitions
#1 reading from stdin 1.65kB done
#1 DONE 0.0s

#2 [internal] load build definition from Dockerfile
#2 transferring dockerfile: 1.05kB done
#2 DONE 0.0s

#3 [internal] load metadata for docker.io/library/node:22-alpine@sha256:b6f26b36c8ff49624cfdac716b8ea1138d606df02586a77d364bb5536a634f85
#3 DONE 0.0s

#4 [internal] load .dockerignore
#4 transferring context: 96B done
#4 DONE 0.0s

#5 [builder 1/6] FROM docker.io/library/node:22-alpine@sha256:b6f26b36c8ff49624cfdac716b8ea1138d606df02586a77d364bb5536a634f85
#5 resolve docker.io/library/node:22-alpine@sha256:b6f26b36c8ff49624cfdac716b8ea1138d606df02586a77d364bb5536a634f85 done
#5 DONE 0.0s

#6 [internal] load build context
#6 transferring context: 41.10kB done
#6 DONE 0.0s

#7 [builder 2/6] WORKDIR /app
#7 CACHED

#8 [builder 3/6] COPY package.json package-lock.json ./
#8 CACHED

#9 [builder 4/6] RUN npm ci
#9 CACHED

#10 [builder 5/6] COPY . .
#10 DONE 0.1s

#11 [builder 6/6] RUN npm run build
#11 0.258 
#11 0.258 > azaeron-frontend@1.0.0 build
#11 0.258 > node ./node_modules/next/dist/bin/next build
#11 0.258 
#11 0.547 ▲ Next.js 16.3.3 (Turbopack)
#11 0.593 ✓ Running next.config.ts took 45ms
#11 0.614 
#11 0.639   Creating an optimized production build ...
#11 5.425 ✓ Compiled successfully in 4.7s
#11 5.438   Running TypeScript ...
#11 8.271   Finished TypeScript in 2.8s ...
#11 8.273   Collecting page data using 9 workers ...
#11 8.789   Generating static pages using 9 workers (0/24) ...
#11 9.090   Generating static pages using 9 workers (6/24) 
#11 9.158   Generating static pages using 9 workers (12/24) 
#11 9.221   Generating static pages using 9 workers (18/24) 
#11 9.222 ✓ Generating static pages using 9 workers (24/24) in 433ms
#11 9.226   Finalizing page optimization ...
#11 9.519 
#11 9.521 Route (app)
#11 9.521 ┌ ○ /
#11 9.521 ├ ○ /_not-found
#11 9.521 ├ ○ /admin
#11 9.521 ├ ○ /authorship
#11 9.521 ├ ○ /check
#11 9.521 ├ ○ /citations
#11 9.521 ├ ○ /dashboard
#11 9.521 ├ ○ /documents
#11 9.521 ├ ƒ /documents/[id]
#11 9.521 ├ ○ /erasure-status
#11 9.521 ├ ○ /evidence-graph
#11 9.521 ├ ○ /forgot-password
#11 9.521 ├ ○ /login
#11 9.521 ├ ○ /onboarding
#11 9.521 ├ ○ /provenance
#11 9.521 ├ ○ /register
#11 9.521 ├ ○ /reports
#11 9.521 ├ ○ /reset-password
#11 9.521 ├ ○ /settings
#11 9.521 ├ ○ /similarity
#11 9.521 ├ ○ /sources
#11 9.521 ├ ○ /upload
#11 9.521 ├ ○ /verify-email
#11 9.521 └ ○ /write
#11 9.521 
#11 9.521 
#11 9.521 ○  (Static)   prerendered as static content
#11 9.521 ƒ  (Dynamic)  server-rendered on demand
#11 9.521 
#11 DONE 9.7s

#12 [runner 3/6] RUN rm -rf /usr/local/lib/node_modules/npm /opt/yarn-*     && rm -f /usr/local/bin/npm /usr/local/bin/npx /usr/local/bin/yarn /usr/local/bin/yarnpkg
#12 CACHED

#13 [runner 4/6] COPY --from=builder --chown=node:node /app/.next/standalone ./
#13 DONE 0.3s

#14 [runner 5/6] COPY --from=builder --chown=node:node /app/.next/static ./.next/static
#14 DONE 0.0s

#15 [runner 6/6] COPY --from=builder --chown=node:node /app/public ./public
#15 DONE 0.0s

#16 exporting to image
#16 exporting layers
#16 exporting layers 1.1s done
#16 exporting manifest sha256:f78aac07e741b94680c3440b99060eeeaea8b9176592f4a842b333d444e39260 done
#16 exporting config sha256:3ccfc0e8401e89c624c4aff9cbd7b0df2f80020c218d851222d08fbb9d8cd4fa done
#16 exporting attestation manifest sha256:d23e4916c5b28eb64c6d58c4bd43dc13573d7cca25590ae4f495facf5c3e76ad done
#16 exporting manifest list sha256:f9af800043e191f55a9b90833d26f2ffcffe3b1d0ed12353680b029f81fc6fa2 done
#16 naming to docker.io/library/azaeron-verity-r9-frontend:latest done
#16 unpacking to docker.io/library/azaeron-verity-r9-frontend:latest
#16 unpacking to docker.io/library/azaeron-verity-r9-frontend:latest 0.3s done
#16 DONE 1.4s

#17 resolving provenance for metadata file
#17 DONE 0.0s
 Image azaeron-verity-r9-frontend:latest Built 
