 Volume azaeron-verity-cert_grafana_data Creating 
 Volume azaeron-verity-cert_jaeger_data Creating 
 Volume azaeron-verity-cert_jaeger_data Creating 
 Volume azaeron-verity-cert_grafana_data Creating 
 Volume azaeron-verity-cert_prometheus_data Creating 
 Volume azaeron-verity-cert_prometheus_data Creating 
 Volume azaeron-verity-cert_prometheus_data Created 
 Volume azaeron-verity-cert_prometheus_data Created 
 Container azaeron-verity-cert-prometheus-1 Creating 
 Volume azaeron-verity-cert_grafana_data Created 
 Volume azaeron-verity-cert_grafana_data Created 
 Container azaeron-verity-cert-grafana-1 Creating 
 Volume azaeron-verity-cert_jaeger_data Created 
 Volume azaeron-verity-cert_jaeger_data Created 
 Container azaeron-verity-cert-jaeger-1 Creating 
 Container azaeron-verity-cert-prometheus-1 Created 
 Container azaeron-verity-cert-jaeger-1 Created 
 Container azaeron-verity-cert-otel-collector-1 Creating 
 Container azaeron-verity-cert-grafana-1 Created 
 Container azaeron-verity-cert-otel-collector-1 Created 
 Container azaeron-verity-cert-prometheus-1 Starting 
 Container azaeron-verity-cert-jaeger-1 Starting 
 Container azaeron-verity-cert-grafana-1 Starting 
 Container azaeron-verity-cert-prometheus-1 Started 
 Container azaeron-verity-cert-jaeger-1 Started 
 Container azaeron-verity-cert-otel-collector-1 Starting 
 Container azaeron-verity-cert-grafana-1 Started 
 Container azaeron-verity-cert-otel-collector-1 Started 
