 Container verity-core-0929-verification-run-a6989add30c9 Creating 
 Container verity-core-0929-verification-run-a6989add30c9 Created 
============================= test session starts ==============================
platform linux -- Python 3.12.14, pytest-9.1.1, pluggy-1.6.0
rootdir: /app
configfile: pytest.ini
plugins: anyio-4.15.1, asyncio-1.4.0, Faker-30.0.0
asyncio: mode=Mode.AUTO, debug=False, asyncio_default_fixture_loop_scope=None, asyncio_default_test_loop_scope=function
collected 261 items

tests/security/test_document_mutation_authorization.py ......            [  2%]
tests/security/test_failure_privacy.py ..                                [  3%]
tests/security/test_readonly_permissions.py ..                           [  3%]
tests/security/test_security_gate.py ...                                 [  4%]
tests/security/test_session_boundary.py ...........                      [  9%]
tests/security/test_tenant_authorization.py ..                           [  9%]
tests/security/test_upload_validation.py ....                            [ 11%]
tests/security/test_zero_external_ai.py .........                        [ 14%]
tests/test_aegiswrite.py ....                                            [ 16%]
tests/test_agent.py ..........                                           [ 20%]
tests/test_api_keys.py ......                                            [ 22%]
tests/test_auth.py .........                                             [ 26%]
tests/test_authorship_consistency.py ...                                 [ 27%]
tests/test_capability_contract.py ...                                    [ 28%]
tests/test_citation_intelligence.py ..                                   [ 29%]
tests/test_detector_calibration_protocol.py ....                         [ 30%]
tests/test_detector_intelligence.py .......                              [ 33%]
tests/test_document_intelligence.py ..........                           [ 37%]
tests/test_editor_revisions.py ....                                      [ 38%]
tests/test_evidence_graph.py ....                                        [ 40%]
tests/test_evidence_report.py ...                                        [ 41%]
tests/test_failure_gate.py ......                                        [ 43%]
tests/test_governance.py ...                                             [ 44%]
tests/test_identity.py .......                                           [ 47%]
tests/test_lineage_contract.py ...................                       [ 54%]
tests/test_observability.py ....                                         [ 56%]
tests/test_operations.py ....                                            [ 57%]
tests/test_organization_state_contract.py ..                             [ 58%]
tests/test_privacy.py .........                                          [ 62%]
tests/test_private_inference.py .......................                  [ 70%]
tests/test_provenance.py ..                                              [ 71%]
tests/test_refine_invariants.py ................                         [ 77%]
tests/test_semantic_verification.py .................                    [ 84%]
tests/test_similarity_engine.py .....                                    [ 86%]
tests/test_similarity_workflow.py .......                                [ 88%]
tests/test_storage_urls.py .                                             [ 89%]
tests/test_transaction_boundary.py ..                                    [ 90%]
tests/test_usage.py ....                                                 [ 91%]
tests/test_validation_gate.py ......                                     [ 93%]
tests/test_worker_redelivery.py ....                                     [ 95%]
tests/test_workspace_onboarding.py ............                          [100%]

======================= 261 passed in 101.26s (0:01:41) ========================
