 Image verity-core-0929-frontend Building 
#1 [internal] load local bake definitions
#1 reading from stdin 3.19kB done
#1 DONE 0.0s

#2 [internal] load build definition from Dockerfile
#2 transferring dockerfile: 30B
#2 transferring dockerfile: 1.07kB 0.0s done
#2 DONE 0.2s

#3 [internal] load metadata for docker.io/library/node:22-alpine@sha256:b6f26b36c8ff49624cfdac716b8ea1138d606df02586a77d364bb5536a634f85
#3 ...

#4 [auth] library/node:pull token for registry-1.docker.io
#4 DONE 0.0s

#3 [internal] load metadata for docker.io/library/node:22-alpine@sha256:b6f26b36c8ff49624cfdac716b8ea1138d606df02586a77d364bb5536a634f85
#3 DONE 21.4s

#5 [internal] load .dockerignore
#5 transferring context: 96B 0.0s done
#5 DONE 0.1s

#6 [builder 1/7] FROM docker.io/library/node:22-alpine@sha256:b6f26b36c8ff49624cfdac716b8ea1138d606df02586a77d364bb5536a634f85
#6 resolve docker.io/library/node:22-alpine@sha256:b6f26b36c8ff49624cfdac716b8ea1138d606df02586a77d364bb5536a634f85 0.1s done
#6 DONE 0.1s

#7 [internal] load build context
#7 transferring context: 241.02kB 0.0s done
#7 DONE 0.1s

#8 [builder 2/7] WORKDIR /app
#8 CACHED

#9 [builder 3/7] COPY package.json package-lock.json ./
#9 CACHED

#10 [builder 4/7] RUN npm ci
#10 CACHED

#11 [builder 5/7] COPY . .
#11 DONE 0.1s

#12 [builder 6/7] RUN mkdir -p public
#12 DONE 0.2s

#13 [builder 7/7] RUN npm run build
#13 0.778 
#13 0.778 > azaeron-frontend@1.0.0 build
#13 0.778 > node ./node_modules/next/dist/bin/next build
#13 0.778 
#13 1.208 ▲ Next.js 16.3.3 (Turbopack)
#13 1.383 ✓ Running next.config.ts took 174ms
#13 1.398 
#13 1.423   Creating an optimized production build ...
#13 8.768 ✓ Compiled successfully in 7.2s
#13 8.784   Running TypeScript ...
#13 15.89   Finished TypeScript in 7.1s ...
#13 15.89   Collecting page data using 9 workers ...
#13 17.13   Generating static pages using 9 workers (0/30) ...
#13 17.59   Generating static pages using 9 workers (7/30) 
#13 17.60   Generating static pages using 9 workers (14/30) 
#13 17.78   Generating static pages using 9 workers (22/30) 
#13 17.80 ✓ Generating static pages using 9 workers (30/30) in 676ms
#13 17.81   Finalizing page optimization ...
#13 18.39 
#13 18.40 Route (app)
#13 18.40 ┌ ○ /
#13 18.40 ├ ○ /_not-found
#13 18.40 ├ ○ /admin
#13 18.40 ├ ○ /ai
#13 18.40 ├ ○ /authorship
#13 18.40 ├ ○ /check
#13 18.40 ├ ○ /citations
#13 18.40 ├ ○ /dashboard
#13 18.40 ├ ○ /detector
#13 18.40 ├ ○ /documents
#13 18.40 ├ ƒ /documents/[id]
#13 18.40 ├ ○ /erasure-status
#13 18.40 ├ ○ /evidence-graph
#13 18.40 ├ ○ /forgot-password
#13 18.40 ├ ○ /help
#13 18.40 ├ ○ /history
#13 18.40 ├ ○ /humaniser
#13 18.40 ├ ○ /login
#13 18.40 ├ ○ /onboarding
#13 18.40 ├ ○ /plagiarism
#13 18.40 ├ ○ /provenance
#13 18.40 ├ ○ /register
#13 18.40 ├ ○ /reports
#13 18.40 ├ ○ /reset-password
#13 18.40 ├ ○ /settings
#13 18.40 ├ ○ /similarity
#13 18.40 ├ ○ /sources
#13 18.40 ├ ○ /upload
#13 18.40 ├ ○ /verify-email
#13 18.40 └ ○ /write
#13 18.40 
#13 18.40 
#13 18.40 ○  (Static)   prerendered as static content
#13 18.40 ƒ  (Dynamic)  server-rendered on demand
#13 18.40 
#13 18.43 npm notice
#13 18.43 npm notice New major version of npm available! 10.9.8 -> 12.1.0
#13 18.43 npm notice Changelog: https://github.com/npm/cli/releases/tag/v12.1.0
#13 18.43 npm notice To update run: npm install -g npm@12.1.0
#13 18.43 npm notice
#13 DONE 18.6s

#14 [runner 3/6] RUN rm -rf /usr/local/lib/node_modules/npm /opt/yarn-*     && rm -f /usr/local/bin/npm /usr/local/bin/npx /usr/local/bin/yarn /usr/local/bin/yarnpkg
#14 CACHED

#15 [runner 4/6] COPY --from=builder --chown=node:node /app/.next/standalone ./
#15 DONE 0.4s

#16 [runner 5/6] COPY --from=builder --chown=node:node /app/.next/static ./.next/static
#16 DONE 0.1s

#17 [runner 6/6] COPY --from=builder --chown=node:node /app/public ./public
#17 DONE 0.0s

#18 exporting to image
#18 exporting layers
#18 exporting layers 1.4s done
#18 exporting manifest sha256:208085eb06a038afe7018bd765eeacf3ac621aa5c94e87c12dbd97b4f733a84c done
#18 exporting config sha256:e8131553b745665a5234d55b3ba8b9d5723de2a79a6ee5cc9dda3419cb1f40d4 done
#18 exporting attestation manifest sha256:805f0468c31bf9ee572bf34961f9b355e9c710e456cc5096a62a8952b2a98550 done
#18 exporting manifest list sha256:6b73919f90bd0133747af3421052bec7b3d17561dc0225ad05775ae9557c13ea done
#18 naming to docker.io/library/verity-core-0929-frontend:latest done
#18 unpacking to docker.io/library/verity-core-0929-frontend:latest
#18 unpacking to docker.io/library/verity-core-0929-frontend:latest 0.4s done
#18 DONE 1.8s

#19 resolving provenance for metadata file
#19 DONE 0.1s
 Image verity-core-0929-frontend Built 
