 Container verity-core-0929-backend-1 Running 
 Container verity-core-0929-postgres-1 Running 
 Container verity-core-0929-minio-1 Running 
 Container verity-core-0929-celery-beat-1 Running 
 Container verity-core-0929-redis-1 Running 
 Container verity-core-0929-mailpit-1 Running 
 Container verity-core-0929-frontend-1 Creating 
 Container verity-core-0929-frontend-1 Created 
 Container verity-core-0929-minio-1 Waiting 
 Container verity-core-0929-postgres-1 Waiting 
 Container verity-core-0929-redis-1 Waiting 
 Container verity-core-0929-postgres-1 Healthy 
 Container verity-core-0929-minio-1 Healthy 
 Container verity-core-0929-redis-1 Healthy 
 Container verity-core-0929-migrate-1 Starting 
 Container verity-core-0929-minio-init-1 Starting 
 Container verity-core-0929-migrate-1 Started 
 Container verity-core-0929-minio-init-1 Started 
 Container verity-core-0929-postgres-1 Waiting 
 Container verity-core-0929-redis-1 Waiting 
 Container verity-core-0929-migrate-1 Waiting 
 Container verity-core-0929-minio-1 Waiting 
 Container verity-core-0929-minio-init-1 Waiting 
 Container verity-core-0929-postgres-1 Healthy 
 Container verity-core-0929-minio-1 Healthy 
 Container verity-core-0929-redis-1 Healthy 
 Container verity-core-0929-minio-init-1 Exited 
 Container verity-core-0929-migrate-1 Exited 
 Container verity-core-0929-backend-1 Waiting 
 Container verity-core-0929-backend-1 Healthy 
 Container verity-core-0929-frontend-1 Starting 
 Container verity-core-0929-frontend-1 Started 
 Container verity-core-0929-celery-beat-1 Waiting 
 Container verity-core-0929-minio-init-1 Waiting 
 Container verity-core-0929-minio-1 Waiting 
 Container verity-core-0929-migrate-1 Waiting 
 Container verity-core-0929-frontend-1 Waiting 
 Container verity-core-0929-backend-1 Waiting 
 Container verity-core-0929-postgres-1 Waiting 
 Container verity-core-0929-redis-1 Waiting 
 Container verity-core-0929-mailpit-1 Waiting 
 Container verity-core-0929-migrate-1 Exited 
 Container verity-core-0929-celery-beat-1 Healthy 
 Container verity-core-0929-mailpit-1 Healthy 
 Container verity-core-0929-minio-1 Healthy 
 Container verity-core-0929-postgres-1 Healthy 
 Container verity-core-0929-minio-init-1 Exited 
 Container verity-core-0929-redis-1 Healthy 
 Container verity-core-0929-backend-1 Healthy 
 Container verity-core-0929-frontend-1 Healthy 
