#0 building with "desktop-linux" instance using docker driver

#1 [internal] load build definition from Dockerfile
#1 DONE 0.0s

#1 [internal] load build definition from Dockerfile
#1 transferring dockerfile: 1.72kB done
#1 DONE 0.0s

#2 [internal] load metadata for docker.io/grafana/grafana:13.2.3@sha256:b28bae15e219c998fb0e0424ed724930cc61b1f61fb404d47c862f9a23f9e572
#2 DONE 0.0s

#3 [internal] load metadata for docker.io/library/alpine:3.24.2@sha256:294b683cb724975bec92580e1e685676bd4b50bda910ddb8c51d4cabeaec77e6
#3 DONE 0.0s

#4 [internal] load .dockerignore
#4 transferring context: 2B done
#4 DONE 0.0s

#5 [plugins-arm64 1/4] FROM docker.io/library/alpine:3.24.2@sha256:294b683cb724975bec92580e1e685676bd4b50bda910ddb8c51d4cabeaec77e6
#5 resolve docker.io/library/alpine:3.24.2@sha256:294b683cb724975bec92580e1e685676bd4b50bda910ddb8c51d4cabeaec77e6 done
#5 CACHED

#6 [stage-3 1/3] FROM docker.io/grafana/grafana:13.2.3@sha256:b28bae15e219c998fb0e0424ed724930cc61b1f61fb404d47c862f9a23f9e572
#6 resolve docker.io/grafana/grafana:13.2.3@sha256:b28bae15e219c998fb0e0424ed724930cc61b1f61fb404d47c862f9a23f9e572 done
#6 CACHED

#7 [stage-3 2/3] RUN rm -rf /usr/share/grafana/data/plugins-bundled/*
#7 DONE 0.1s

#8 [plugins-arm64 3/4] ADD --checksum=sha256:a49bb6a6fe6e79578dc78841ce7f437a50d294a0fdb74bf25214cd6ce75d85db https://github.com/grafana/grafana-prometheus-datasource/releases/download/v13.2.3/prometheus-13.2.3.linux_arm64.zip /tmp/prometheus.zip
#8 ...

#9 [plugins-arm64 2/4] ADD --checksum=sha256:0d6476aee8ede54ed7a0ec533c8eaf97efb860a90c44ea4bda37b8385ef7f5c5 https://github.com/grafana/grafana-jaeger-datasource/releases/download/v13.0.4/jaeger-13.0.4.linux_arm64.zip /tmp/jaeger.zip
#9 DONE 6.9s

#10 [plugins-arm64 2/4] ADD --checksum=sha256:0d6476aee8ede54ed7a0ec533c8eaf97efb860a90c44ea4bda37b8385ef7f5c5 https://github.com/grafana/grafana-jaeger-datasource/releases/download/v13.0.4/jaeger-13.0.4.linux_arm64.zip /tmp/jaeger.zip
#10 DONE 0.0s

#8 [plugins-arm64 3/4] ADD --checksum=sha256:a49bb6a6fe6e79578dc78841ce7f437a50d294a0fdb74bf25214cd6ce75d85db https://github.com/grafana/grafana-prometheus-datasource/releases/download/v13.2.3/prometheus-13.2.3.linux_arm64.zip /tmp/prometheus.zip
#8 DONE 8.9s

#11 [plugins-arm64 3/4] ADD --checksum=sha256:a49bb6a6fe6e79578dc78841ce7f437a50d294a0fdb74bf25214cd6ce75d85db https://github.com/grafana/grafana-prometheus-datasource/releases/download/v13.2.3/prometheus-13.2.3.linux_arm64.zip /tmp/prometheus.zip
#11 DONE 0.0s

#12 [plugins-arm64 4/4] RUN mkdir /plugins && unzip -q /tmp/jaeger.zip -d /plugins && unzip -q /tmp/prometheus.zip -d /plugins && chmod +x /plugins/*/gpx_*
#12 DONE 0.6s

#13 [stage-3 3/3] COPY --from=plugins --chown=472:0 /plugins/ /usr/share/grafana/data/plugins-bundled/
#13 DONE 0.1s

#14 exporting to image
#14 exporting layers
#14 exporting layers 1.6s done
#14 exporting manifest sha256:5d8d638d98a34241d28d2e5ee6ffdbdbaff8de1a374fbb9673e6e8e7d5b30ccd done
#14 exporting config sha256:319a5ca9bbf2ffe9671dcf88d06a5ca4208c6aa15dfc5062252d187f8cd5c94c done
#14 exporting attestation manifest sha256:b2b9d12425481d14f2bc3108e3a78e0e377f8ca222aa1fa496bbc05058fdf4f2 done
#14 exporting manifest list sha256:48fe2865f24429d982247efbf0a262a80cc744f792b34823689bda73feca6a4b done
#14 naming to docker.io/library/verity-grafana-plugins-candidate:latest done
#14 unpacking to docker.io/library/verity-grafana-plugins-candidate:latest
#14 unpacking to docker.io/library/verity-grafana-plugins-candidate:latest 0.2s done
#14 DONE 1.9s

View build details: docker-desktop://dashboard/build/desktop-linux/desktop-linux/uajrjezm6o4lckhct25n4svlw
