[2026-09-30 00:31:45,416: WARNING/ForkPoolWorker-2] 2026-09-30 00:31:45 [info     ] document_processing_complete   document_id=fc06abec-8037-4020-b08f-41340a79eaeb job_id=3d152436-4124-575c-b2d7-b58089b0061b release_id=development request_id=1fe28010-1556-4489-9f52-d1d29d681f7e trace_id=506913a663b762bbbf909c2bb877d895
[2026-09-30 00:31:45,435: INFO/ForkPoolWorker-2] Task app.workers.tasks.process_document[533c9f73-9988-41f5-b5a5-2d5a4a875884] succeeded in 3.1488956680113915s: None
[2026-09-30 00:31:45,459: INFO/MainProcess] Task app.workers.tasks.deliver_identity_mail[1b5576bc-b97a-4def-8728-70e1bf5a4ecd] received
[2026-09-30 00:31:45,560: INFO/ForkPoolWorker-2] Task app.workers.tasks.deliver_identity_mail[1b5576bc-b97a-4def-8728-70e1bf5a4ecd] succeeded in 0.09322220800095238s: {'sent': 0, 'failed': 0, 'expired': 0}
[2026-09-30 00:31:45,568: INFO/MainProcess] Task app.workers.tasks.process_document[e98f9b52-7874-4d7d-8736-da69df8d617a] received
[2026-09-30 00:31:46,045: WARNING/ForkPoolWorker-2] 2026-09-30 00:31:46 [info     ] detection_analysis_complete    abstained=True document_id=ce021abf-2502-4b48-9d28-642f20ec44a1 release_id=development request_id=1155d141-94f0-4bd9-8254-a3a5fe434d7c trace_id=e39bab36b9423b52fcd25aee64416359 verdict=insufficient_evidence
[2026-09-30 00:31:52,658: WARNING/ForkPoolWorker-1] Transient error StatusCode.UNAVAILABLE encountered while exporting traces to otel-collector:4317, retrying in 32s.
[2026-09-30 00:31:56,696: WARNING/ForkPoolWorker-2] 2026-09-30 00:31:56 [info     ] citation_intelligence_complete citations=0 claims=0 document_id=ce021abf-2502-4b48-9d28-642f20ec44a1 references=0 release_id=development request_id=1155d141-94f0-4bd9-8254-a3a5fe434d7c resolver=crossref-doi-metadata-v1 trace_id=e39bab36b9423b52fcd25aee64416359
[2026-09-30 00:31:56,730: WARNING/ForkPoolWorker-2] 2026-09-30 00:31:56 [info     ] authorship_consistency_analyzed baseline_quality=MISSING_BASELINE document_id=ce021abf-2502-4b48-9d28-642f20ec44a1 profile_id=None release_id=development request_id=1155d141-94f0-4bd9-8254-a3a5fe434d7c trace_id=e39bab36b9423b52fcd25aee64416359 verdict=INSUFFICIENT_DATA
[2026-09-30 00:31:56,772: WARNING/ForkPoolWorker-2] 2026-09-30 00:31:56 [info     ] provenance_event_recorded      document_id=ce021abf-2502-4b48-9d28-642f20ec44a1 document_version_id=0d8ef986-a426-4d00-ac1d-7f9e573dcd99 event_type=analysis_run release_id=development request_id=1155d141-94f0-4bd9-8254-a3a5fe434d7c trace_id=e39bab36b9423b52fcd25aee64416359
[2026-09-30 00:31:59,258: WARNING/ForkPoolWorker-2] Transient error StatusCode.UNAVAILABLE encountered while exporting traces to otel-collector:4317, retrying in 32s.
[2026-09-30 00:32:07,681: WARNING/ForkPoolWorker-2] 2026-09-30 00:32:07 [info     ] document_processing_complete   document_id=ce021abf-2502-4b48-9d28-642f20ec44a1 job_id=9ba7f58b-ef9c-56fd-9d23-bc3c90fa7fc6 release_id=development request_id=1155d141-94f0-4bd9-8254-a3a5fe434d7c trace_id=e39bab36b9423b52fcd25aee64416359
[2026-09-30 00:32:07,692: INFO/ForkPoolWorker-2] Task app.workers.tasks.process_document[e98f9b52-7874-4d7d-8736-da69df8d617a] succeeded in 22.122331177000888s: None
[2026-09-30 00:32:07,698: INFO/MainProcess] Task app.workers.tasks.reconcile_usage[1bc5cb17-efb6-4781-b317-7eda92c89563] received
[2026-09-30 00:32:07,753: INFO/ForkPoolWorker-2] Task app.workers.tasks.reconcile_usage[1bc5cb17-efb6-4781-b317-7eda92c89563] succeeded in 0.0514629999815952s: {'organizations': 0, 'released': 0, 'receipts_expired': 0}
[2026-09-30 00:32:07,757: INFO/MainProcess] Task app.workers.tasks.process_document[582c141e-c0f3-4e03-b2c7-ec01d7fc6b4e] received
[2026-09-30 00:32:08,015: WARNING/ForkPoolWorker-2] 2026-09-30 00:32:08 [info     ] detection_analysis_complete    abstained=True document_id=d7bcab6d-fe62-4837-a88b-3efc3189f20d release_id=development request_id=aaed413a-cd23-4154-b2c6-c2f3c02595e5 trace_id=a0addfda438353c6d3f3b7891871766e verdict=insufficient_evidence
[2026-09-30 00:32:08,660: WARNING/ForkPoolWorker-2] 2026-09-30 00:32:08 [info     ] citation_intelligence_complete citations=0 claims=0 document_id=d7bcab6d-fe62-4837-a88b-3efc3189f20d references=0 release_id=development request_id=aaed413a-cd23-4154-b2c6-c2f3c02595e5 resolver=crossref-doi-metadata-v1 trace_id=a0addfda438353c6d3f3b7891871766e
[2026-09-30 00:32:08,668: WARNING/ForkPoolWorker-2] 2026-09-30 00:32:08 [info     ] authorship_consistency_analyzed baseline_quality=MISSING_BASELINE document_id=d7bcab6d-fe62-4837-a88b-3efc3189f20d profile_id=None release_id=development request_id=aaed413a-cd23-4154-b2c6-c2f3c02595e5 trace_id=a0addfda438353c6d3f3b7891871766e verdict=INSUFFICIENT_DATA
[2026-09-30 00:32:08,674: WARNING/ForkPoolWorker-2] 2026-09-30 00:32:08 [info     ] provenance_event_recorded      document_id=d7bcab6d-fe62-4837-a88b-3efc3189f20d document_version_id=b8175823-7bce-4d67-9a2f-196ee29a37a9 event_type=analysis_run release_id=development request_id=aaed413a-cd23-4154-b2c6-c2f3c02595e5 trace_id=a0addfda438353c6d3f3b7891871766e
[2026-09-30 00:32:09,279: WARNING/ForkPoolWorker-2] 2026-09-30 00:32:09 [info     ] document_processing_complete   document_id=d7bcab6d-fe62-4837-a88b-3efc3189f20d job_id=408d17f3-1d2b-5630-b80a-f1643decafc8 release_id=development request_id=aaed413a-cd23-4154-b2c6-c2f3c02595e5 trace_id=a0addfda438353c6d3f3b7891871766e
[2026-09-30 00:32:09,281: INFO/ForkPoolWorker-2] Task app.workers.tasks.process_document[582c141e-c0f3-4e03-b2c7-ec01d7fc6b4e] succeeded in 1.522310792002827s: None
[2026-09-30 00:32:09,283: INFO/MainProcess] Task app.workers.tasks.erase_private_data[d53a22a6-a145-496a-a3e9-684aa12af215] received
[2026-09-30 00:32:24,709: WARNING/ForkPoolWorker-1] Transient error StatusCode.UNAVAILABLE encountered while exporting traces to otel-collector:4317, retrying in 1s.
[2026-09-30 00:32:25,738: WARNING/ForkPoolWorker-1] Transient error StatusCode.UNAVAILABLE encountered while exporting traces to otel-collector:4317, retrying in 2s.
[2026-09-30 00:32:27,748: WARNING/ForkPoolWorker-1] Transient error StatusCode.UNAVAILABLE encountered while exporting traces to otel-collector:4317, retrying in 4s.
[2026-09-30 00:32:31,320: WARNING/ForkPoolWorker-2] Transient error StatusCode.UNAVAILABLE encountered while exporting traces to otel-collector:4317, retrying in 1s.
[2026-09-30 00:32:31,790: WARNING/ForkPoolWorker-1] Transient error StatusCode.UNAVAILABLE encountered while exporting traces to otel-collector:4317, retrying in 8s.
[2026-09-30 00:32:32,373: WARNING/ForkPoolWorker-2] Transient error StatusCode.UNAVAILABLE encountered while exporting traces to otel-collector:4317, retrying in 2s.
[2026-09-30 00:32:34,394: WARNING/ForkPoolWorker-2] Transient error StatusCode.UNAVAILABLE encountered while exporting traces to otel-collector:4317, retrying in 4s.
[2026-09-30 00:32:38,458: WARNING/ForkPoolWorker-2] Transient error StatusCode.UNAVAILABLE encountered while exporting traces to otel-collector:4317, retrying in 8s.
[2026-09-30 00:32:39,828: WARNING/ForkPoolWorker-1] Transient error StatusCode.UNAVAILABLE encountered while exporting traces to otel-collector:4317, retrying in 16s.
[2026-09-30 00:32:46,507: WARNING/ForkPoolWorker-2] Transient error StatusCode.UNAVAILABLE encountered while exporting traces to otel-collector:4317, retrying in 16s.
[2026-09-30 00:32:55,863: WARNING/ForkPoolWorker-1] Transient error StatusCode.UNAVAILABLE encountered while exporting traces to otel-collector:4317, retrying in 32s.
[2026-09-30 00:33:02,541: WARNING/ForkPoolWorker-2] Transient error StatusCode.UNAVAILABLE encountered while exporting traces to otel-collector:4317, retrying in 32s.
