 Volume verity-core-drsource-0930_minio_data Creating 
 Volume verity-core-drsource-0930_postgres_data Creating 
 Volume verity-core-drsource-0930_redis_data Creating 
 Volume verity-core-drsource-0930_minio_data Creating 
 Volume verity-core-drsource-0930_redis_data Creating 
 Volume verity-core-drsource-0930_postgres_data Creating 
 Network verity-core-drsource-0930_azaeron-network Creating 
 Network verity-core-drsource-0930_azaeron-network Creating 
 Volume verity-core-drsource-0930_postgres_data Created 
 Volume verity-core-drsource-0930_postgres_data Created 
 Volume verity-core-drsource-0930_redis_data Created 
 Volume verity-core-drsource-0930_redis_data Created 
 Volume verity-core-drsource-0930_minio_data Created 
 Volume verity-core-drsource-0930_minio_data Created 
 Network verity-core-drsource-0930_azaeron-network Created 
 Network verity-core-drsource-0930_azaeron-network Created 
 Container verity-core-drsource-0930-postgres-1 Creating 
 Container verity-core-drsource-0930-redis-1 Creating 
 Container verity-core-drsource-0930-minio-1 Creating 
 Container verity-core-drsource-0930-mailpit-1 Creating 
 Container verity-core-drsource-0930-mailpit-1 Created 
 Container verity-core-drsource-0930-minio-1 Created 
 Container verity-core-drsource-0930-minio-init-1 Creating 
 Container verity-core-drsource-0930-postgres-1 Created 
 Container verity-core-drsource-0930-migrate-1 Creating 
 Container verity-core-drsource-0930-redis-1 Created 
 Container verity-core-drsource-0930-celery-beat-1 Creating 
 Container verity-core-drsource-0930-minio-init-1 Created 
 Container verity-core-drsource-0930-celery-beat-1 Created 
 Container verity-core-drsource-0930-migrate-1 Created 
 Container verity-core-drsource-0930-celery-worker-1 Creating 
 Container verity-core-drsource-0930-backend-1 Creating 
 Container verity-core-drsource-0930-celery-worker-1 Created 
 Container verity-core-drsource-0930-backend-1 Created 
 Container verity-core-drsource-0930-frontend-1 Creating 
 Container verity-core-drsource-0930-frontend-1 Created 
 Container verity-core-drsource-0930-mailpit-1 Starting 
 Container verity-core-drsource-0930-redis-1 Starting 
 Container verity-core-drsource-0930-minio-1 Starting 
 Container verity-core-drsource-0930-postgres-1 Starting 
 Container verity-core-drsource-0930-mailpit-1 Started 
 Container verity-core-drsource-0930-redis-1 Started 
 Container verity-core-drsource-0930-redis-1 Waiting 
 Container verity-core-drsource-0930-minio-1 Started 
 Container verity-core-drsource-0930-minio-1 Waiting 
 Container verity-core-drsource-0930-postgres-1 Started 
 Container verity-core-drsource-0930-postgres-1 Waiting 
 Container verity-core-drsource-0930-redis-1 Healthy 
 Container verity-core-drsource-0930-celery-beat-1 Starting 
 Container verity-core-drsource-0930-celery-beat-1 Started 
 Container verity-core-drsource-0930-minio-1 Healthy 
 Container verity-core-drsource-0930-minio-init-1 Starting 
 Container verity-core-drsource-0930-minio-init-1 Started 
 Container verity-core-drsource-0930-postgres-1 Healthy 
 Container verity-core-drsource-0930-migrate-1 Starting 
 Container verity-core-drsource-0930-migrate-1 Started 
 Container verity-core-drsource-0930-migrate-1 Waiting 
 Container verity-core-drsource-0930-minio-init-1 Waiting 
 Container verity-core-drsource-0930-postgres-1 Waiting 
 Container verity-core-drsource-0930-migrate-1 Waiting 
 Container verity-core-drsource-0930-minio-1 Waiting 
 Container verity-core-drsource-0930-minio-init-1 Waiting 
 Container verity-core-drsource-0930-postgres-1 Waiting 
 Container verity-core-drsource-0930-redis-1 Waiting 
 Container verity-core-drsource-0930-redis-1 Waiting 
 Container verity-core-drsource-0930-postgres-1 Healthy 
 Container verity-core-drsource-0930-postgres-1 Healthy 
 Container verity-core-drsource-0930-minio-1 Healthy 
 Container verity-core-drsource-0930-redis-1 Healthy 
 Container verity-core-drsource-0930-redis-1 Healthy 
 Container verity-core-drsource-0930-minio-init-1 Exited 
 Container verity-core-drsource-0930-minio-init-1 Exited 
 Container verity-core-drsource-0930-migrate-1 Exited 
 Container verity-core-drsource-0930-migrate-1 Exited 
 Container verity-core-drsource-0930-backend-1 Starting 
 Container verity-core-drsource-0930-celery-worker-1 Starting 
 Container verity-core-drsource-0930-backend-1 Started 
 Container verity-core-drsource-0930-backend-1 Waiting 
 Container verity-core-drsource-0930-celery-worker-1 Started 
 Container verity-core-drsource-0930-backend-1 Healthy 
 Container verity-core-drsource-0930-frontend-1 Starting 
 Container verity-core-drsource-0930-frontend-1 Started 
 Container verity-core-drsource-0930-backend-1 Waiting 
 Container verity-core-drsource-0930-celery-worker-1 Waiting 
 Container verity-core-drsource-0930-mailpit-1 Waiting 
 Container verity-core-drsource-0930-postgres-1 Waiting 
 Container verity-core-drsource-0930-celery-beat-1 Waiting 
 Container verity-core-drsource-0930-frontend-1 Waiting 
 Container verity-core-drsource-0930-migrate-1 Waiting 
 Container verity-core-drsource-0930-minio-init-1 Waiting 
 Container verity-core-drsource-0930-redis-1 Waiting 
 Container verity-core-drsource-0930-minio-1 Waiting 
 Container verity-core-drsource-0930-migrate-1 Exited 
 Container verity-core-drsource-0930-minio-init-1 Exited 
 Container verity-core-drsource-0930-celery-worker-1 Healthy 
 Container verity-core-drsource-0930-redis-1 Healthy 
 Container verity-core-drsource-0930-backend-1 Healthy 
 Container verity-core-drsource-0930-minio-1 Healthy 
 Container verity-core-drsource-0930-celery-beat-1 Healthy 
 Container verity-core-drsource-0930-postgres-1 Healthy 
 Container verity-core-drsource-0930-mailpit-1 Healthy 
 Container verity-core-drsource-0930-frontend-1 Healthy 
