Collecting httpx==0.28.1
  Using cached httpx-0.28.1-py3-none-any.whl.metadata (7.1 kB)
Collecting minio==7.2.20
  Using cached minio-7.2.20-py3-none-any.whl.metadata (6.5 kB)
Collecting psycopg==3.2.13 (from psycopg[binary]==3.2.13)
  Downloading psycopg-3.2.13-py3-none-any.whl.metadata (4.5 kB)
Collecting anyio (from httpx==0.28.1)
  Using cached anyio-4.15.1-py3-none-any.whl.metadata (4.7 kB)
Collecting certifi (from httpx==0.28.1)
  Using cached certifi-2026.7.22-py3-none-any.whl.metadata (2.5 kB)
Collecting httpcore==1.* (from httpx==0.28.1)
  Using cached httpcore-1.0.9-py3-none-any.whl.metadata (21 kB)
Collecting idna (from httpx==0.28.1)
  Using cached idna-3.20-py3-none-any.whl.metadata (7.2 kB)
Collecting argon2-cffi (from minio==7.2.20)
  Using cached argon2_cffi-25.1.0-py3-none-any.whl.metadata (4.1 kB)
Collecting pycryptodome (from minio==7.2.20)
  Using cached pycryptodome-3.23.0-cp37-abi3-macosx_10_9_universal2.whl.metadata (3.4 kB)
Collecting typing-extensions (from minio==7.2.20)
  Using cached typing_extensions-4.16.0-py3-none-any.whl.metadata (3.3 kB)
Collecting urllib3 (from minio==7.2.20)
  Using cached urllib3-2.8.0-py3-none-any.whl.metadata (7.4 kB)
Collecting psycopg-binary==3.2.13 (from psycopg[binary]==3.2.13)
  Downloading psycopg_binary-3.2.13-cp313-cp313-macosx_11_0_arm64.whl.metadata (2.9 kB)
Collecting h11>=0.16 (from httpcore==1.*->httpx==0.28.1)
  Using cached h11-0.16.0-py3-none-any.whl.metadata (8.3 kB)
Collecting argon2-cffi-bindings (from argon2-cffi->minio==7.2.20)
  Using cached argon2_cffi_bindings-26.1.0-cp310-abi3-macosx_11_0_arm64.whl.metadata (7.5 kB)
Collecting cffi>=1.0.1 (from argon2-cffi-bindings->argon2-cffi->minio==7.2.20)
  Using cached cffi-2.1.1-cp313-cp313-macosx_11_0_arm64.whl.metadata (2.5 kB)
Collecting pycparser (from cffi>=1.0.1->argon2-cffi-bindings->argon2-cffi->minio==7.2.20)
  Using cached pycparser-3.0-py3-none-any.whl.metadata (8.2 kB)
Using cached httpx-0.28.1-py3-none-any.whl (73 kB)
Using cached minio-7.2.20-py3-none-any.whl (93 kB)
Downloading psycopg-3.2.13-py3-none-any.whl (206 kB)
Downloading psycopg_binary-3.2.13-cp313-cp313-macosx_11_0_arm64.whl (4.1 MB)
   ━━━━━━━━━━━━━━━━━━━━━━━━━━━━━━━━━━━━━━━━ 4.1/4.1 MB 11.6 MB/s  0:00:00
Using cached httpcore-1.0.9-py3-none-any.whl (78 kB)
Using cached h11-0.16.0-py3-none-any.whl (37 kB)
Using cached anyio-4.15.1-py3-none-any.whl (132 kB)
Using cached idna-3.20-py3-none-any.whl (69 kB)
Using cached typing_extensions-4.16.0-py3-none-any.whl (45 kB)
Using cached argon2_cffi-25.1.0-py3-none-any.whl (14 kB)
Using cached argon2_cffi_bindings-26.1.0-cp310-abi3-macosx_11_0_arm64.whl (25 kB)
Using cached cffi-2.1.1-cp313-cp313-macosx_11_0_arm64.whl (184 kB)
Using cached certifi-2026.7.22-py3-none-any.whl (136 kB)
Using cached pycparser-3.0-py3-none-any.whl (48 kB)
Using cached pycryptodome-3.23.0-cp37-abi3-macosx_10_9_universal2.whl (2.5 MB)
Using cached urllib3-2.8.0-py3-none-any.whl (135 kB)
Installing collected packages: urllib3, typing-extensions, pycryptodome, pycparser, psycopg-binary, psycopg, idna, h11, certifi, httpcore, cffi, anyio, httpx, argon2-cffi-bindings, argon2-cffi, minio

Successfully installed anyio-4.15.1 argon2-cffi-25.1.0 argon2-cffi-bindings-26.1.0 certifi-2026.7.22 cffi-2.1.1 h11-0.16.0 httpcore-1.0.9 httpx-0.28.1 idna-3.20 minio-7.2.20 psycopg-3.2.13 psycopg-binary-3.2.13 pycparser-3.0 pycryptodome-3.23.0 typing-extensions-4.16.0 urllib3-2.8.0

[notice] A new release of pip is available: 25.2 -> 26.2.1
[notice] To update, run: /tmp/verity-core-recovery-tools/bin/python -m pip install --upgrade pip
