 Container azaeron-verity-cert-backend-run-803cc69863d3 Creating 
 Container azaeron-verity-cert-backend-run-803cc69863d3 Created 
/usr/local/lib/python3.12/site-packages/pytest_asyncio/plugin.py:208: PytestDeprecationWarning: The configuration option "asyncio_default_fixture_loop_scope" is unset.
The event loop scope for asynchronous fixtures will default to the fixture caching scope. Future versions of pytest-asyncio will default the loop scope for asynchronous fixtures to function scope. Set the default fixture loop scope explicitly in order to avoid unexpected behavior in the future. Valid fixture loop scopes are: "function", "class", "module", "package", "session"

  warnings.warn(PytestDeprecationWarning(_DEFAULT_FIXTURE_LOOP_SCOPE_UNSET))
============================= test session starts ==============================
platform linux -- Python 3.12.14, pytest-8.3.0, pluggy-1.6.0
rootdir: /app
configfile: pytest.ini
plugins: anyio-4.14.2, Faker-30.0.0, asyncio-0.24.0
asyncio: mode=Mode.AUTO, default_loop_scope=None
collected 14 items

tests/integration/test_postgres_rls.py ..............                    [100%]

=============================== warnings summary ===============================
../usr/local/lib/python3.12/site-packages/starlette/formparsers.py:12
  /usr/local/lib/python3.12/site-packages/starlette/formparsers.py:12: PendingDeprecationWarning: Please use `import python_multipart` instead.
    import multipart

app/modules/auth/schemas.py:43
  /app/app/modules/auth/schemas.py:43: PydanticDeprecatedSince20: Pydantic V1 style `@validator` validators are deprecated. You should migrate to Pydantic V2 style `@field_validator` validators, see the migration guide for more details. Deprecated in Pydantic V2.0 to be removed in V3.0. See Pydantic V2 Migration Guide at https://errors.pydantic.dev/2.9/migration/
    @validator("password")

../usr/local/lib/python3.12/site-packages/pydantic/_internal/_config.py:291: 11 warnings
  /usr/local/lib/python3.12/site-packages/pydantic/_internal/_config.py:291: PydanticDeprecatedSince20: Support for class-based `config` is deprecated, use ConfigDict instead. Deprecated in Pydantic V2.0 to be removed in V3.0. See Pydantic V2 Migration Guide at https://errors.pydantic.dev/2.9/migration/
    warnings.warn(DEPRECATION_MESSAGE, DeprecationWarning)

../usr/local/lib/python3.12/site-packages/pydantic/_internal/_fields.py:132
  /usr/local/lib/python3.12/site-packages/pydantic/_internal/_fields.py:132: UserWarning: Field "model_version" in DocumentContentResponse has conflict with protected namespace "model_".
  
  You may be able to resolve this warning by setting `model_config['protected_namespaces'] = ()`.
    warnings.warn(

../usr/local/lib/python3.12/site-packages/pydantic/_internal/_fields.py:132
  /usr/local/lib/python3.12/site-packages/pydantic/_internal/_fields.py:132: UserWarning: Field "model_version" in SimilarityMatchResponse has conflict with protected namespace "model_".
  
  You may be able to resolve this warning by setting `model_config['protected_namespaces'] = ()`.
    warnings.warn(

../usr/local/lib/python3.12/site-packages/pydantic/_internal/_fields.py:132
  /usr/local/lib/python3.12/site-packages/pydantic/_internal/_fields.py:132: UserWarning: Field "model_version" in CitationFindingResponse has conflict with protected namespace "model_".
  
  You may be able to resolve this warning by setting `model_config['protected_namespaces'] = ()`.
    warnings.warn(

../usr/local/lib/python3.12/site-packages/pydantic/_internal/_fields.py:132
  /usr/local/lib/python3.12/site-packages/pydantic/_internal/_fields.py:132: UserWarning: Field "model_version" in AuthorshipSignalResponse has conflict with protected namespace "model_".
  
  You may be able to resolve this warning by setting `model_config['protected_namespaces'] = ()`.
    warnings.warn(

../usr/local/lib/python3.12/site-packages/pydantic/_internal/_fields.py:132
  /usr/local/lib/python3.12/site-packages/pydantic/_internal/_fields.py:132: UserWarning: Field "model_id" in ProvenanceAnalysisRunResponse has conflict with protected namespace "model_".
  
  You may be able to resolve this warning by setting `model_config['protected_namespaces'] = ()`.
    warnings.warn(

../usr/local/lib/python3.12/site-packages/pydantic/_internal/_fields.py:132
  /usr/local/lib/python3.12/site-packages/pydantic/_internal/_fields.py:132: UserWarning: Field "model_version" in ProvenanceAnalysisRunResponse has conflict with protected namespace "model_".
  
  You may be able to resolve this warning by setting `model_config['protected_namespaces'] = ()`.
    warnings.warn(

../usr/local/lib/python3.12/site-packages/pydantic/_internal/_fields.py:132
  /usr/local/lib/python3.12/site-packages/pydantic/_internal/_fields.py:132: UserWarning: Field "model_version" in ProvenanceEventResponse has conflict with protected namespace "model_".
  
  You may be able to resolve this warning by setting `model_config['protected_namespaces'] = ()`.
    warnings.warn(

-- Docs: https://docs.pytest.org/en/stable/how-to/capture-warnings.html
======================= 14 passed, 20 warnings in 6.14s ========================
