 Container verity-burndown-verification-run-25e06ca173dd Creating 
 Container verity-burndown-verification-run-25e06ca173dd Created 
============================= test session starts ==============================
platform linux -- Python 3.12.14, pytest-9.1.1, pluggy-1.6.0
rootdir: /app
configfile: pytest.ini
plugins: asyncio-1.4.0, Faker-30.0.0, anyio-4.15.1
asyncio: mode=Mode.AUTO, debug=False, asyncio_default_fixture_loop_scope=None, asyncio_default_test_loop_scope=function
collected 251 items

tests/security/test_document_mutation_authorization.py ......            [  2%]
tests/security/test_failure_privacy.py ..                                [  3%]
tests/security/test_readonly_permissions.py ..                           [  3%]
tests/security/test_security_gate.py ...                                 [  5%]
tests/security/test_session_boundary.py ...........                      [  9%]
tests/security/test_tenant_authorization.py ..                           [ 10%]
tests/security/test_upload_validation.py ....                            [ 11%]
tests/security/test_zero_external_ai.py .........                        [ 15%]
tests/test_aegiswrite.py ....                                            [ 17%]
tests/test_api_keys.py ......                                            [ 19%]
tests/test_auth.py .........                                             [ 23%]
tests/test_authorship_consistency.py ...                                 [ 24%]
tests/test_capability_contract.py ...                                    [ 25%]
tests/test_citation_intelligence.py ..                                   [ 26%]
tests/test_detector_calibration_protocol.py ....                         [ 27%]
tests/test_detector_intelligence.py .......                              [ 30%]
tests/test_document_intelligence.py ..........                           [ 34%]
tests/test_editor_revisions.py ....                                      [ 36%]
tests/test_evidence_graph.py ....                                        [ 37%]
tests/test_evidence_report.py ...                                        [ 39%]
tests/test_failure_gate.py ......                                        [ 41%]
tests/test_governance.py ...                                             [ 42%]
tests/test_identity.py .......                                           [ 45%]
tests/test_lineage_contract.py ...................                       [ 52%]
tests/test_observability.py ....                                         [ 54%]
tests/test_operations.py ....                                            [ 56%]
tests/test_organization_state_contract.py ..                             [ 56%]
tests/test_privacy.py .........                                          [ 60%]
tests/test_private_inference.py .......................                  [ 69%]
tests/test_provenance.py ..                                              [ 70%]
tests/test_refine_invariants.py ................                         [ 76%]
tests/test_semantic_verification.py .................                    [ 83%]
tests/test_similarity_engine.py .....                                    [ 85%]
tests/test_similarity_workflow.py .......                                [ 88%]
tests/test_storage_urls.py .                                             [ 88%]
tests/test_transaction_boundary.py ..                                    [ 89%]
tests/test_usage.py ....                                                 [ 91%]
tests/test_validation_gate.py ......                                     [ 93%]
tests/test_worker_redelivery.py ....                                     [ 95%]
tests/test_workspace_onboarding.py ............                          [100%]

======================== 251 passed in 87.79s (0:01:27) ========================
