Unable to find image 'aquasec/trivy@sha256:62b1e65e8869bc4b4c6aa4fa2b21595256c7c2f6018a9d9ad61caf87187c1969' locally
docker.io/aquasec/trivy@sha256:62b1e65e8869bc4b4c6aa4fa2b21595256c7c2f6018a9d9ad61caf87187c1969: Pulling from aquasec/trivy
55afa1ecc21d: Already exists
0c664a59f299: Pulling fs layer
9b17763e725d: Pulling fs layer
99f1ca71a2b5: Pulling fs layer
99f1ca71a2b5: Download complete
0c664a59f299: Verifying Checksum
0c664a59f299: Download complete
9b17763e725d: Verifying Checksum
9b17763e725d: Download complete
0c664a59f299: Pull complete
9b17763e725d: Pull complete
99f1ca71a2b5: Pull complete
Digest: sha256:62b1e65e8869bc4b4c6aa4fa2b21595256c7c2f6018a9d9ad61caf87187c1969
Status: Downloaded newer image for aquasec/trivy@sha256:62b1e65e8869bc4b4c6aa4fa2b21595256c7c2f6018a9d9ad61caf87187c1969
2026-09-30T18:14:47Z	INFO	[vulndb] Need to update DB
2026-09-30T18:14:47Z	INFO	[vulndb] Downloading vulnerability DB...
2026-09-30T18:14:47Z	INFO	[vulndb] Downloading artifact...	repo="mirror.gcr.io/aquasec/trivy-db:2"
3.03 MiB / 118.54 MiB [->____________________________________________________________] 2.56% ? p/s ?31.93 MiB / 118.54 MiB [---------------->___________________________________________] 26.94% ? p/s ?65.67 MiB / 118.54 MiB [--------------------------------->__________________________] 55.40% ? p/s ?103.22 MiB / 118.54 MiB [--------------------------------------->_____] 87.08% 167.09 MiB p/s ETA 0s118.54 MiB / 118.54 MiB [------------------------------------------->] 100.00% 167.09 MiB p/s ETA 0s118.54 MiB / 118.54 MiB [------------------------------------------->] 100.00% 167.09 MiB p/s ETA 0s118.54 MiB / 118.54 MiB [------------------------------------------->] 100.00% 157.95 MiB p/s ETA 0s118.54 MiB / 118.54 MiB [------------------------------------------->] 100.00% 157.95 MiB p/s ETA 0s118.54 MiB / 118.54 MiB [------------------------------------------->] 100.00% 157.95 MiB p/s ETA 0s118.54 MiB / 118.54 MiB [------------------------------------------->] 100.00% 147.76 MiB p/s ETA 0s118.54 MiB / 118.54 MiB [------------------------------------------->] 100.00% 147.76 MiB p/s ETA 0s118.54 MiB / 118.54 MiB [------------------------------------------->] 100.00% 147.76 MiB p/s ETA 0s118.54 MiB / 118.54 MiB [------------------------------------------->] 100.00% 138.23 MiB p/s ETA 0s118.54 MiB / 118.54 MiB [------------------------------------------->] 100.00% 138.23 MiB p/s ETA 0s118.54 MiB / 118.54 MiB [------------------------------------------->] 100.00% 138.23 MiB p/s ETA 0s118.54 MiB / 118.54 MiB [------------------------------------------->] 100.00% 129.31 MiB p/s ETA 0s118.54 MiB / 118.54 MiB [------------------------------------------->] 100.00% 129.31 MiB p/s ETA 0s118.54 MiB / 118.54 MiB [------------------------------------------->] 100.00% 129.31 MiB p/s ETA 0s118.54 MiB / 118.54 MiB [------------------------------------------->] 100.00% 120.97 MiB p/s ETA 0s118.54 MiB / 118.54 MiB [------------------------------------------->] 100.00% 120.97 MiB p/s ETA 0s118.54 MiB / 118.54 MiB [-----------------------------------------------] 100.00% 31.08 MiB p/s 4.0s2026-09-30T18:14:51Z	INFO	[vulndb] Artifact successfully downloaded	repo="mirror.gcr.io/aquasec/trivy-db:2"
2026-09-30T18:14:51Z	INFO	[vuln] Vulnerability scanning is enabled
2026-09-30T18:14:53Z	INFO	[python] Licenses acquired from one or more METADATA files may be subject to additional terms. Use `--debug` flag to see all affected packages.
2026-09-30T18:14:53Z	INFO	Detected OS	family="debian" version="13.7"
2026-09-30T18:14:53Z	INFO	[debian] Detecting vulnerabilities...	os_version="13" pkg_num=17
2026-09-30T18:14:53Z	INFO	Number of language-specific files	num=1
2026-09-30T18:14:53Z	INFO	[python-pkg] Detecting vulnerabilities...
2026-09-30T18:14:53Z	WARN	Using severities from other vendors for some vulnerabilities. Read https://trivy.dev/docs/v0.74/guide/scanner/vulnerability#severity-selection for details.
