azaeron-verity-r10-runtime:latest: vulnerabilities → PASS
azaeron-verity-r10-runtime:latest: sbom → PASS
azaeron-verity-r9-frontend:latest: vulnerabilities → PASS
azaeron-verity-r9-frontend:latest: sbom → PASS
azaeron-verity-r6-verification:latest: vulnerabilities → FAIL
azaeron-verity-r6-verification:latest: sbom → PASS
pgvector/pgvector:pg16: vulnerabilities → FAIL
pgvector/pgvector:pg16: sbom → PASS
redis:7-alpine: vulnerabilities → FAIL
redis:7-alpine: sbom → PASS
minio/minio:latest: vulnerabilities → FAIL
minio/minio:latest: sbom → PASS
minio/mc:latest: vulnerabilities → FAIL
minio/mc:latest: sbom → PASS
prom/prometheus:latest: vulnerabilities → FAIL
prom/prometheus:latest: sbom → PASS
grafana/grafana:latest: vulnerabilities → FAIL
grafana/grafana:latest: sbom → PASS
jaegertracing/all-in-one:1.62.0: vulnerabilities → FAIL
jaegertracing/all-in-one:1.62.0: sbom → PASS
otel/opentelemetry-collector-contrib:0.111.0: vulnerabilities → FAIL
otel/opentelemetry-collector-contrib:0.111.0: sbom → PASS
axllent/mailpit:v1.31.2: vulnerabilities → PASS
axllent/mailpit:v1.31.2: sbom → PASS
