
> azaeron-frontend@1.0.0 test
> playwright test --workers=1


Running 18 tests using 1 worker

(node:56342) Warning: The 'NO_COLOR' env is ignored due to the 'FORCE_COLOR' env being set.
(Use `node --trace-warnings ...` to show where the warning was created)


[1/18] [chromium] › tests/accessibility-live.spec.ts:13:5 › keyboard login and refinement; critical pages have no automated WCAG AA violations
[2/18] [chromium] › tests/editor-live.spec.ts:4:5 › editor: selective acceptance, reload, restore, offline recovery and lost-response retry
[3/18] [chromium] › tests/onboarding.spec.ts:54:5 › an expired access cookie refreshes with a valid request body and restores the workspace
[4/18] [chromium] › tests/onboarding.spec.ts:63:7 › onboarding gives student the server-provided starting workflow
[5/18] [chromium] › tests/onboarding.spec.ts:63:7 › onboarding gives teacher the server-provided starting workflow
[6/18] [chromium] › tests/onboarding.spec.ts:63:7 › onboarding gives professor the server-provided starting workflow
[7/18] [chromium] › tests/onboarding.spec.ts:63:7 › onboarding gives researcher the server-provided starting workflow
[8/18] [chromium] › tests/onboarding.spec.ts:63:7 › onboarding gives reviewer the server-provided starting workflow
[9/18] [chromium] › tests/onboarding.spec.ts:63:7 › onboarding gives institution the server-provided starting workflow
[10/18] [chromium] › tests/onboarding.spec.ts:76:5 › a document workflow offers workspace creation inline
[11/18] [chromium] › tests/onboarding.spec.ts:86:5 › revoked recent membership falls back only after server validation
[12/18] [chromium] › tests/onboarding.spec.ts:95:5 › failed switching hides tenant data and offers a working retry
[13/18] [chromium] › tests/onboarding.spec.ts:111:5 › cached workspace IDs cannot override the server's active membership
[14/18] [chromium] › tests/workspace.spec.ts:3:5 › public workspace keeps analysis evidence-based and editorial work authenticated
[15/18] [chromium] › tests/workspace.spec.ts:13:5 › public navigation remains usable on a narrow viewport
(node:56375) Warning: The 'NO_COLOR' env is ignored due to the 'FORCE_COLOR' env being set.
(Use `node --trace-warnings ...` to show where the warning was created)


[16/18] [chromium] › tests/document-intelligence-live.spec.ts:6:5 › document core: upload, analyze and switch immutable versions across existing views
  1) [chromium] › tests/document-intelligence-live.spec.ts:6:5 › document core: upload, analyze and switch immutable versions across existing views 

    Error: expect(locator).toBeVisible() failed

    Locator: getByText('immutable version cd57ffc0-cdf4-4040-a4a5-738a54fb9ee8')
    Expected: visible
    Timeout: 5000ms
    Error: element(s) not found

    Call log:
      - Expect "toBeVisible" with timeout 5000ms
      - waiting for getByText('immutable version cd57ffc0-cdf4-4040-a4a5-738a54fb9ee8')


      118 |   await expect(page.getByLabel("Document analysis version")).toHaveValue(v1);
      119 |   await page.getByRole("link", { name: "Improve with Write", exact: true }).click();
    > 120 |   await expect(page.getByText(`immutable version ${v1}`, { exact: false })).toBeVisible();
          |                                                                             ^
      121 |   await page.goto(`/evidence-graph?document=${document.id}&version=${v1}`);
      122 |   await expect(page.getByLabel("Module document version")).toHaveValue(v1);
      123 |
        at /Users/ajmiraribam/Projects/azaeron_humanize/frontend/tests/document-intelligence-live.spec.ts:120:77

    attachment #1: video (video/webm) ──────────────────────────────────────────────────────────────
    test-results/document-intelligence-live-7df75-sions-across-existing-views-chromium/video.webm
    ────────────────────────────────────────────────────────────────────────────────────────────────

    Error Context: test-results/document-intelligence-live-7df75-sions-across-existing-views-chromium/error-context.md

    attachment #3: trace (application/zip) ─────────────────────────────────────────────────────────
    test-results/document-intelligence-live-7df75-sions-across-existing-views-chromium/trace.zip
    Usage:

        npx playwright show-trace test-results/document-intelligence-live-7df75-sions-across-existing-views-chromium/trace.zip

    ────────────────────────────────────────────────────────────────────────────────────────────────


(node:56391) Warning: The 'NO_COLOR' env is ignored due to the 'FORCE_COLOR' env being set.
(Use `node --trace-warnings ...` to show where the warning was created)


[17/18] [chromium] › tests/onboarding-live.spec.ts:5:5 › live signup, personal workspace, upload, refresh and persistent switching
[18/18] [chromium] › tests/similarity-live.spec.ts:7:5 › similarity: real corpus, evidence, exclusions, pagination and immutable versions
  1 failed
    [chromium] › tests/document-intelligence-live.spec.ts:6:5 › document core: upload, analyze and switch immutable versions across existing views 
  17 passed (36.2s)
