 Container verity-burndown-verification-run-4bdcbf801580 Creating 
 Container verity-burndown-verification-run-4bdcbf801580 Created 
{
  "scope": "synthetic local application performance; not model inference or production capacity",
  "platform": "Linux-7.0.12-linuxkit-aarch64-with-glibc2.41",
  "dataset": {
    "documents": 8,
    "initial_bytes": [
      779,
      779,
      779,
      779,
      779,
      779,
      7691,
      7691
    ],
    "processing_jobs": 16
  },
  "profiles": [
    {
      "workload": "analysis",
      "concurrency": 4,
      "requests": 4,
      "latency_ms": {
        "p50": 126.927,
        "p95": 133.943,
        "p99": 133.943
      },
      "status_counts": {
        "200": 4
      },
      "unexpected_error_rate": 0.0,
      "max_response_bytes": 362
    },
    {
      "workload": "api_key_read",
      "concurrency": 4,
      "requests": 4,
      "latency_ms": {
        "p50": 103.628,
        "p95": 104.735,
        "p99": 104.735
      },
      "status_counts": {
        "200": 4
      },
      "unexpected_error_rate": 0.0,
      "max_response_bytes": 624
    },
    {
      "workload": "document_list",
      "concurrency": 4,
      "requests": 4,
      "latency_ms": {
        "p50": 41.641,
        "p95": 42.465,
        "p99": 42.465
      },
      "status_counts": {
        "200": 4
      },
      "unexpected_error_rate": 0.0,
      "max_response_bytes": 3173
    },
    {
      "workload": "document_read",
      "concurrency": 4,
      "requests": 4,
      "latency_ms": {
        "p50": 76.04,
        "p95": 77.724,
        "p99": 77.724
      },
      "status_counts": {
        "200": 4
      },
      "unexpected_error_rate": 0.0,
      "max_response_bytes": 624
    },
    {
      "workload": "document_save",
      "concurrency": 4,
      "requests": 4,
      "latency_ms": {
        "p50": 292.345,
        "p95": 362.218,
        "p99": 362.218
      },
      "status_counts": {
        "200": 4
      },
      "unexpected_error_rate": 0.0,
      "max_response_bytes": 845
    },
    {
      "workload": "job_creation",
      "concurrency": 1,
      "requests": 8,
      "latency_ms": {
        "p50": 76.115,
        "p95": 91.21,
        "p99": 91.21
      },
      "status_counts": {
        "200": 8
      },
      "unexpected_error_rate": 0.0,
      "max_response_bytes": 599
    },
    {
      "workload": "job_poll",
      "concurrency": 4,
      "requests": 4,
      "latency_ms": {
        "p50": 43.547,
        "p95": 44.883,
        "p99": 44.883
      },
      "status_counts": {
        "200": 4
      },
      "unexpected_error_rate": 0.0,
      "max_response_bytes": 20442
    },
    {
      "workload": "revision_conflict",
      "concurrency": 4,
      "requests": 8,
      "latency_ms": {
        "p50": 279.775,
        "p95": 2343.594,
        "p99": 2343.594
      },
      "status_counts": {
        "200": 4,
        "409": 4
      },
      "unexpected_error_rate": 0.0,
      "max_response_bytes": 845
    },
    {
      "workload": "version_history",
      "concurrency": 4,
      "requests": 4,
      "latency_ms": {
        "p50": 69.877,
        "p95": 71.152,
        "p99": 71.152
      },
      "status_counts": {
        "200": 4
      },
      "unexpected_error_rate": 0.0,
      "max_response_bytes": 4847
    }
  ],
  "model_inference": "BLOCKED: approved assets/hardware unavailable",
  "result": "PASS"
}
