 Container azaeron-verity-cert-verification-run-b9a23d56faff Creating 
 Container azaeron-verity-cert-verification-run-b9a23d56faff Created 
Traceback (most recent call last):
  File "<frozen runpy>", line 198, in _run_module_as_main
  File "<frozen runpy>", line 88, in _run_code
  File "/app/scripts/application_load.py", line 398, in <module>
    asyncio.run(main(parser.parse_args()))
  File "/usr/local/lib/python3.12/asyncio/runners.py", line 195, in run
    return runner.run(main)
           ^^^^^^^^^^^^^^^^
  File "/usr/local/lib/python3.12/asyncio/runners.py", line 118, in run
    return self._loop.run_until_complete(task)
           ^^^^^^^^^^^^^^^^^^^^^^^^^^^^^^^^^^^
  File "/usr/local/lib/python3.12/asyncio/base_events.py", line 691, in run_until_complete
    return future.result()
           ^^^^^^^^^^^^^^^
  File "/app/scripts/application_load.py", line 325, in main
    await asyncio.gather(*(workload(name, i) for i in range(count)))
  File "/app/scripts/application_load.py", line 300, in workload
    assert sorted(
           ^^^^^^^
AssertionError

