 Container verity-core-0929-verification-run-a670af5f6886 Creating 
 Container verity-core-0929-verification-run-a670af5f6886 Created 
============================= test session starts ==============================
platform linux -- Python 3.12.14, pytest-9.1.1, pluggy-1.6.0
rootdir: /app
configfile: pytest.ini
plugins: anyio-4.15.1, asyncio-1.4.0, Faker-30.0.0
asyncio: mode=Mode.AUTO, debug=False, asyncio_default_fixture_loop_scope=None, asyncio_default_test_loop_scope=function
collected 292 items

tests/security/test_document_mutation_authorization.py ......            [  2%]
tests/security/test_failure_privacy.py ..                                [  2%]
tests/security/test_readonly_permissions.py ..                           [  3%]
tests/security/test_security_gate.py ...                                 [  4%]
tests/security/test_session_boundary.py ...........                      [  8%]
tests/security/test_tenant_authorization.py ..                           [  8%]
tests/security/test_upload_validation.py ....                            [ 10%]
tests/security/test_zero_external_ai.py .........                        [ 13%]
tests/test_aegiswrite.py ....                                            [ 14%]
tests/test_agent.py ...............                                      [ 19%]
tests/test_agent_voice_corpus.py ..                                      [ 20%]
tests/test_api_keys.py ......                                            [ 22%]
tests/test_auth.py .........                                             [ 25%]
tests/test_authorship_consistency.py ...                                 [ 26%]
tests/test_candidate_program.py ...............                          [ 31%]
tests/test_capability_contract.py ...                                    [ 32%]
tests/test_citation_intelligence.py ..                                   [ 33%]
tests/test_detector_calibration_protocol.py ....                         [ 34%]
tests/test_detector_intelligence.py .......                              [ 37%]
tests/test_document_intelligence.py ..........                           [ 40%]
tests/test_editor_revisions.py ....                                      [ 42%]
tests/test_evidence_graph.py ....                                        [ 43%]
tests/test_evidence_report.py ...                                        [ 44%]
tests/test_failure_gate.py ......                                        [ 46%]
tests/test_governance.py ...                                             [ 47%]
tests/test_identity.py .......                                           [ 50%]
tests/test_lineage_contract.py ...................                       [ 56%]
tests/test_model_platform.py .........                                   [ 59%]
tests/test_observability.py ....                                         [ 60%]
tests/test_operations.py ....                                            [ 62%]
tests/test_organization_state_contract.py ..                             [ 63%]
tests/test_privacy.py .........                                          [ 66%]
tests/test_private_inference.py .......................                  [ 73%]
tests/test_provenance.py ..                                              [ 74%]
tests/test_refine_invariants.py ................                         [ 80%]
tests/test_semantic_verification.py .................                    [ 85%]
tests/test_similarity_engine.py .....                                    [ 87%]
tests/test_similarity_workflow.py .......                                [ 90%]
tests/test_storage_urls.py .                                             [ 90%]
tests/test_transaction_boundary.py ..                                    [ 91%]
tests/test_usage.py ....                                                 [ 92%]
tests/test_validation_gate.py ......                                     [ 94%]
tests/test_worker_redelivery.py ....                                     [ 95%]
tests/test_workspace_onboarding.py ............                          [100%]

=============================== warnings summary ===============================
tests/test_candidate_program.py::test_five_split_leakage_rejected[group]
tests/test_candidate_program.py::test_five_split_leakage_rejected[input]
tests/test_candidate_program.py::test_five_split_leakage_rejected[id]
tests/test_candidate_program.py::test_five_split_leakage_rejected[generator_family]
tests/test_candidate_program.py::test_dataset_reviews_bound_and_customer_data_rejected
  /usr/local/lib/python3.12/site-packages/pydantic/main.py:475: UserWarning: Pydantic serializer warnings:
    PydanticSerializationUnexpectedValue(Expected `FileRef` - serialized value may not be as expected [field_name='review', input_value={'path': 'review.json', '...e09fc5dcf4787b52ccca5e'}, input_type=dict])
    return self.__pydantic_serializer__.to_python(

tests/test_candidate_program.py::test_five_split_leakage_rejected[group]
  /usr/local/lib/python3.12/site-packages/pydantic/main.py:475: UserWarning: Pydantic serializer warnings:
    PydanticSerializationUnexpectedValue(Expected `FileRef` - serialized value may not be as expected [field_name='review', input_value={'path': 'review.json', '...559e6c586a5c7357d3a8db'}, input_type=dict])
    return self.__pydantic_serializer__.to_python(

tests/test_candidate_program.py::test_five_split_leakage_rejected[input]
  /usr/local/lib/python3.12/site-packages/pydantic/main.py:475: UserWarning: Pydantic serializer warnings:
    PydanticSerializationUnexpectedValue(Expected `FileRef` - serialized value may not be as expected [field_name='review', input_value={'path': 'review.json', '...f7f62af871cd2be1598110'}, input_type=dict])
    return self.__pydantic_serializer__.to_python(

tests/test_candidate_program.py::test_five_split_leakage_rejected[id]
  /usr/local/lib/python3.12/site-packages/pydantic/main.py:475: UserWarning: Pydantic serializer warnings:
    PydanticSerializationUnexpectedValue(Expected `FileRef` - serialized value may not be as expected [field_name='review', input_value={'path': 'review.json', '...e37f5f5bfb97fc67f4aa1f'}, input_type=dict])
    return self.__pydantic_serializer__.to_python(

tests/test_candidate_program.py::test_five_split_leakage_rejected[generator_family]
  /usr/local/lib/python3.12/site-packages/pydantic/main.py:475: UserWarning: Pydantic serializer warnings:
    PydanticSerializationUnexpectedValue(Expected `FileRef` - serialized value may not be as expected [field_name='review', input_value={'path': 'review.json', '...d7881d058904014086a026'}, input_type=dict])
    return self.__pydantic_serializer__.to_python(

-- Docs: https://docs.pytest.org/en/stable/how-to/capture-warnings.html
================== 292 passed, 9 warnings in 89.93s (0:01:29) ==================
